209.85.224.91 - - [24/Aug/2011:13:11:29 -0500] "GET /wp-content/themes/education/images/rss.png HTTP/1.1" 200 526 "http://npcassoc.org/journal/table-of-contents/vol-2-no-3" "Mozilla/5.0 (X11; Linux x86_64) AppleWebKit/534.24 (KHTML, like Gecko; Google Web Preview) Chrome/11.0.696 Safari/534.24"
209.85.224.90 - - [24/Aug/2011:13:11:29 -0500] "GET /wp-content/themes/education/images/nav.png HTTP/1.1" 200 193 "http://npcassoc.org/journal/table-of-contents/vol-2-no-3" "Mozilla/5.0 (X11; Linux x86_64) AppleWebKit/534.24 (KHTML, like Gecko; Google Web Preview) Chrome/11.0.696 Safari/534.24"
209.85.224.94 - - [24/Aug/2011:13:11:29 -0500] "GET /wp-content/themes/education/images/sidebar-top.png HTTP/1.1" 200 3738 "http://npcassoc.org/journal/table-of-contents/vol-2-no-3" "Mozilla/5.0 (X11; Linux x86_64) AppleWebKit/534.24 (KHTML, like Gecko; Google Web Preview) Chrome/11.0.696 Safari/534.24"
209.85.224.81 - - [24/Aug/2011:13:11:30 -0500] "GET /wp-content/themes/education/images/navline.png HTTP/1.1" 200 117 "http://npcassoc.org/journal/table-of-contents/vol-2-no-3" "Mozilla/5.0 (X11; Linux x86_64) AppleWebKit/534.24 (KHTML, like Gecko; Google Web Preview) Chrome/11.0.696 Safari/534.24"
209.85.224.97 - - [24/Aug/2011:13:11:30 -0500] "GET /wp-content/themes/education/images/footer.png HTTP/1.1" 200 118 "http://npcassoc.org/journal/table-of-contents/vol-2-no-3" "Mozilla/5.0 (X11; Linux x86_64) AppleWebKit/534.24 (KHTML, like Gecko; Google Web Preview) Chrome/11.0.696 Safari/534.24"
209.85.224.97 - - [24/Aug/2011:13:11:30 -0500] "GET /wp-content/themes/education/images/inner.png HTTP/1.1" 200 148 "http://npcassoc.org/journal/table-of-contents/vol-2-no-3" "Mozilla/5.0 (X11; Linux x86_64) AppleWebKit/534.24 (KHTML, like Gecko; Google Web Preview) Chrome/11.0.696 Safari/534.24"
209.85.224.92 - - [24/Aug/2011:13:11:30 -0500] "GET /wp-content/themes/education/images/content-top.png HTTP/1.1" 200 8240 "http://npcassoc.org/journal/table-of-contents/vol-2-no-3" "Mozilla/5.0 (X11; Linux x86_64) AppleWebKit/534.24 (KHTML, like Gecko; Google Web Preview) Chrome/11.0.696 Safari/534.24"
209.85.224.94 - - [24/Aug/2011:13:11:30 -0500] "GET /wp-content/themes/education/images/footer-top.png HTTP/1.1" 200 195 "http://npcassoc.org/journal/table-of-contents/vol-2-no-3" "Mozilla/5.0 (X11; Linux x86_64) AppleWebKit/534.24 (KHTML, like Gecko; Google Web Preview) Chrome/11.0.696 Safari/534.24"
209.85.224.95 - - [24/Aug/2011:13:11:30 -0500] "GET /wp-content/themes/education/images/arrow-down.png HTTP/1.1" 200 159 "http://npcassoc.org/journal/table-of-contents/vol-2-no-3" "Mozilla/5.0 (X11; Linux x86_64) AppleWebKit/534.24 (KHTML, like Gecko; Google Web Preview) Chrome/11.0.696 Safari/534.24"
209.85.224.95 - - [24/Aug/2011:13:11:30 -0500] "GET /wp-content/themes/education/images/arrow-right.png HTTP/1.1" 200 163 "http://npcassoc.org/journal/table-of-contents/vol-2-no-3" "Mozilla/5.0 (X11; Linux x86_64) AppleWebKit/534.24 (KHTML, like Gecko; Google Web Preview) Chrome/11.0.696 Safari/534.24"
119.63.196.22 - - [24/Aug/2011:16:17:37 -0500] "GET / HTTP/1.1" 200 6539 "-" "Mozilla/5.0 (compatible; Baiduspider/2.0; +http://www.baidu.com/search/spider.html)"
123.125.71.98 - - [24/Aug/2011:19:59:14 -0500] "GET / HTTP/1.1" 200 6539 "-" "Mozilla/5.0 (compatible; Baiduspider/2.0; +http://www.baidu.com/search/spider.html)"
184.73.66.213 - - [24/Aug/2011:23:36:21 -0500] "GET / HTTP/1.0" 200 32088 "-" "Mozilla/5.0 (compatible; NetcraftSurveyAgent/1.0; +info@netcraft.com)"
184.106.111.192 - - [25/Aug/2011:03:08:39 -0500] "POST /wp-cron.php?doing_wp_cron HTTP/1.0" 200 - "-" "WordPress/3.0.4; http://npcassoc.org"
119.63.196.47 - - [25/Aug/2011:03:08:38 -0500] "GET /feed HTTP/1.1" 304 - "-" "Mozilla/5.0 (compatible; Baiduspider/2.0; +http://www.baidu.com/search/spider.html)"
50.19.57.153 - - [25/Aug/2011:04:09:32 -0500] "GET / HTTP/1.0" 301 - "-" "Mozilla/5.0 (compatible; NetcraftSurveyAgent/1.0; +info@netcraft.com)"
50.19.57.153 - - [25/Aug/2011:04:10:05 -0500] "GET / HTTP/1.0" 200 32088 "-" "Mozilla/5.0 (compatible; NetcraftSurveyAgent/1.0; +info@netcraft.com)"
119.63.196.104 - - [25/Aug/2011:06:43:31 -0500] "GET / HTTP/1.1" 200 6539 "-" "Mozilla/5.0 (compatible; Baiduspider/2.0; +http://www.baidu.com/search/spider.html)"
66.249.68.248 - - [25/Aug/2011:09:50:55 -0500] "GET /robots.txt HTTP/1.1" 200 85 "-" "Mozilla/5.0 (compatible; Googlebot/2.1; +http://www.google.com/bot.html)"
66.249.68.248 - - [25/Aug/2011:09:50:55 -0500] "GET /sitemap.xml HTTP/1.1" 200 5430 "-" "Mozilla/5.0 (compatible; Googlebot/2.1; +http://www.google.com/bot.html)"
184.106.111.192 - - [25/Aug/2011:15:13:41 -0500] "POST /wp-cron.php?doing_wp_cron HTTP/1.0" 200 - "-" "WordPress/3.0.4; http://npcassoc.org"
123.125.71.101 - - [25/Aug/2011:15:13:41 -0500] "GET / HTTP/1.1" 200 6539 "-" "Mozilla/5.0 (compatible; Baiduspider/2.0; +http://www.baidu.com/search/spider.html)"
119.63.196.24 - - [25/Aug/2011:17:59:56 -0500] "GET / HTTP/1.1" 200 6539 "-" "Mozilla/5.0 (compatible; Baiduspider/2.0; +http://www.baidu.com/search/spider.html)"
66.249.67.248 - - [25/Aug/2011:21:27:35 -0500] "GET /journal HTTP/1.1" 200 6626 "-" "Mozilla/5.0 (compatible; Googlebot/2.1; +http://www.google.com/bot.html)"
66.249.67.248 - - [25/Aug/2011:22:35:54 -0500] "GET /docs/ijpp/ABSOLUTE_NONSENSE2V2N4.pdf HTTP/1.1" 304 - "-" "Mozilla/5.0 (compatible; Googlebot/2.1; +http://www.google.com/bot.html)"
66.249.67.248 - - [25/Aug/2011:23:06:57 -0500] "GET /wp-content/themes/education/style.css HTTP/1.1" 200 30200 "http://npcassoc.org/journal/table-of-contents/vol-3-no-1" "Mozilla/5.0 (compatible; Googlebot/2.1; +http://www.google.com/bot.html)"
66.249.67.248 - - [25/Aug/2011:23:06:58 -0500] "GET /wp-content/themes/genesis/lib/js/menu/superfish.args.js?ver=1.4.1 HTTP/1.1" 200 339 "http://npcassoc.org/journal/table-of-contents/vol-3-no-1" "Mozilla/5.0 (compatible; Googlebot/2.1; +http://www.google.com/bot.html)"
66.249.67.248 - - [25/Aug/2011:23:06:59 -0500] "GET /wp-content/themes/genesis/lib/js/menu/superfish.js?ver=1.4.8 HTTP/1.1" 200 3083 "http://npcassoc.org/journal/table-of-contents/vol-3-no-1" "Mozilla/5.0 (compatible; Googlebot/2.1; +http://www.google.com/bot.html)"
66.249.67.248 - - [25/Aug/2011:23:06:59 -0500] "GET /wp-includes/js/jquery/jquery.js?ver=1.4.2 HTTP/1.1" 200 72194 "http://npcassoc.org/journal/table-of-contents/vol-3-no-1" "Mozilla/5.0 (compatible; Googlebot/2.1; +http://www.google.com/bot.html)"
123.125.71.95 - - [25/Aug/2011:23:40:32 -0500] "GET /journal/ijpp-profile HTTP/1.1" 200 6748 "-" "Mozilla/5.0 (compatible; Baiduspider/2.0; +http://www.baidu.com/search/spider.html)"
66.249.67.248 - - [26/Aug/2011:00:56:45 -0500] "GET /docs/ijpp/Cohen_on_the_Metaphysics_of_Logic-Based_TherapyV3N1.pdf HTTP/1.1" 304 - "-" "Mozilla/5.0 (compatible; Googlebot/2.1; +http://www.google.com/bot.html)"
66.249.67.248 - - [26/Aug/2011:04:34:26 -0500] "GET /docs/WhatisPC.pdf HTTP/1.1" 304 - "-" "Mozilla/5.0 (compatible; Googlebot/2.1; +http://www.google.com/bot.html)"
66.249.67.248 - - [26/Aug/2011:05:51:14 -0500] "GET /docs/ijpp/Zinaich.pdf HTTP/1.1" 304 - "-" "Mozilla/5.0 (compatible; Googlebot/2.1; +http://www.google.com/bot.html)"
66.249.67.248 - - [26/Aug/2011:06:04:04 -0500] "GET /docs/Policy.pdf HTTP/1.1" 304 - "-" "Mozilla/5.0 (compatible; Googlebot/2.1; +http://www.google.com/bot.html)"
66.249.67.248 - - [26/Aug/2011:06:16:50 -0500] "GET /docs/ijpp/From_Muthos_to_Logos_revised_2V3N1.pdf HTTP/1.1" 304 - "-" "Mozilla/5.0 (compatible; Googlebot/2.1; +http://www.google.com/bot.html)"
184.106.111.192 - - [26/Aug/2011:10:07:23 -0500] "POST /wp-cron.php?doing_wp_cron HTTP/1.0" 200 - "-" "WordPress/3.0.4; http://npcassoc.org"
66.249.67.248 - - [26/Aug/2011:10:07:22 -0500] "GET /robots.txt HTTP/1.1" 200 85 "-" "Mozilla/5.0 (compatible; Googlebot/2.1; +http://www.google.com/bot.html)"
66.249.67.248 - - [26/Aug/2011:10:07:24 -0500] "GET /docs/ijpp/Comments_on_Absolute_NonsenseV2N4.pdf HTTP/1.1" 304 - "-" "Mozilla/5.0 (compatible; Googlebot/2.1; +http://www.google.com/bot.html)"
66.249.67.248 - - [26/Aug/2011:11:24:12 -0500] "GET /journal/table-of-contents HTTP/1.1" 200 5491 "-" "Mozilla/5.0 (compatible; Googlebot/2.1; +http://www.google.com/bot.html)"
123.125.71.110 - - [26/Aug/2011:12:31:12 -0500] "GET / HTTP/1.1" 200 6538 "-" "Mozilla/5.0 (compatible; Baiduspider/2.0; +http://www.baidu.com/search/spider.html)"
184.106.111.192 - - [26/Aug/2011:22:58:51 -0500] "POST /wp-cron.php?doing_wp_cron HTTP/1.0" 200 - "-" "WordPress/3.0.4; http://npcassoc.org"
119.63.196.112 - - [26/Aug/2011:22:58:50 -0500] "GET / HTTP/1.1" 200 6539 "-" "Mozilla/5.0 (compatible; Baiduspider/2.0; +http://www.baidu.com/search/spider.html)"
123.125.71.115 - - [27/Aug/2011:00:53:38 -0500] "GET /wp-content/themes/education/style.css HTTP/1.1" 200 30200 "-" "Mozilla/5.0 (compatible; Baiduspider/2.0; +http://www.baidu.com/search/spider.html)"
184.106.111.192 - - [27/Aug/2011:03:08:12 -0500] "POST /wp-cron.php?doing_wp_cron HTTP/1.0" 200 - "-" "WordPress/3.0.4; http://npcassoc.org"
119.63.196.88 - - [27/Aug/2011:03:08:11 -0500] "GET /1_hello-world.html/feed HTTP/1.1" 304 - "-" "Mozilla/5.0 (compatible; Baiduspider/2.0; +http://www.baidu.com/search/spider.html)"
123.125.71.97 - - [27/Aug/2011:04:50:53 -0500] "GET /services/help-reinstate-albert-ellis HTTP/1.1" 200 6029 "-" "Mozilla/5.0 (compatible; Baiduspider/2.0; +http://www.baidu.com/search/spider.html)"
123.125.71.102 - - [27/Aug/2011:08:48:06 -0500] "GET /services/books-articles HTTP/1.1" 200 6438 "-" "Mozilla/5.0 (compatible; Baiduspider/2.0; +http://www.baidu.com/search/spider.html)"
207.46.13.51 - - [27/Aug/2011:10:13:34 -0500] "GET /robots.txt HTTP/1.1" 200 69 "-" "Mozilla/5.0 (compatible; bingbot/2.0; +http://www.bing.com/bingbot.htm)"
207.46.13.51 - - [27/Aug/2011:10:14:14 -0500] "GET /sitemap.xml HTTP/1.1" 200 5430 "-" "Mozilla/5.0 (compatible; bingbot/2.0; +http://www.bing.com/bingbot.htm)"
66.249.67.248 - - [27/Aug/2011:11:58:11 -0500] "GET /robots.txt HTTP/1.1" 200 85 "-" "Mozilla/5.0 (compatible; Googlebot/2.1; +http://www.google.com/bot.html)"
66.249.67.248 - - [27/Aug/2011:11:58:11 -0500] "GET /people HTTP/1.1" 200 5580 "-" "Mozilla/5.0 (compatible; Googlebot/2.1; +http://www.google.com/bot.html)"
119.63.196.48 - - [27/Aug/2011:15:19:01 -0500] "GET / HTTP/1.1" 200 6539 "-" "Mozilla/5.0 (compatible; Baiduspider/2.0; +http://www.baidu.com/search/spider.html)"
184.106.111.192 - - [27/Aug/2011:15:19:02 -0500] "POST /wp-cron.php?doing_wp_cron HTTP/1.0" 200 - "-" "WordPress/3.0.4; http://npcassoc.org"
119.63.196.80 - - [27/Aug/2011:17:14:25 -0500] "GET /robots.txt HTTP/1.1" 200 85 "-" "Baiduspider+(+http://www.baidu.com/search/spider.htm)"
123.125.71.116 - - [27/Aug/2011:20:20:44 -0500] "GET / HTTP/1.1" 200 6539 "-" "Mozilla/5.0 (compatible; Baiduspider/2.0; +http://www.baidu.com/search/spider.html)"
119.63.196.89 - - [27/Aug/2011:20:48:12 -0500] "GET /cat/uncategorized/feed HTTP/1.1" 304 - "-" "Mozilla/5.0 (compatible; Baiduspider/2.0; +http://www.baidu.com/search/spider.html)"
123.125.71.96 - - [27/Aug/2011:21:35:59 -0500] "GET / HTTP/1.1" 200 27118 "-" "Mozilla/5.0 (compatible; Baiduspider/2.0; +http://www.baidu.com/search/spider.html)"
220.181.108.182 - - [27/Aug/2011:21:36:43 -0500] "GET / HTTP/1.1" 200 27118 "-" "Mozilla/5.0 (compatible; Baiduspider/2.0; +http://www.baidu.com/search/spider.html)"
184.106.111.192 - - [28/Aug/2011:03:44:41 -0500] "POST /wp-cron.php?doing_wp_cron HTTP/1.0" 200 - "-" "WordPress/3.0.4; http://npcassoc.org"
66.249.67.248 - - [28/Aug/2011:03:44:40 -0500] "GET /journal/table-of-contents HTTP/1.1" 200 5491 "-" "Mozilla/5.0 (compatible; Googlebot/2.1; +http://www.google.com/bot.html)"
66.249.67.248 - - [28/Aug/2011:04:52:27 -0500] "GET /journal/table-of-contents/vol-2-no-1 HTTP/1.1" 200 5684 "-" "Mozilla/5.0 (compatible; Googlebot/2.1; +http://www.google.com/bot.html)"
66.249.67.248 - - [28/Aug/2011:06:01:10 -0500] "GET /journal/table-of-contents/vol-1-no-3 HTTP/1.1" 200 5750 "-" "Mozilla/5.0 (compatible; Googlebot/2.1; +http://www.google.com/bot.html)"
66.249.67.248 - - [28/Aug/2011:07:11:54 -0500] "GET /journal/ijpp-profile HTTP/1.1" 200 6748 "-" "Mozilla/5.0 (compatible; Googlebot/2.1; +http://www.google.com/bot.html)"
119.63.196.55 - - [28/Aug/2011:07:23:53 -0500] "GET /1_hello-world.html/feed HTTP/1.1" 304 - "-" "Mozilla/5.0 (compatible; Baiduspider/2.0; +http://www.baidu.com/search/spider.html)"
66.249.67.248 - - [28/Aug/2011:14:08:47 -0500] "GET /robots.txt HTTP/1.1" 200 85 "-" "Mozilla/5.0 (compatible; Googlebot/2.1; +http://www.google.com/bot.html)"
66.249.67.248 - - [28/Aug/2011:14:08:48 -0500] "GET /sitemap.xml.gz HTTP/1.1" 404 5652 "-" "Mozilla/5.0 (compatible; Googlebot/2.1; +http://www.google.com/bot.html)"
184.106.111.192 - - [28/Aug/2011:14:08:48 -0500] "POST /wp-cron.php?doing_wp_cron HTTP/1.0" 200 - "-" "WordPress/3.0.4; http://npcassoc.org"
66.249.67.248 - - [28/Aug/2011:15:30:40 -0500] "GET /sitemap.xml.gz HTTP/1.1" 404 5652 "-" "Mozilla/5.0 (compatible; Googlebot/2.1; +http://www.google.com/bot.html)"
66.249.68.229 - - [28/Aug/2011:15:41:32 -0500] "GET /robots.txt HTTP/1.1" 200 85 "-" "Mozilla/5.0 (compatible; Googlebot/2.1; +http://www.google.com/bot.html)"
66.249.68.229 - - [28/Aug/2011:15:41:33 -0500] "GET / HTTP/1.1" 200 6539 "-" "Mozilla/5.0 (compatible; Googlebot/2.1; +http://www.google.com/bot.html)"
119.63.196.12 - - [28/Aug/2011:16:10:26 -0500] "GET / HTTP/1.1" 200 6539 "-" "Mozilla/5.0 (compatible; Baiduspider/2.0; +http://www.baidu.com/search/spider.html)"
66.249.67.129 - - [28/Aug/2011:16:20:42 -0500] "GET /robots.txt HTTP/1.1" 200 85 "-" "Mozilla/5.0 (compatible; Googlebot/2.1; +http://www.google.com/bot.html)"
66.249.67.129 - - [28/Aug/2011:16:20:42 -0500] "GET / HTTP/1.1" 200 6539 "-" "Mozilla/5.0 (compatible; Googlebot/2.1; +http://www.google.com/bot.html)"
66.249.67.248 - - [28/Aug/2011:18:10:13 -0500] "GET /sitemap.xml HTTP/1.1" 200 5430 "-" "Mozilla/5.0 (compatible; Googlebot/2.1; +http://www.google.com/bot.html)"
123.125.71.116 - - [28/Aug/2011:19:53:21 -0500] "GET / HTTP/1.1" 200 6538 "-" "Mozilla/5.0 (compatible; Baiduspider/2.0; +http://www.baidu.com/search/spider.html)"
157.55.17.103 - - [28/Aug/2011:21:25:05 -0500] "GET /robots.txt HTTP/1.1" 200 69 "-" "Mozilla/5.0 (compatible; bingbot/2.0; +http://www.bing.com/bingbot.htm)"
157.55.17.103 - - [28/Aug/2011:21:26:01 -0500] "GET / HTTP/1.1" 200 6538 "-" "Mozilla/5.0 (compatible; bingbot/2.0; +http://www.bing.com/bingbot.htm)"
119.63.196.39 - - [28/Aug/2011:21:37:33 -0500] "GET /cat/uncategorized/feed HTTP/1.1" 304 - "-" "Mozilla/5.0 (compatible; Baiduspider/2.0; +http://www.baidu.com/search/spider.html)"
66.249.67.129 - - [28/Aug/2011:22:13:10 -0500] "GET /log/ HTTP/1.1" 200 543 "-" "Mozilla/5.0 (compatible; Googlebot/2.1; +http://www.google.com/bot.html)"
119.63.196.116 - - [28/Aug/2011:22:58:07 -0500] "GET / HTTP/1.1" 200 6539 "-" "Mozilla/5.0 (compatible; Baiduspider/2.0; +http://www.baidu.com/search/spider.html)"
117.206.60.195 - - [28/Aug/2011:23:28:05 -0500] "GET /docs/ijpp/Authenticity.pdf HTTP/1.1" 206 32768 "http://npcassoc.org/docs/ijpp/Authenticity.pdf" "Mozilla/5.0 (Windows NT 5.1) AppleWebKit/535.1 (KHTML, like Gecko) Chrome/13.0.782.215 Safari/535.1"
117.206.60.195 - - [28/Aug/2011:23:28:03 -0500] "GET /docs/ijpp/Authenticity.pdf HTTP/1.1" 200 242159 "http://www.google.co.in/url?sa=t&source=web&cd=2&sqi=2&ved=0CCcQFjAB&url=http%3A%2F%2Fnpcassoc.org%2Fdocs%2Fijpp%2FAuthenticity.pdf&rct=j&q=lack%20of%20authenticity&ei=SRVbTurJG4ntrQfAz6COCw&usg=AFQjCNFnqVZvS8Bfmz1rjWcsNjAutJyAmg" "Mozilla/5.0 (Windows NT 5.1) AppleWebKit/535.1 (KHTML, like Gecko) Chrome/13.0.782.215 Safari/535.1"
117.206.60.195 - - [28/Aug/2011:23:28:05 -0500] "GET /favicon.ico HTTP/1.1" 200 - "-" "Mozilla/5.0 (Windows NT 5.1) AppleWebKit/535.1 (KHTML, like Gecko) Chrome/13.0.782.215 Safari/535.1"
117.206.60.195 - - [28/Aug/2011:23:28:06 -0500] "GET /docs/ijpp/Authenticity.pdf HTTP/1.1" 206 90916 "http://npcassoc.org/docs/ijpp/Authenticity.pdf" "Mozilla/5.0 (Windows NT 5.1) AppleWebKit/535.1 (KHTML, like Gecko) Chrome/13.0.782.215 Safari/535.1"
117.206.60.195 - - [28/Aug/2011:23:28:08 -0500] "GET /docs/ijpp/Authenticity.pdf HTTP/1.1" 206 32768 "http://npcassoc.org/docs/ijpp/Authenticity.pdf" "Mozilla/5.0 (Windows NT 5.1) AppleWebKit/535.1 (KHTML, like Gecko) Chrome/13.0.782.215 Safari/535.1"
119.63.196.77 - - [28/Aug/2011:23:43:29 -0500] "GET /robots.txt HTTP/1.1" 200 85 "-" "Baiduspider+(+http://www.baidu.com/search/spider.htm)"
64.246.165.160 - - [29/Aug/2011:03:47:27 -0500] "GET /robots.txt HTTP/1.0" 200 69 "-" "Mozilla/5.0 (Windows; U; Windows NT 5.1; en; rv:1.9.0.13) Gecko/2009073022 Firefox/3.5.2 (.NET CLR 3.5.30729) SurveyBot/2.3 (DomainTools)"
64.246.165.160 - - [29/Aug/2011:03:47:29 -0500] "GET / HTTP/1.1" 200 6539 "http://whois.domaintools.com/nationalphilosophicalcounselingassociation.org" "Mozilla/5.0 (Windows; U; Windows NT 5.1; en; rv:1.9.0.13) Gecko/2009073022 Firefox/3.5.2 (.NET CLR 3.5.30729) SurveyBot/2.3 (DomainTools)"
184.106.111.192 - - [29/Aug/2011:03:47:28 -0500] "POST /wp-cron.php?doing_wp_cron HTTP/1.0" 200 - "-" "WordPress/3.0.4; http://npcassoc.org"
119.63.196.56 - - [29/Aug/2011:04:05:05 -0500] "GET /author/aspcp/feed HTTP/1.1" 304 - "-" "Mozilla/5.0 (compatible; Baiduspider/2.0; +http://www.baidu.com/search/spider.html)"
119.63.196.10 - - [29/Aug/2011:06:54:29 -0500] "GET /robots.txt HTTP/1.1" 200 85 "-" "Baiduspider+(+http://www.baidu.com/search/spider.htm)"
184.106.111.192 - - [29/Aug/2011:13:03:11 -0500] "POST /wp-cron.php?doing_wp_cron HTTP/1.0" 200 - "-" "WordPress/3.0.4; http://npcassoc.org"
64.246.165.140 - - [29/Aug/2011:13:03:10 -0500] "GET /robots.txt HTTP/1.0" 200 69 "-" "Mozilla/5.0 (Windows; U; Windows NT 5.1; en; rv:1.9.0.13) Gecko/2009073022 Firefox/3.5.2 (.NET CLR 3.5.30729) SurveyBot/2.3 (DomainTools)"
64.246.165.140 - - [29/Aug/2011:13:03:12 -0500] "GET / HTTP/1.1" 301 20 "http://whois.domaintools.com/npcassoc.org" "Mozilla/5.0 (Windows; U; Windows NT 5.1; en; rv:1.9.0.13) Gecko/2009073022 Firefox/3.5.2 (.NET CLR 3.5.30729) SurveyBot/2.3 (DomainTools)"
64.246.165.140 - - [29/Aug/2011:13:03:12 -0500] "GET / HTTP/1.1" 200 6538 "http://whois.domaintools.com/npcassoc.org" "Mozilla/5.0 (Windows; U; Windows NT 5.1; en; rv:1.9.0.13) Gecko/2009073022 Firefox/3.5.2 (.NET CLR 3.5.30729) SurveyBot/2.3 (DomainTools)"
217.121.181.70 - - [29/Aug/2011:13:26:12 -0500] "GET /docs/ijpp/jenkins.pdf HTTP/1.1" 200 58313 "http://www.google.nl/search?q=fiona+jenkins+care+self+filetype%3Apdf&hl=nl&biw=1280&bih=649&num=10&lr=&ft=i&cr=&safe=images" "Mozilla/5.0 (Windows NT 6.0) AppleWebKit/535.1 (KHTML, like Gecko) Chrome/13.0.782.215 Safari/535.1"
217.121.181.70 - - [29/Aug/2011:13:29:44 -0500] "GET /docs/ijpp/ HTTP/1.1" 200 1439 "-" "Mozilla/5.0 (Windows NT 6.0) AppleWebKit/535.1 (KHTML, like Gecko) Chrome/13.0.782.215 Safari/535.1"
217.121.181.70 - - [29/Aug/2011:13:29:44 -0500] "GET /icons/blank.gif HTTP/1.1" 200 148 "http://npcassoc.org/docs/ijpp/" "Mozilla/5.0 (Windows NT 6.0) AppleWebKit/535.1 (KHTML, like Gecko) Chrome/13.0.782.215 Safari/535.1"
217.121.181.70 - - [29/Aug/2011:13:29:44 -0500] "GET /icons/back.gif HTTP/1.1" 200 216 "http://npcassoc.org/docs/ijpp/" "Mozilla/5.0 (Windows NT 6.0) AppleWebKit/535.1 (KHTML, like Gecko) Chrome/13.0.782.215 Safari/535.1"
217.121.181.70 - - [29/Aug/2011:13:29:44 -0500] "GET /icons/layout.gif HTTP/1.1" 200 276 "http://npcassoc.org/docs/ijpp/" "Mozilla/5.0 (Windows NT 6.0) AppleWebKit/535.1 (KHTML, like Gecko) Chrome/13.0.782.215 Safari/535.1"
217.121.181.70 - - [29/Aug/2011:13:29:45 -0500] "GET /favicon.ico HTTP/1.1" 200 - "-" "Mozilla/5.0 (Windows NT 6.0) AppleWebKit/535.1 (KHTML, like Gecko) Chrome/13.0.782.215 Safari/535.1"
217.121.181.70 - - [29/Aug/2011:13:29:59 -0500] "GET /docs/ HTTP/1.1" 200 769 "-" "Mozilla/5.0 (Windows NT 6.0) AppleWebKit/535.1 (KHTML, like Gecko) Chrome/13.0.782.215 Safari/535.1"
217.121.181.70 - - [29/Aug/2011:13:29:59 -0500] "GET /icons/unknown.gif HTTP/1.1" 200 245 "http://npcassoc.org/docs/" "Mozilla/5.0 (Windows NT 6.0) AppleWebKit/535.1 (KHTML, like Gecko) Chrome/13.0.782.215 Safari/535.1"
217.121.181.70 - - [29/Aug/2011:13:29:59 -0500] "GET /icons/folder.gif HTTP/1.1" 200 225 "http://npcassoc.org/docs/" "Mozilla/5.0 (Windows NT 6.0) AppleWebKit/535.1 (KHTML, like Gecko) Chrome/13.0.782.215 Safari/535.1"
217.121.181.70 - - [29/Aug/2011:13:30:00 -0500] "GET /favicon.ico HTTP/1.1" 200 - "-" "Mozilla/5.0 (Windows NT 6.0) AppleWebKit/535.1 (KHTML, like Gecko) Chrome/13.0.782.215 Safari/535.1"
217.121.181.70 - - [29/Aug/2011:13:30:06 -0500] "GET / HTTP/1.1" 200 6538 "-" "Mozilla/5.0 (Windows NT 6.0) AppleWebKit/535.1 (KHTML, like Gecko) Chrome/13.0.782.215 Safari/535.1"
217.121.181.70 - - [29/Aug/2011:13:30:07 -0500] "GET /wp-content/themes/genesis/lib/js/menu/superfish.args.js?ver=1.4.1 HTTP/1.1" 200 339 "http://npcassoc.org/" "Mozilla/5.0 (Windows NT 6.0) AppleWebKit/535.1 (KHTML, like Gecko) Chrome/13.0.782.215 Safari/535.1"
217.121.181.70 - - [29/Aug/2011:13:30:07 -0500] "GET /wp-content/themes/genesis/lib/js/menu/superfish.js?ver=1.4.8 HTTP/1.1" 200 3083 "http://npcassoc.org/" "Mozilla/5.0 (Windows NT 6.0) AppleWebKit/535.1 (KHTML, like Gecko) Chrome/13.0.782.215 Safari/535.1"
217.121.181.70 - - [29/Aug/2011:13:30:07 -0500] "GET /wp-content/themes/education/style.css HTTP/1.1" 200 30200 "http://npcassoc.org/" "Mozilla/5.0 (Windows NT 6.0) AppleWebKit/535.1 (KHTML, like Gecko) Chrome/13.0.782.215 Safari/535.1"
217.121.181.70 - - [29/Aug/2011:13:30:07 -0500] "GET /wp-includes/js/jquery/jquery.js?ver=1.4.2 HTTP/1.1" 200 72194 "http://npcassoc.org/" "Mozilla/5.0 (Windows NT 6.0) AppleWebKit/535.1 (KHTML, like Gecko) Chrome/13.0.782.215 Safari/535.1"
217.121.181.70 - - [29/Aug/2011:13:30:09 -0500] "GET /wp-content/themes/education/images/bg.png HTTP/1.1" 200 223 "http://npcassoc.org/" "Mozilla/5.0 (Windows NT 6.0) AppleWebKit/535.1 (KHTML, like Gecko) Chrome/13.0.782.215 Safari/535.1"
217.121.181.70 - - [29/Aug/2011:13:30:09 -0500] "GET /wp-content/themes/education/images/nav.png HTTP/1.1" 200 193 "http://npcassoc.org/" "Mozilla/5.0 (Windows NT 6.0) AppleWebKit/535.1 (KHTML, like Gecko) Chrome/13.0.782.215 Safari/535.1"
217.121.181.70 - - [29/Aug/2011:13:30:09 -0500] "GET /wp-content/themes/education/images/rss.png HTTP/1.1" 200 526 "http://npcassoc.org/" "Mozilla/5.0 (Windows NT 6.0) AppleWebKit/535.1 (KHTML, like Gecko) Chrome/13.0.782.215 Safari/535.1"
217.121.181.70 - - [29/Aug/2011:13:30:09 -0500] "GET /wp-content/themes/education/images/navline.png HTTP/1.1" 200 117 "http://npcassoc.org/" "Mozilla/5.0 (Windows NT 6.0) AppleWebKit/535.1 (KHTML, like Gecko) Chrome/13.0.782.215 Safari/535.1"
217.121.181.70 - - [29/Aug/2011:13:30:09 -0500] "GET /wp-content/themes/education/images/inner.png HTTP/1.1" 200 148 "http://npcassoc.org/" "Mozilla/5.0 (Windows NT 6.0) AppleWebKit/535.1 (KHTML, like Gecko) Chrome/13.0.782.215 Safari/535.1"
217.121.181.70 - - [29/Aug/2011:13:30:09 -0500] "GET /wp-content/themes/education/images/content-top.png HTTP/1.1" 200 8240 "http://npcassoc.org/" "Mozilla/5.0 (Windows NT 6.0) AppleWebKit/535.1 (KHTML, like Gecko) Chrome/13.0.782.215 Safari/535.1"
217.121.181.70 - - [29/Aug/2011:13:30:09 -0500] "GET /wp-content/themes/education/images/sidebar-top.png HTTP/1.1" 200 3738 "http://npcassoc.org/" "Mozilla/5.0 (Windows NT 6.0) AppleWebKit/535.1 (KHTML, like Gecko) Chrome/13.0.782.215 Safari/535.1"
217.121.181.70 - - [29/Aug/2011:13:30:09 -0500] "GET /wp-content/themes/education/images/sidebar-list.png HTTP/1.1" 200 393 "http://npcassoc.org/" "Mozilla/5.0 (Windows NT 6.0) AppleWebKit/535.1 (KHTML, like Gecko) Chrome/13.0.782.215 Safari/535.1"
217.121.181.70 - - [29/Aug/2011:13:30:09 -0500] "GET /wp-content/themes/education/images/footer.png HTTP/1.1" 200 118 "http://npcassoc.org/" "Mozilla/5.0 (Windows NT 6.0) AppleWebKit/535.1 (KHTML, like Gecko) Chrome/13.0.782.215 Safari/535.1"
217.121.181.70 - - [29/Aug/2011:13:30:09 -0500] "GET /wp-content/themes/education/images/arrow-down.png HTTP/1.1" 200 159 "http://npcassoc.org/" "Mozilla/5.0 (Windows NT 6.0) AppleWebKit/535.1 (KHTML, like Gecko) Chrome/13.0.782.215 Safari/535.1"
217.121.181.70 - - [29/Aug/2011:13:30:09 -0500] "GET /wp-content/themes/education/images/arrow-right.png HTTP/1.1" 200 163 "http://npcassoc.org/" "Mozilla/5.0 (Windows NT 6.0) AppleWebKit/535.1 (KHTML, like Gecko) Chrome/13.0.782.215 Safari/535.1"
217.121.181.70 - - [29/Aug/2011:13:30:09 -0500] "GET /wp-content/themes/education/images/footer-top.png HTTP/1.1" 200 195 "http://npcassoc.org/" "Mozilla/5.0 (Windows NT 6.0) AppleWebKit/535.1 (KHTML, like Gecko) Chrome/13.0.782.215 Safari/535.1"
217.121.181.70 - - [29/Aug/2011:13:30:10 -0500] "GET /wp-content/themes/education/images/navhov.png HTTP/1.1" 200 161 "http://npcassoc.org/" "Mozilla/5.0 (Windows NT 6.0) AppleWebKit/535.1 (KHTML, like Gecko) Chrome/13.0.782.215 Safari/535.1"
217.121.181.70 - - [29/Aug/2011:13:30:10 -0500] "GET /wp-content/themes/education/images/favicon.ico HTTP/1.1" 200 1150 "-" "Mozilla/5.0 (Windows NT 6.0) AppleWebKit/535.1 (KHTML, like Gecko) Chrome/13.0.782.215 Safari/535.1"
217.121.181.70 - - [29/Aug/2011:13:30:31 -0500] "GET /journal/table-of-contents/vol-1-no-1 HTTP/1.1" 200 5503 "http://npcassoc.org/" "Mozilla/5.0 (Windows NT 6.0) AppleWebKit/535.1 (KHTML, like Gecko) Chrome/13.0.782.215 Safari/535.1"
217.121.181.70 - - [29/Aug/2011:13:30:31 -0500] "GET /wp-includes/js/comment-reply.js?ver=20090102 HTTP/1.1" 200 786 "http://npcassoc.org/journal/table-of-contents/vol-1-no-1" "Mozilla/5.0 (Windows NT 6.0) AppleWebKit/535.1 (KHTML, like Gecko) Chrome/13.0.782.215 Safari/535.1"
217.121.181.70 - - [29/Aug/2011:13:31:24 -0500] "GET /docs/ijpp/cohen.pdf HTTP/1.1" 200 60183 "http://npcassoc.org/journal/table-of-contents/vol-1-no-1" "Mozilla/5.0 (Windows NT 6.0) AppleWebKit/535.1 (KHTML, like Gecko) Chrome/13.0.782.215 Safari/535.1"
217.121.181.70 - - [29/Aug/2011:13:31:56 -0500] "GET /journal/table-of-contents/vol-1-no-2 HTTP/1.1" 200 5447 "http://npcassoc.org/journal/table-of-contents/vol-1-no-1" "Mozilla/5.0 (Windows NT 6.0) AppleWebKit/535.1 (KHTML, like Gecko) Chrome/13.0.782.215 Safari/535.1"
217.121.181.70 - - [29/Aug/2011:13:32:05 -0500] "GET /docs/ijpp/Taylor.pdf HTTP/1.1" 200 31013 "http://npcassoc.org/journal/table-of-contents/vol-1-no-2" "Mozilla/5.0 (Windows NT 6.0) AppleWebKit/535.1 (KHTML, like Gecko) Chrome/13.0.782.215 Safari/535.1"
123.125.71.110 - - [29/Aug/2011:19:23:43 -0500] "GET / HTTP/1.1" 200 6540 "-" "Mozilla/5.0 (compatible; Baiduspider/2.0; +http://www.baidu.com/search/spider.html)"
119.63.196.117 - - [29/Aug/2011:20:19:53 -0500] "GET / HTTP/1.1" 200 6540 "-" "Mozilla/5.0 (compatible; Baiduspider/2.0; +http://www.baidu.com/search/spider.html)"
184.106.111.192 - - [30/Aug/2011:03:50:45 -0500] "POST /wp-cron.php?doing_wp_cron HTTP/1.0" 200 - "-" "WordPress/3.0.4; http://npcassoc.org"
119.63.196.87 - - [30/Aug/2011:03:50:44 -0500] "GET /author/aspcp/feed HTTP/1.1" 304 - "-" "Mozilla/5.0 (compatible; Baiduspider/2.0; +http://www.baidu.com/search/spider.html)"
119.63.196.120 - - [30/Aug/2011:10:06:50 -0500] "GET / HTTP/1.1" 200 6539 "-" "Mozilla/5.0 (compatible; Baiduspider/2.0; +http://www.baidu.com/search/spider.html)"
184.106.111.192 - - [30/Aug/2011:12:48:23 -0500] "POST /wp-cron.php?doing_wp_cron HTTP/1.0" 200 - "-" "WordPress/3.0.4; http://npcassoc.org"
66.249.67.248 - - [30/Aug/2011:12:48:22 -0500] "GET /robots.txt HTTP/1.1" 200 85 "-" "Mozilla/5.0 (compatible; Googlebot/2.1; +http://www.google.com/bot.html)"
66.249.67.248 - - [30/Aug/2011:12:48:23 -0500] "GET /docs/ijpp/Janice_Staab_and_Philosophical_CoachingV2N4.pdf HTTP/1.1" 304 - "-" "Mozilla/5.0 (compatible; Googlebot/2.1; +http://www.google.com/bot.html)"
119.63.196.26 - - [30/Aug/2011:15:05:18 -0500] "GET / HTTP/1.1" 200 6540 "-" "Mozilla/5.0 (compatible; Baiduspider/2.0; +http://www.baidu.com/search/spider.html)"
66.249.67.248 - - [30/Aug/2011:15:41:30 -0500] "GET /log/access.log HTTP/1.1" 200 427094 "-" "Mozilla/5.0 (compatible; Googlebot/2.1; +http://www.google.com/bot.html)"
123.125.71.108 - - [30/Aug/2011:17:25:18 -0500] "GET / HTTP/1.1" 200 6540 "-" "Mozilla/5.0 (compatible; Baiduspider/2.0; +http://www.baidu.com/search/spider.html)"
66.249.67.248 - - [30/Aug/2011:18:31:47 -0500] "GET /journal/table-of-contents/vol-2-no-3 HTTP/1.1" 200 5711 "-" "Mozilla/5.0 (compatible; Googlebot/2.1; +http://www.google.com/bot.html)"
66.249.67.248 - - [30/Aug/2011:20:09:17 -0500] "GET /1_hello-world.html HTTP/1.1" 200 6181 "-" "Mozilla/5.0 (compatible; Googlebot/2.1; +http://www.google.com/bot.html)"
66.249.67.248 - - [30/Aug/2011:21:10:13 -0500] "GET /log/error.log HTTP/1.1" 304 - "-" "Mozilla/5.0 (compatible; Googlebot/2.1; +http://www.google.com/bot.html)"
66.249.67.248 - - [30/Aug/2011:22:11:10 -0500] "GET /journal/editors HTTP/1.1" 200 6344 "-" "Mozilla/5.0 (compatible; Googlebot/2.1; +http://www.google.com/bot.html)"
76.108.110.119 - - [30/Aug/2011:22:25:44 -0500] "GET / HTTP/1.1" 301 20 "-" "Mozilla/4.0 (compatible; MSIE 8.0; Windows NT 6.1; WOW64; Trident/4.0; GTB7.1; SLCC2; .NET CLR 2.0.50727; .NET CLR 3.5.30729; .NET CLR 3.0.30729; Media Center PC 6.0; MALN; InfoPath.2)"
76.108.110.119 - - [30/Aug/2011:22:25:44 -0500] "GET / HTTP/1.1" 200 6539 "-" "Mozilla/4.0 (compatible; MSIE 8.0; Windows NT 6.1; WOW64; Trident/4.0; GTB7.1; SLCC2; .NET CLR 2.0.50727; .NET CLR 3.5.30729; .NET CLR 3.0.30729; Media Center PC 6.0; MALN; InfoPath.2)"
76.108.110.119 - - [30/Aug/2011:22:25:45 -0500] "GET /wp-content/themes/education/style.css HTTP/1.1" 200 30200 "http://npcassoc.org/" "Mozilla/4.0 (compatible; MSIE 8.0; Windows NT 6.1; WOW64; Trident/4.0; GTB7.1; SLCC2; .NET CLR 2.0.50727; .NET CLR 3.5.30729; .NET CLR 3.0.30729; Media Center PC 6.0; MALN; InfoPath.2)"
76.108.110.119 - - [30/Aug/2011:22:25:45 -0500] "GET /wp-includes/js/jquery/jquery.js?ver=1.4.2 HTTP/1.1" 200 72194 "http://npcassoc.org/" "Mozilla/4.0 (compatible; MSIE 8.0; Windows NT 6.1; WOW64; Trident/4.0; GTB7.1; SLCC2; .NET CLR 2.0.50727; .NET CLR 3.5.30729; .NET CLR 3.0.30729; Media Center PC 6.0; MALN; InfoPath.2)"
76.108.110.119 - - [30/Aug/2011:22:25:45 -0500] "GET /wp-content/themes/genesis/lib/js/menu/superfish.js?ver=1.4.8 HTTP/1.1" 200 3083 "http://npcassoc.org/" "Mozilla/4.0 (compatible; MSIE 8.0; Windows NT 6.1; WOW64; Trident/4.0; GTB7.1; SLCC2; .NET CLR 2.0.50727; .NET CLR 3.5.30729; .NET CLR 3.0.30729; Media Center PC 6.0; MALN; InfoPath.2)"
76.108.110.119 - - [30/Aug/2011:22:25:45 -0500] "GET /wp-content/themes/genesis/lib/js/menu/superfish.args.js?ver=1.4.1 HTTP/1.1" 200 339 "http://npcassoc.org/" "Mozilla/4.0 (compatible; MSIE 8.0; Windows NT 6.1; WOW64; Trident/4.0; GTB7.1; SLCC2; .NET CLR 2.0.50727; .NET CLR 3.5.30729; .NET CLR 3.0.30729; Media Center PC 6.0; MALN; InfoPath.2)"
76.108.110.119 - - [30/Aug/2011:22:25:45 -0500] "GET /wp-content/themes/education/images/sidebar-top.png HTTP/1.1" 200 3738 "http://npcassoc.org/" "Mozilla/4.0 (compatible; MSIE 8.0; Windows NT 6.1; WOW64; Trident/4.0; GTB7.1; SLCC2; .NET CLR 2.0.50727; .NET CLR 3.5.30729; .NET CLR 3.0.30729; Media Center PC 6.0; MALN; InfoPath.2)"
76.108.110.119 - - [30/Aug/2011:22:25:45 -0500] "GET /wp-content/themes/education/images/rss.png HTTP/1.1" 200 526 "http://npcassoc.org/" "Mozilla/4.0 (compatible; MSIE 8.0; Windows NT 6.1; WOW64; Trident/4.0; GTB7.1; SLCC2; .NET CLR 2.0.50727; .NET CLR 3.5.30729; .NET CLR 3.0.30729; Media Center PC 6.0; MALN; InfoPath.2)"
76.108.110.119 - - [30/Aug/2011:22:25:45 -0500] "GET /wp-content/themes/education/images/content-top.png HTTP/1.1" 200 8240 "http://npcassoc.org/" "Mozilla/4.0 (compatible; MSIE 8.0; Windows NT 6.1; WOW64; Trident/4.0; GTB7.1; SLCC2; .NET CLR 2.0.50727; .NET CLR 3.5.30729; .NET CLR 3.0.30729; Media Center PC 6.0; MALN; InfoPath.2)"
76.108.110.119 - - [30/Aug/2011:22:25:45 -0500] "GET /wp-content/themes/education/images/bg.png HTTP/1.1" 200 223 "http://npcassoc.org/" "Mozilla/4.0 (compatible; MSIE 8.0; Windows NT 6.1; WOW64; Trident/4.0; GTB7.1; SLCC2; .NET CLR 2.0.50727; .NET CLR 3.5.30729; .NET CLR 3.0.30729; Media Center PC 6.0; MALN; InfoPath.2)"
76.108.110.119 - - [30/Aug/2011:22:25:45 -0500] "GET /wp-content/themes/education/images/sidebar-list.png HTTP/1.1" 200 393 "http://npcassoc.org/" "Mozilla/4.0 (compatible; MSIE 8.0; Windows NT 6.1; WOW64; Trident/4.0; GTB7.1; SLCC2; .NET CLR 2.0.50727; .NET CLR 3.5.30729; .NET CLR 3.0.30729; Media Center PC 6.0; MALN; InfoPath.2)"
76.108.110.119 - - [30/Aug/2011:22:25:45 -0500] "GET /wp-content/themes/education/images/navline.png HTTP/1.1" 200 117 "http://npcassoc.org/" "Mozilla/4.0 (compatible; MSIE 8.0; Windows NT 6.1; WOW64; Trident/4.0; GTB7.1; SLCC2; .NET CLR 2.0.50727; .NET CLR 3.5.30729; .NET CLR 3.0.30729; Media Center PC 6.0; MALN; InfoPath.2)"
76.108.110.119 - - [30/Aug/2011:22:25:45 -0500] "GET /wp-content/themes/education/images/footer.png HTTP/1.1" 200 118 "http://npcassoc.org/" "Mozilla/4.0 (compatible; MSIE 8.0; Windows NT 6.1; WOW64; Trident/4.0; GTB7.1; SLCC2; .NET CLR 2.0.50727; .NET CLR 3.5.30729; .NET CLR 3.0.30729; Media Center PC 6.0; MALN; InfoPath.2)"
76.108.110.119 - - [30/Aug/2011:22:25:45 -0500] "GET /wp-content/themes/education/images/footer-top.png HTTP/1.1" 200 195 "http://npcassoc.org/" "Mozilla/4.0 (compatible; MSIE 8.0; Windows NT 6.1; WOW64; Trident/4.0; GTB7.1; SLCC2; .NET CLR 2.0.50727; .NET CLR 3.5.30729; .NET CLR 3.0.30729; Media Center PC 6.0; MALN; InfoPath.2)"
76.108.110.119 - - [30/Aug/2011:22:25:45 -0500] "GET /wp-content/themes/education/images/arrow-right.png HTTP/1.1" 200 163 "http://npcassoc.org/" "Mozilla/4.0 (compatible; MSIE 8.0; Windows NT 6.1; WOW64; Trident/4.0; GTB7.1; SLCC2; .NET CLR 2.0.50727; .NET CLR 3.5.30729; .NET CLR 3.0.30729; Media Center PC 6.0; MALN; InfoPath.2)"
76.108.110.119 - - [30/Aug/2011:22:25:45 -0500] "GET /wp-content/themes/education/images/arrow-down.png HTTP/1.1" 200 159 "http://npcassoc.org/" "Mozilla/4.0 (compatible; MSIE 8.0; Windows NT 6.1; WOW64; Trident/4.0; GTB7.1; SLCC2; .NET CLR 2.0.50727; .NET CLR 3.5.30729; .NET CLR 3.0.30729; Media Center PC 6.0; MALN; InfoPath.2)"
76.108.110.119 - - [30/Aug/2011:22:25:46 -0500] "GET /wp-content/themes/education/images/nav.png HTTP/1.1" 200 193 "http://npcassoc.org/" "Mozilla/4.0 (compatible; MSIE 8.0; Windows NT 6.1; WOW64; Trident/4.0; GTB7.1; SLCC2; .NET CLR 2.0.50727; .NET CLR 3.5.30729; .NET CLR 3.0.30729; Media Center PC 6.0; MALN; InfoPath.2)"
76.108.110.119 - - [30/Aug/2011:22:25:46 -0500] "GET /wp-content/themes/education/images/inner.png HTTP/1.1" 200 148 "http://npcassoc.org/" "Mozilla/4.0 (compatible; MSIE 8.0; Windows NT 6.1; WOW64; Trident/4.0; GTB7.1; SLCC2; .NET CLR 2.0.50727; .NET CLR 3.5.30729; .NET CLR 3.0.30729; Media Center PC 6.0; MALN; InfoPath.2)"
76.108.110.119 - - [30/Aug/2011:22:25:47 -0500] "GET /wp-content/themes/education/images/favicon.ico HTTP/1.1" 200 1150 "-" "Mozilla/4.0 (compatible; MSIE 8.0; Windows NT 6.1; WOW64; Trident/4.0; GTB7.1; SLCC2; .NET CLR 2.0.50727; .NET CLR 3.5.30729; .NET CLR 3.0.30729; Media Center PC 6.0; MALN; InfoPath.2)"
76.108.110.119 - - [30/Aug/2011:22:25:52 -0500] "GET /wp-content/themes/education/images/navhov.png HTTP/1.1" 200 161 "http://npcassoc.org/" "Mozilla/4.0 (compatible; MSIE 8.0; Windows NT 6.1; WOW64; Trident/4.0; GTB7.1; SLCC2; .NET CLR 2.0.50727; .NET CLR 3.5.30729; .NET CLR 3.0.30729; Media Center PC 6.0; MALN; InfoPath.2)"
76.108.110.119 - - [30/Aug/2011:22:25:52 -0500] "GET /wp-content/themes/education/images/navhov.png HTTP/1.1" 200 161 "http://npcassoc.org/" "Mozilla/4.0 (compatible; MSIE 8.0; Windows NT 6.1; WOW64; Trident/4.0; GTB7.1; SLCC2; .NET CLR 2.0.50727; .NET CLR 3.5.30729; .NET CLR 3.0.30729; Media Center PC 6.0; MALN; InfoPath.2)"
76.108.110.119 - - [30/Aug/2011:22:25:59 -0500] "GET /journal/table-of-contents/vol-1-no-1 HTTP/1.1" 200 5769 "http://npcassoc.org/" "Mozilla/4.0 (compatible; MSIE 8.0; Windows NT 6.1; WOW64; Trident/4.0; GTB7.1; SLCC2; .NET CLR 2.0.50727; .NET CLR 3.5.30729; .NET CLR 3.0.30729; Media Center PC 6.0; MALN; InfoPath.2)"
76.108.110.119 - - [30/Aug/2011:22:25:59 -0500] "GET /wp-includes/js/comment-reply.js?ver=20090102 HTTP/1.1" 200 786 "http://npcassoc.org/journal/table-of-contents/vol-1-no-1" "Mozilla/4.0 (compatible; MSIE 8.0; Windows NT 6.1; WOW64; Trident/4.0; GTB7.1; SLCC2; .NET CLR 2.0.50727; .NET CLR 3.5.30729; .NET CLR 3.0.30729; Media Center PC 6.0; MALN; InfoPath.2)"
76.108.110.119 - - [30/Aug/2011:22:26:26 -0500] "GET /journal/table-of-contents/vol-1-no-2 HTTP/1.1" 200 5705 "http://npcassoc.org/journal/table-of-contents/vol-1-no-1" "Mozilla/4.0 (compatible; MSIE 8.0; Windows NT 6.1; WOW64; Trident/4.0; GTB7.1; SLCC2; .NET CLR 2.0.50727; .NET CLR 3.5.30729; .NET CLR 3.0.30729; Media Center PC 6.0; MALN; InfoPath.2)"
76.108.110.119 - - [30/Aug/2011:22:26:38 -0500] "GET /journal/table-of-contents/vol-2-no-4 HTTP/1.1" 200 5706 "http://npcassoc.org/journal/table-of-contents/vol-1-no-2" "Mozilla/4.0 (compatible; MSIE 8.0; Windows NT 6.1; WOW64; Trident/4.0; GTB7.1; SLCC2; .NET CLR 2.0.50727; .NET CLR 3.5.30729; .NET CLR 3.0.30729; Media Center PC 6.0; MALN; InfoPath.2)"
76.108.110.119 - - [30/Aug/2011:22:26:52 -0500] "GET /docs/ijpp/Comments_on_Absolute_NonsenseV2N4.pdf HTTP/1.1" 200 23941 "http://npcassoc.org/journal/table-of-contents/vol-2-no-4" "Mozilla/4.0 (compatible; MSIE 8.0; Windows NT 6.1; WOW64; Trident/4.0; GTB7.1; SLCC2; .NET CLR 2.0.50727; .NET CLR 3.5.30729; .NET CLR 3.0.30729; Media Center PC 6.0; MALN; InfoPath.2)"
76.108.110.119 - - [30/Aug/2011:22:27:16 -0500] "GET /journal/table-of-contents/vol-1-no-2 HTTP/1.1" 200 5707 "http://npcassoc.org/journal/table-of-contents/vol-1-no-1" "Mozilla/4.0 (compatible; MSIE 8.0; Windows NT 6.1; WOW64; Trident/4.0; GTB7.1; SLCC2; .NET CLR 2.0.50727; .NET CLR 3.5.30729; .NET CLR 3.0.30729; Media Center PC 6.0; MALN; InfoPath.2)"
76.108.110.119 - - [30/Aug/2011:22:27:16 -0500] "GET /wp-content/themes/education/style.css HTTP/1.1" 304 - "http://npcassoc.org/journal/table-of-contents/vol-1-no-2" "Mozilla/4.0 (compatible; MSIE 8.0; Windows NT 6.1; WOW64; Trident/4.0; GTB7.1; SLCC2; .NET CLR 2.0.50727; .NET CLR 3.5.30729; .NET CLR 3.0.30729; Media Center PC 6.0; MALN; InfoPath.2)"
76.108.110.119 - - [30/Aug/2011:22:27:16 -0500] "GET /wp-includes/js/jquery/jquery.js?ver=1.4.2 HTTP/1.1" 304 - "http://npcassoc.org/journal/table-of-contents/vol-1-no-2" "Mozilla/4.0 (compatible; MSIE 8.0; Windows NT 6.1; WOW64; Trident/4.0; GTB7.1; SLCC2; .NET CLR 2.0.50727; .NET CLR 3.5.30729; .NET CLR 3.0.30729; Media Center PC 6.0; MALN; InfoPath.2)"
76.108.110.119 - - [30/Aug/2011:22:27:16 -0500] "GET /wp-includes/js/comment-reply.js?ver=20090102 HTTP/1.1" 304 - "http://npcassoc.org/journal/table-of-contents/vol-1-no-2" "Mozilla/4.0 (compatible; MSIE 8.0; Windows NT 6.1; WOW64; Trident/4.0; GTB7.1; SLCC2; .NET CLR 2.0.50727; .NET CLR 3.5.30729; .NET CLR 3.0.30729; Media Center PC 6.0; MALN; InfoPath.2)"
76.108.110.119 - - [30/Aug/2011:22:27:16 -0500] "GET /wp-content/themes/education/images/bg.png HTTP/1.1" 304 - "http://npcassoc.org/journal/table-of-contents/vol-1-no-2" "Mozilla/4.0 (compatible; MSIE 8.0; Windows NT 6.1; WOW64; Trident/4.0; GTB7.1; SLCC2; .NET CLR 2.0.50727; .NET CLR 3.5.30729; .NET CLR 3.0.30729; Media Center PC 6.0; MALN; InfoPath.2)"
76.108.110.119 - - [30/Aug/2011:22:27:16 -0500] "GET /wp-content/themes/education/images/navline.png HTTP/1.1" 304 - "http://npcassoc.org/journal/table-of-contents/vol-1-no-2" "Mozilla/4.0 (compatible; MSIE 8.0; Windows NT 6.1; WOW64; Trident/4.0; GTB7.1; SLCC2; .NET CLR 2.0.50727; .NET CLR 3.5.30729; .NET CLR 3.0.30729; Media Center PC 6.0; MALN; InfoPath.2)"
76.108.110.119 - - [30/Aug/2011:22:27:16 -0500] "GET /wp-content/themes/education/images/nav.png HTTP/1.1" 304 - "http://npcassoc.org/journal/table-of-contents/vol-1-no-2" "Mozilla/4.0 (compatible; MSIE 8.0; Windows NT 6.1; WOW64; Trident/4.0; GTB7.1; SLCC2; .NET CLR 2.0.50727; .NET CLR 3.5.30729; .NET CLR 3.0.30729; Media Center PC 6.0; MALN; InfoPath.2)"
76.108.110.119 - - [30/Aug/2011:22:27:16 -0500] "GET /wp-content/themes/genesis/lib/js/menu/superfish.js?ver=1.4.8 HTTP/1.1" 304 - "http://npcassoc.org/journal/table-of-contents/vol-1-no-2" "Mozilla/4.0 (compatible; MSIE 8.0; Windows NT 6.1; WOW64; Trident/4.0; GTB7.1; SLCC2; .NET CLR 2.0.50727; .NET CLR 3.5.30729; .NET CLR 3.0.30729; Media Center PC 6.0; MALN; InfoPath.2)"
76.108.110.119 - - [30/Aug/2011:22:27:16 -0500] "GET /wp-content/themes/genesis/lib/js/menu/superfish.args.js?ver=1.4.1 HTTP/1.1" 304 - "http://npcassoc.org/journal/table-of-contents/vol-1-no-2" "Mozilla/4.0 (compatible; MSIE 8.0; Windows NT 6.1; WOW64; Trident/4.0; GTB7.1; SLCC2; .NET CLR 2.0.50727; .NET CLR 3.5.30729; .NET CLR 3.0.30729; Media Center PC 6.0; MALN; InfoPath.2)"
76.108.110.119 - - [30/Aug/2011:22:27:16 -0500] "GET /wp-content/themes/education/images/rss.png HTTP/1.1" 304 - "http://npcassoc.org/journal/table-of-contents/vol-1-no-2" "Mozilla/4.0 (compatible; MSIE 8.0; Windows NT 6.1; WOW64; Trident/4.0; GTB7.1; SLCC2; .NET CLR 2.0.50727; .NET CLR 3.5.30729; .NET CLR 3.0.30729; Media Center PC 6.0; MALN; InfoPath.2)"
76.108.110.119 - - [30/Aug/2011:22:27:16 -0500] "GET /wp-content/themes/education/images/sidebar-top.png HTTP/1.1" 304 - "http://npcassoc.org/journal/table-of-contents/vol-1-no-2" "Mozilla/4.0 (compatible; MSIE 8.0; Windows NT 6.1; WOW64; Trident/4.0; GTB7.1; SLCC2; .NET CLR 2.0.50727; .NET CLR 3.5.30729; .NET CLR 3.0.30729; Media Center PC 6.0; MALN; InfoPath.2)"
76.108.110.119 - - [30/Aug/2011:22:27:16 -0500] "GET /wp-content/themes/education/images/inner.png HTTP/1.1" 304 - "http://npcassoc.org/journal/table-of-contents/vol-1-no-2" "Mozilla/4.0 (compatible; MSIE 8.0; Windows NT 6.1; WOW64; Trident/4.0; GTB7.1; SLCC2; .NET CLR 2.0.50727; .NET CLR 3.5.30729; .NET CLR 3.0.30729; Media Center PC 6.0; MALN; InfoPath.2)"
76.108.110.119 - - [30/Aug/2011:22:27:16 -0500] "GET /wp-content/themes/education/images/content-top.png HTTP/1.1" 304 - "http://npcassoc.org/journal/table-of-contents/vol-1-no-2" "Mozilla/4.0 (compatible; MSIE 8.0; Windows NT 6.1; WOW64; Trident/4.0; GTB7.1; SLCC2; .NET CLR 2.0.50727; .NET CLR 3.5.30729; .NET CLR 3.0.30729; Media Center PC 6.0; MALN; InfoPath.2)"
76.108.110.119 - - [30/Aug/2011:22:27:16 -0500] "GET /wp-content/themes/education/images/sidebar-list.png HTTP/1.1" 304 - "http://npcassoc.org/journal/table-of-contents/vol-1-no-2" "Mozilla/4.0 (compatible; MSIE 8.0; Windows NT 6.1; WOW64; Trident/4.0; GTB7.1; SLCC2; .NET CLR 2.0.50727; .NET CLR 3.5.30729; .NET CLR 3.0.30729; Media Center PC 6.0; MALN; InfoPath.2)"
76.108.110.119 - - [30/Aug/2011:22:27:16 -0500] "GET /wp-content/themes/education/images/footer.png HTTP/1.1" 304 - "http://npcassoc.org/journal/table-of-contents/vol-1-no-2" "Mozilla/4.0 (compatible; MSIE 8.0; Windows NT 6.1; WOW64; Trident/4.0; GTB7.1; SLCC2; .NET CLR 2.0.50727; .NET CLR 3.5.30729; .NET CLR 3.0.30729; Media Center PC 6.0; MALN; InfoPath.2)"
76.108.110.119 - - [30/Aug/2011:22:27:16 -0500] "GET /wp-content/themes/education/images/footer-top.png HTTP/1.1" 304 - "http://npcassoc.org/journal/table-of-contents/vol-1-no-2" "Mozilla/4.0 (compatible; MSIE 8.0; Windows NT 6.1; WOW64; Trident/4.0; GTB7.1; SLCC2; .NET CLR 2.0.50727; .NET CLR 3.5.30729; .NET CLR 3.0.30729; Media Center PC 6.0; MALN; InfoPath.2)"
76.108.110.119 - - [30/Aug/2011:22:27:16 -0500] "GET /wp-content/themes/education/images/arrow-down.png HTTP/1.1" 304 - "http://npcassoc.org/journal/table-of-contents/vol-1-no-2" "Mozilla/4.0 (compatible; MSIE 8.0; Windows NT 6.1; WOW64; Trident/4.0; GTB7.1; SLCC2; .NET CLR 2.0.50727; .NET CLR 3.5.30729; .NET CLR 3.0.30729; Media Center PC 6.0; MALN; InfoPath.2)"
76.108.110.119 - - [30/Aug/2011:22:27:16 -0500] "GET /wp-content/themes/education/images/arrow-right.png HTTP/1.1" 304 - "http://npcassoc.org/journal/table-of-contents/vol-1-no-2" "Mozilla/4.0 (compatible; MSIE 8.0; Windows NT 6.1; WOW64; Trident/4.0; GTB7.1; SLCC2; .NET CLR 2.0.50727; .NET CLR 3.5.30729; .NET CLR 3.0.30729; Media Center PC 6.0; MALN; InfoPath.2)"
76.108.110.119 - - [30/Aug/2011:22:27:18 -0500] "GET /journal/table-of-contents/vol-1-no-1 HTTP/1.1" 200 5768 "http://npcassoc.org/" "Mozilla/4.0 (compatible; MSIE 8.0; Windows NT 6.1; WOW64; Trident/4.0; GTB7.1; SLCC2; .NET CLR 2.0.50727; .NET CLR 3.5.30729; .NET CLR 3.0.30729; Media Center PC 6.0; MALN; InfoPath.2)"
76.108.110.119 - - [30/Aug/2011:22:27:26 -0500] "GET / HTTP/1.1" 200 6540 "-" "Mozilla/4.0 (compatible; MSIE 8.0; Windows NT 6.1; WOW64; Trident/4.0; GTB7.1; SLCC2; .NET CLR 2.0.50727; .NET CLR 3.5.30729; .NET CLR 3.0.30729; Media Center PC 6.0; MALN; InfoPath.2)"
76.108.110.119 - - [30/Aug/2011:22:29:59 -0500] "GET /wp-content/themes/education/images/navhov.png HTTP/1.1" 304 - "http://npcassoc.org/" "Mozilla/4.0 (compatible; MSIE 8.0; Windows NT 6.1; WOW64; Trident/4.0; GTB7.1; SLCC2; .NET CLR 2.0.50727; .NET CLR 3.5.30729; .NET CLR 3.0.30729; Media Center PC 6.0; MALN; InfoPath.2)"
76.108.110.119 - - [30/Aug/2011:22:30:01 -0500] "GET /journal HTTP/1.1" 200 6625 "http://npcassoc.org/" "Mozilla/4.0 (compatible; MSIE 8.0; Windows NT 6.1; WOW64; Trident/4.0; GTB7.1; SLCC2; .NET CLR 2.0.50727; .NET CLR 3.5.30729; .NET CLR 3.0.30729; Media Center PC 6.0; MALN; InfoPath.2)"
76.108.110.119 - - [30/Aug/2011:22:30:02 -0500] "GET /wp-content/themes/education/style.css HTTP/1.1" 304 - "http://npcassoc.org/journal" "Mozilla/4.0 (compatible; MSIE 8.0; Windows NT 6.1; WOW64; Trident/4.0; GTB7.1; SLCC2; .NET CLR 2.0.50727; .NET CLR 3.5.30729; .NET CLR 3.0.30729; Media Center PC 6.0; MALN; InfoPath.2)"
76.108.110.119 - - [30/Aug/2011:22:30:02 -0500] "GET /wp-includes/js/jquery/jquery.js?ver=1.4.2 HTTP/1.1" 304 - "http://npcassoc.org/journal" "Mozilla/4.0 (compatible; MSIE 8.0; Windows NT 6.1; WOW64; Trident/4.0; GTB7.1; SLCC2; .NET CLR 2.0.50727; .NET CLR 3.5.30729; .NET CLR 3.0.30729; Media Center PC 6.0; MALN; InfoPath.2)"
76.108.110.119 - - [30/Aug/2011:22:30:02 -0500] "GET /wp-includes/js/comment-reply.js?ver=20090102 HTTP/1.1" 304 - "http://npcassoc.org/journal" "Mozilla/4.0 (compatible; MSIE 8.0; Windows NT 6.1; WOW64; Trident/4.0; GTB7.1; SLCC2; .NET CLR 2.0.50727; .NET CLR 3.5.30729; .NET CLR 3.0.30729; Media Center PC 6.0; MALN; InfoPath.2)"
76.108.110.119 - - [30/Aug/2011:22:30:02 -0500] "GET /wp-content/themes/genesis/lib/js/menu/superfish.js?ver=1.4.8 HTTP/1.1" 304 - "http://npcassoc.org/journal" "Mozilla/4.0 (compatible; MSIE 8.0; Windows NT 6.1; WOW64; Trident/4.0; GTB7.1; SLCC2; .NET CLR 2.0.50727; .NET CLR 3.5.30729; .NET CLR 3.0.30729; Media Center PC 6.0; MALN; InfoPath.2)"
76.108.110.119 - - [30/Aug/2011:22:30:02 -0500] "GET /wp-content/themes/education/images/navline.png HTTP/1.1" 304 - "http://npcassoc.org/journal" "Mozilla/4.0 (compatible; MSIE 8.0; Windows NT 6.1; WOW64; Trident/4.0; GTB7.1; SLCC2; .NET CLR 2.0.50727; .NET CLR 3.5.30729; .NET CLR 3.0.30729; Media Center PC 6.0; MALN; InfoPath.2)"
76.108.110.119 - - [30/Aug/2011:22:30:02 -0500] "GET /wp-content/themes/education/images/nav.png HTTP/1.1" 304 - "http://npcassoc.org/journal" "Mozilla/4.0 (compatible; MSIE 8.0; Windows NT 6.1; WOW64; Trident/4.0; GTB7.1; SLCC2; .NET CLR 2.0.50727; .NET CLR 3.5.30729; .NET CLR 3.0.30729; Media Center PC 6.0; MALN; InfoPath.2)"
76.108.110.119 - - [30/Aug/2011:22:30:02 -0500] "GET /wp-content/themes/education/images/bg.png HTTP/1.1" 304 - "http://npcassoc.org/journal" "Mozilla/4.0 (compatible; MSIE 8.0; Windows NT 6.1; WOW64; Trident/4.0; GTB7.1; SLCC2; .NET CLR 2.0.50727; .NET CLR 3.5.30729; .NET CLR 3.0.30729; Media Center PC 6.0; MALN; InfoPath.2)"
76.108.110.119 - - [30/Aug/2011:22:30:02 -0500] "GET /wp-content/themes/education/images/sidebar-top.png HTTP/1.1" 304 - "http://npcassoc.org/journal" "Mozilla/4.0 (compatible; MSIE 8.0; Windows NT 6.1; WOW64; Trident/4.0; GTB7.1; SLCC2; .NET CLR 2.0.50727; .NET CLR 3.5.30729; .NET CLR 3.0.30729; Media Center PC 6.0; MALN; InfoPath.2)"
76.108.110.119 - - [30/Aug/2011:22:30:02 -0500] "GET /wp-content/themes/education/images/rss.png HTTP/1.1" 304 - "http://npcassoc.org/journal" "Mozilla/4.0 (compatible; MSIE 8.0; Windows NT 6.1; WOW64; Trident/4.0; GTB7.1; SLCC2; .NET CLR 2.0.50727; .NET CLR 3.5.30729; .NET CLR 3.0.30729; Media Center PC 6.0; MALN; InfoPath.2)"
76.108.110.119 - - [30/Aug/2011:22:30:02 -0500] "GET /wp-content/themes/genesis/lib/js/menu/superfish.args.js?ver=1.4.1 HTTP/1.1" 304 - "http://npcassoc.org/journal" "Mozilla/4.0 (compatible; MSIE 8.0; Windows NT 6.1; WOW64; Trident/4.0; GTB7.1; SLCC2; .NET CLR 2.0.50727; .NET CLR 3.5.30729; .NET CLR 3.0.30729; Media Center PC 6.0; MALN; InfoPath.2)"
76.108.110.119 - - [30/Aug/2011:22:30:02 -0500] "GET /wp-content/themes/education/images/content-top.png HTTP/1.1" 304 - "http://npcassoc.org/journal" "Mozilla/4.0 (compatible; MSIE 8.0; Windows NT 6.1; WOW64; Trident/4.0; GTB7.1; SLCC2; .NET CLR 2.0.50727; .NET CLR 3.5.30729; .NET CLR 3.0.30729; Media Center PC 6.0; MALN; InfoPath.2)"
76.108.110.119 - - [30/Aug/2011:22:30:02 -0500] "GET /wp-content/themes/education/images/sidebar-list.png HTTP/1.1" 304 - "http://npcassoc.org/journal" "Mozilla/4.0 (compatible; MSIE 8.0; Windows NT 6.1; WOW64; Trident/4.0; GTB7.1; SLCC2; .NET CLR 2.0.50727; .NET CLR 3.5.30729; .NET CLR 3.0.30729; Media Center PC 6.0; MALN; InfoPath.2)"
76.108.110.119 - - [30/Aug/2011:22:30:02 -0500] "GET /wp-content/themes/education/images/footer.png HTTP/1.1" 304 - "http://npcassoc.org/journal" "Mozilla/4.0 (compatible; MSIE 8.0; Windows NT 6.1; WOW64; Trident/4.0; GTB7.1; SLCC2; .NET CLR 2.0.50727; .NET CLR 3.5.30729; .NET CLR 3.0.30729; Media Center PC 6.0; MALN; InfoPath.2)"
76.108.110.119 - - [30/Aug/2011:22:30:02 -0500] "GET /wp-content/themes/education/images/footer-top.png HTTP/1.1" 304 - "http://npcassoc.org/journal" "Mozilla/4.0 (compatible; MSIE 8.0; Windows NT 6.1; WOW64; Trident/4.0; GTB7.1; SLCC2; .NET CLR 2.0.50727; .NET CLR 3.5.30729; .NET CLR 3.0.30729; Media Center PC 6.0; MALN; InfoPath.2)"
