119.63.196.79 - - [21/Jul/2011:12:19:22 -0500] "GET / HTTP/1.1" 200 6537 "-" "Mozilla/5.0 (compatible; Baiduspider/2.0; +http://www.baidu.com/search/spider.html)"
66.249.67.134 - - [21/Jul/2011:12:19:27 -0500] "GET /images/facebook_32.png HTTP/1.1" 200 888 "-" "Googlebot-Image/1.0"
66.249.67.134 - - [21/Jul/2011:12:22:32 -0500] "GET /images/linkedin_32.png HTTP/1.1" 200 1057 "-" "Googlebot-Image/1.0"
66.249.67.134 - - [21/Jul/2011:12:25:36 -0500] "GET /images/twitter175w.gif HTTP/1.1" 200 2939 "-" "Googlebot-Image/1.0"
66.249.67.134 - - [21/Jul/2011:12:28:41 -0500] "GET /images/linkedin175w.gif HTTP/1.1" 200 3837 "-" "Googlebot-Image/1.0"
66.249.67.134 - - [21/Jul/2011:12:31:45 -0500] "GET /images/facebook175w.gif HTTP/1.1" 200 2542 "-" "Googlebot-Image/1.0"
66.249.67.134 - - [21/Jul/2011:12:34:50 -0500] "GET /images/linkedin119w.gif HTTP/1.1" 200 1920 "-" "Googlebot-Image/1.0"
66.249.67.134 - - [21/Jul/2011:12:37:54 -0500] "GET /images/100_0973_edit3.jpg HTTP/1.1" 200 41402 "-" "Googlebot-Image/1.0"
66.249.67.228 - - [21/Jul/2011:12:53:29 -0500] "GET /sitemap.xml.gz HTTP/1.1" 404 5651 "-" "Mozilla/5.0 (compatible; Googlebot/2.1; +http://www.google.com/bot.html)"
184.106.111.192 - - [21/Jul/2011:12:53:30 -0500] "POST /wp-cron.php?doing_wp_cron HTTP/1.0" 200 - "-" "WordPress/3.0.4; http://npcassoc.org"
66.249.67.133 - - [21/Jul/2011:13:34:51 -0500] "GET /sitemap.xml.gz HTTP/1.1" 404 5651 "-" "Mozilla/5.0 (compatible; Googlebot/2.1; +http://www.google.com/bot.html)"
66.249.67.134 - - [21/Jul/2011:15:39:19 -0500] "GET /javascripts/ HTTP/1.1" 301 20 "-" "Mozilla/5.0 (compatible; Googlebot/2.1; +http://www.google.com/bot.html)"
66.249.67.179 - - [21/Jul/2011:15:39:21 -0500] "GET /javascripts/ HTTP/1.1" 404 5651 "-" "Mozilla/5.0 (compatible; Googlebot/2.1; +http://www.google.com/bot.html)"
66.249.67.148 - - [21/Jul/2011:15:42:23 -0500] "GET /robots.txt HTTP/1.1" 200 85 "-" "Mozilla/5.0 (compatible; Googlebot/2.1; +http://www.google.com/bot.html)"
66.249.67.148 - - [21/Jul/2011:15:42:25 -0500] "GET /images/ HTTP/1.1" 200 706 "-" "Mozilla/5.0 (compatible; Googlebot/2.1; +http://www.google.com/bot.html)"
66.249.67.148 - - [21/Jul/2011:16:00:45 -0500] "GET /javascripts/ HTTP/1.1" 404 5651 "-" "Mozilla/5.0 (compatible; Googlebot/2.1; +http://www.google.com/bot.html)"
66.249.67.134 - - [21/Jul/2011:16:06:06 -0500] "GET /stylesheets/ HTTP/1.1" 301 20 "-" "Mozilla/5.0 (compatible; Googlebot/2.1; +http://www.google.com/bot.html)"
66.249.67.230 - - [21/Jul/2011:16:06:07 -0500] "GET /stylesheets/ HTTP/1.1" 404 5651 "-" "Mozilla/5.0 (compatible; Googlebot/2.1; +http://www.google.com/bot.html)"
66.249.68.179 - - [21/Jul/2011:16:09:43 -0500] "GET /sitemap.xml.gz HTTP/1.1" 404 5650 "-" "Mozilla/5.0 (compatible; Googlebot/2.1; +http://www.google.com/bot.html)"
66.249.67.234 - - [21/Jul/2011:16:33:12 -0500] "GET /sitemap.xml.gz HTTP/1.1" 404 5651 "-" "Mozilla/5.0 (compatible; Googlebot/2.1; +http://www.google.com/bot.html)"
66.249.67.148 - - [21/Jul/2011:16:41:58 -0500] "GET /images/IJPP.jpg HTTP/1.1" 200 25427 "-" "Googlebot-Image/1.0"
66.249.67.148 - - [21/Jul/2011:16:44:07 -0500] "GET /images/__NBanner.gif HTTP/1.1" 200 17712 "-" "Googlebot-Image/1.0"
66.249.67.148 - - [21/Jul/2011:16:47:12 -0500] "GET /images/twitter_32.png HTTP/1.1" 200 1089 "-" "Googlebot-Image/1.0"
66.249.67.148 - - [21/Jul/2011:16:50:18 -0500] "GET /images/twitter175w.gif HTTP/1.1" 200 2939 "-" "Googlebot-Image/1.0"
66.249.67.148 - - [21/Jul/2011:16:53:24 -0500] "GET /images/linkedin_32.png HTTP/1.1" 200 1057 "-" "Googlebot-Image/1.0"
66.249.67.148 - - [21/Jul/2011:16:56:29 -0500] "GET /images/facebook_32.png HTTP/1.1" 200 888 "-" "Googlebot-Image/1.0"
66.249.67.148 - - [21/Jul/2011:16:59:35 -0500] "GET /images/linkedin175w.gif HTTP/1.1" 200 3837 "-" "Googlebot-Image/1.0"
66.249.67.148 - - [21/Jul/2011:17:02:40 -0500] "GET /images/facebook175w.gif HTTP/1.1" 200 2542 "-" "Googlebot-Image/1.0"
66.249.67.148 - - [21/Jul/2011:17:05:46 -0500] "GET /images/linkedin119w.gif HTTP/1.1" 200 1920 "-" "Googlebot-Image/1.0"
66.249.67.148 - - [21/Jul/2011:17:08:52 -0500] "GET /images/100_0973_edit3.jpg HTTP/1.1" 200 41402 "-" "Googlebot-Image/1.0"
66.249.67.148 - - [21/Jul/2011:18:19:19 -0500] "GET /stylesheets/ HTTP/1.1" 404 5651 "-" "Mozilla/5.0 (compatible; Googlebot/2.1; +http://www.google.com/bot.html)"
66.249.68.161 - - [21/Jul/2011:19:49:26 -0500] "GET /sitemap.xml.gz HTTP/1.1" 404 5651 "-" "Mozilla/5.0 (compatible; Googlebot/2.1; +http://www.google.com/bot.html)"
74.125.90.87 - - [21/Jul/2011:19:53:18 -0500] "GET /googlehostedservice.html HTTP/1.1" 301 - "-" "Jakarta Commons-HttpClient/3.1"
74.125.90.87 - - [21/Jul/2011:19:53:18 -0500] "GET /googlehostedservice.html HTTP/1.1" 404 33457 "-" "Jakarta Commons-HttpClient/3.1"
66.249.68.230 - - [21/Jul/2011:19:58:01 -0500] "GET /icons/unknown.gif HTTP/1.1" 200 245 "-" "Googlebot-Image/1.0"
66.249.68.230 - - [21/Jul/2011:20:12:49 -0500] "GET /icons/back.gif HTTP/1.1" 200 216 "-" "Googlebot-Image/1.0"
119.63.196.25 - - [21/Jul/2011:21:08:49 -0500] "GET / HTTP/1.1" 200 6538 "-" "Mozilla/5.0 (compatible; Baiduspider/2.0; +http://www.baidu.com/search/spider.html)"
174.252.134.137 - - [21/Jul/2011:21:26:47 -0500] "GET / HTTP/1.1" 200 6538 "-" "Mozilla/5.0 (Linux; U; Android 2.2.1; en-us; SCH-I500 Build/FROYO) AppleWebKit/533.1 (KHTML, like Gecko) Version/4.0 Mobile Safari/533.1"
174.252.134.137 - - [21/Jul/2011:21:26:49 -0500] "GET /wp-content/themes/education/style.css HTTP/1.1" 200 30200 "http://Nationalphilosophicalcounselingassociation.org/" "Mozilla/5.0 (Linux; U; Android 2.2.1; en-us; SCH-I500 Build/FROYO) AppleWebKit/533.1 (KHTML, like Gecko) Version/4.0 Mobile Safari/533.1"
174.252.134.137 - - [21/Jul/2011:21:26:49 -0500] "GET /wp-includes/js/jquery/jquery.js?ver=1.4.2 HTTP/1.1" 200 72194 "http://Nationalphilosophicalcounselingassociation.org/" "Mozilla/5.0 (Linux; U; Android 2.2.1; en-us; SCH-I500 Build/FROYO) AppleWebKit/533.1 (KHTML, like Gecko) Version/4.0 Mobile Safari/533.1"
174.252.134.137 - - [21/Jul/2011:21:26:51 -0500] "GET /wp-content/themes/genesis/lib/js/menu/superfish.js?ver=1.4.8 HTTP/1.1" 200 3083 "http://Nationalphilosophicalcounselingassociation.org/" "Mozilla/5.0 (Linux; U; Android 2.2.1; en-us; SCH-I500 Build/FROYO) AppleWebKit/533.1 (KHTML, like Gecko) Version/4.0 Mobile Safari/533.1"
174.252.134.137 - - [21/Jul/2011:21:26:51 -0500] "GET /wp-content/themes/genesis/lib/js/menu/superfish.args.js?ver=1.4.1 HTTP/1.1" 200 339 "http://Nationalphilosophicalcounselingassociation.org/" "Mozilla/5.0 (Linux; U; Android 2.2.1; en-us; SCH-I500 Build/FROYO) AppleWebKit/533.1 (KHTML, like Gecko) Version/4.0 Mobile Safari/533.1"
174.252.134.137 - - [21/Jul/2011:21:26:51 -0500] "GET /wp-content/themes/education/images/content-top.png HTTP/1.1" 200 8240 "http://Nationalphilosophicalcounselingassociation.org/" "Mozilla/5.0 (Linux; U; Android 2.2.1; en-us; SCH-I500 Build/FROYO) AppleWebKit/533.1 (KHTML, like Gecko) Version/4.0 Mobile Safari/533.1"
174.252.134.137 - - [21/Jul/2011:21:26:51 -0500] "GET /wp-content/themes/education/images/sidebar-top.png HTTP/1.1" 200 3738 "http://Nationalphilosophicalcounselingassociation.org/" "Mozilla/5.0 (Linux; U; Android 2.2.1; en-us; SCH-I500 Build/FROYO) AppleWebKit/533.1 (KHTML, like Gecko) Version/4.0 Mobile Safari/533.1"
174.252.134.137 - - [21/Jul/2011:21:26:51 -0500] "GET /wp-content/themes/education/images/content-split-top.png HTTP/1.1" 200 5968 "http://Nationalphilosophicalcounselingassociation.org/" "Mozilla/5.0 (Linux; U; Android 2.2.1; en-us; SCH-I500 Build/FROYO) AppleWebKit/533.1 (KHTML, like Gecko) Version/4.0 Mobile Safari/533.1"
174.252.134.137 - - [21/Jul/2011:21:26:51 -0500] "GET /wp-content/themes/education/images/inner.png HTTP/1.1" 200 148 "http://Nationalphilosophicalcounselingassociation.org/" "Mozilla/5.0 (Linux; U; Android 2.2.1; en-us; SCH-I500 Build/FROYO) AppleWebKit/533.1 (KHTML, like Gecko) Version/4.0 Mobile Safari/533.1"
174.252.134.137 - - [21/Jul/2011:21:26:51 -0500] "GET /wp-content/themes/education/images/sidebar-list.png HTTP/1.1" 200 393 "http://Nationalphilosophicalcounselingassociation.org/" "Mozilla/5.0 (Linux; U; Android 2.2.1; en-us; SCH-I500 Build/FROYO) AppleWebKit/533.1 (KHTML, like Gecko) Version/4.0 Mobile Safari/533.1"
174.252.134.137 - - [21/Jul/2011:21:26:52 -0500] "GET /wp-content/themes/education/images/footer.png HTTP/1.1" 200 118 "http://Nationalphilosophicalcounselingassociation.org/" "Mozilla/5.0 (Linux; U; Android 2.2.1; en-us; SCH-I500 Build/FROYO) AppleWebKit/533.1 (KHTML, like Gecko) Version/4.0 Mobile Safari/533.1"
174.252.134.137 - - [21/Jul/2011:21:26:52 -0500] "GET /wp-content/themes/education/images/footer-top.png HTTP/1.1" 200 195 "http://Nationalphilosophicalcounselingassociation.org/" "Mozilla/5.0 (Linux; U; Android 2.2.1; en-us; SCH-I500 Build/FROYO) AppleWebKit/533.1 (KHTML, like Gecko) Version/4.0 Mobile Safari/533.1"
174.252.134.137 - - [21/Jul/2011:21:26:52 -0500] "GET /wp-content/themes/education/images/arrow-down.png HTTP/1.1" 200 159 "http://Nationalphilosophicalcounselingassociation.org/" "Mozilla/5.0 (Linux; U; Android 2.2.1; en-us; SCH-I500 Build/FROYO) AppleWebKit/533.1 (KHTML, like Gecko) Version/4.0 Mobile Safari/533.1"
174.252.134.137 - - [21/Jul/2011:21:26:52 -0500] "GET /wp-content/themes/education/images/arrow-right.png HTTP/1.1" 200 163 "http://Nationalphilosophicalcounselingassociation.org/" "Mozilla/5.0 (Linux; U; Android 2.2.1; en-us; SCH-I500 Build/FROYO) AppleWebKit/533.1 (KHTML, like Gecko) Version/4.0 Mobile Safari/533.1"
174.252.134.137 - - [21/Jul/2011:21:26:54 -0500] "GET /wp-content/themes/education/images/bg.png HTTP/1.1" 200 223 "http://Nationalphilosophicalcounselingassociation.org/" "Mozilla/5.0 (Linux; U; Android 2.2.1; en-us; SCH-I500 Build/FROYO) AppleWebKit/533.1 (KHTML, like Gecko) Version/4.0 Mobile Safari/533.1"
174.252.134.137 - - [21/Jul/2011:21:26:54 -0500] "GET /wp-content/themes/education/images/rss.png HTTP/1.1" 200 526 "http://Nationalphilosophicalcounselingassociation.org/" "Mozilla/5.0 (Linux; U; Android 2.2.1; en-us; SCH-I500 Build/FROYO) AppleWebKit/533.1 (KHTML, like Gecko) Version/4.0 Mobile Safari/533.1"
174.252.134.137 - - [21/Jul/2011:21:26:54 -0500] "GET /wp-content/themes/education/images/nav.png HTTP/1.1" 200 193 "http://Nationalphilosophicalcounselingassociation.org/" "Mozilla/5.0 (Linux; U; Android 2.2.1; en-us; SCH-I500 Build/FROYO) AppleWebKit/533.1 (KHTML, like Gecko) Version/4.0 Mobile Safari/533.1"
174.252.134.137 - - [21/Jul/2011:21:26:54 -0500] "GET /wp-content/themes/education/images/navline.png HTTP/1.1" 200 117 "http://Nationalphilosophicalcounselingassociation.org/" "Mozilla/5.0 (Linux; U; Android 2.2.1; en-us; SCH-I500 Build/FROYO) AppleWebKit/533.1 (KHTML, like Gecko) Version/4.0 Mobile Safari/533.1"
174.252.134.137 - - [21/Jul/2011:21:26:55 -0500] "GET /wp-content/themes/education/images/favicon.ico HTTP/1.1" 200 1150 "http://Nationalphilosophicalcounselingassociation.org/" "Mozilla/5.0 (Linux; U; Android 2.2.1; en-us; SCH-I500 Build/FROYO) AppleWebKit/533.1 (KHTML, like Gecko) Version/4.0 Mobile Safari/533.1"
174.252.134.137 - - [21/Jul/2011:21:29:34 -0500] "GET /people HTTP/1.1" 200 5578 "http://Nationalphilosophicalcounselingassociation.org/" "Mozilla/5.0 (Linux; U; Android 2.2.1; en-us; SCH-I500 Build/FROYO) AppleWebKit/533.1 (KHTML, like Gecko) Version/4.0 Mobile Safari/533.1"
174.252.134.137 - - [21/Jul/2011:21:29:35 -0500] "GET /wp-includes/js/comment-reply.js?ver=20090102 HTTP/1.1" 200 786 "http://npcassoc.org/people" "Mozilla/5.0 (Linux; U; Android 2.2.1; en-us; SCH-I500 Build/FROYO) AppleWebKit/533.1 (KHTML, like Gecko) Version/4.0 Mobile Safari/533.1"
174.252.134.137 - - [21/Jul/2011:21:29:35 -0500] "GET /wp-content/themes/education/images/navhov.png HTTP/1.1" 200 161 "http://npcassoc.org/people" "Mozilla/5.0 (Linux; U; Android 2.2.1; en-us; SCH-I500 Build/FROYO) AppleWebKit/533.1 (KHTML, like Gecko) Version/4.0 Mobile Safari/533.1"
174.252.134.137 - - [21/Jul/2011:21:30:05 -0500] "GET /people HTTP/1.1" 200 5578 "http://npcassoc.org/people" "Mozilla/5.0 (Linux; U; Android 2.2.1; en-us; SCH-I500 Build/FROYO) AppleWebKit/533.1 (KHTML, like Gecko) Version/4.0 Mobile Safari/533.1"
66.249.68.180 - - [21/Jul/2011:21:45:18 -0500] "GET /robots.txt HTTP/1.1" 200 85 "-" "Mozilla/5.0 (compatible; Googlebot/2.1; +http://www.google.com/bot.html)"
66.249.68.180 - - [21/Jul/2011:21:45:19 -0500] "GET /sitemap.xml.gz HTTP/1.1" 404 5651 "-" "Mozilla/5.0 (compatible; Googlebot/2.1; +http://www.google.com/bot.html)"
66.249.67.177 - - [21/Jul/2011:23:01:39 -0500] "GET /docs/CohenPDF.pdf HTTP/1.1" 200 662254 "-" "Googlebot/2.1 (+http://www.google.com/bot.html)"
66.249.67.229 - - [21/Jul/2011:23:01:42 -0500] "GET /docs/ijpp/Amir.pdf HTTP/1.1" 200 63519 "-" "Googlebot/2.1 (+http://www.google.com/bot.html)"
66.249.68.165 - - [21/Jul/2011:23:01:46 -0500] "GET /docs/ijpp/TillmannsV2N4.pdf HTTP/1.1" 200 48624 "-" "Googlebot/2.1 (+http://www.google.com/bot.html)"
66.249.68.235 - - [21/Jul/2011:23:01:49 -0500] "GET /docs/ijpp/TaylorOnCohen.pdf HTTP/1.1" 200 85197 "-" "Googlebot/2.1 (+http://www.google.com/bot.html)"
66.249.67.227 - - [21/Jul/2011:23:02:39 -0500] "GET /docs/ijpp/TaylorFuture.pdf HTTP/1.1" 200 128026 "-" "Googlebot/2.1 (+http://www.google.com/bot.html)"
66.249.67.129 - - [21/Jul/2011:23:24:20 -0500] "GET /docs/ijpp/Philo_Courage.pdf HTTP/1.1" 200 154949 "-" "Googlebot/2.1 (+http://www.google.com/bot.html)"
66.249.67.129 - - [21/Jul/2011:23:39:45 -0500] "GET /docs/ijpp/Janice_Staab_and_Philosophical_CoachingV2N4.pdf HTTP/1.1" 200 23601 "-" "Googlebot/2.1 (+http://www.google.com/bot.html)"
66.249.67.180 - - [21/Jul/2011:23:39:59 -0500] "GET /docs/ijpp/Grosso.pdf HTTP/1.1" 200 13518 "-" "Googlebot/2.1 (+http://www.google.com/bot.html)"
66.249.67.229 - - [21/Jul/2011:23:43:00 -0500] "GET /docs/ijpp/Raabe.pdf HTTP/1.1" 200 74522 "-" "Googlebot/2.1 (+http://www.google.com/bot.html)"
66.249.67.146 - - [21/Jul/2011:23:47:35 -0500] "GET /docs/ijpp/lydiaamir.pdf HTTP/1.1" 200 239000 "-" "Googlebot/2.1 (+http://www.google.com/bot.html)"
66.249.67.132 - - [21/Jul/2011:23:55:00 -0500] "GET /docs/ijpp/jenkins.pdf HTTP/1.1" 200 58313 "-" "Googlebot/2.1 (+http://www.google.com/bot.html)"
66.249.68.176 - - [22/Jul/2011:00:03:19 -0500] "GET /docs/ASPCP_Application_Form.pdf HTTP/1.1" 200 30363 "-" "Googlebot/2.1 (+http://www.google.com/bot.html)"
66.249.67.132 - - [22/Jul/2011:00:03:35 -0500] "GET /docs/ijpp/ZinaichOnTaylor.pdf HTTP/1.1" 200 92386 "-" "Googlebot/2.1 (+http://www.google.com/bot.html)"
66.249.67.131 - - [22/Jul/2011:00:08:52 -0500] "GET /docs/ijpp/russell.pdf HTTP/1.1" 200 43981 "-" "Googlebot/2.1 (+http://www.google.com/bot.html)"
66.249.67.180 - - [22/Jul/2011:00:09:04 -0500] "GET /docs/ijpp/Tuedio.pdf HTTP/1.1" 200 139512 "-" "Googlebot/2.1 (+http://www.google.com/bot.html)"
66.249.68.162 - - [22/Jul/2011:00:11:18 -0500] "GET /docs/ijpp/THEORIES_OF_CONSCIOUSNESS.pdf HTTP/1.1" 200 61994 "-" "Googlebot/2.1 (+http://www.google.com/bot.html)"
66.249.67.146 - - [22/Jul/2011:00:14:53 -0500] "GET /docs/ijpp/Hoffman.pdf HTTP/1.1" 200 177678 "-" "Googlebot/2.1 (+http://www.google.com/bot.html)"
66.249.67.225 - - [22/Jul/2011:00:30:35 -0500] "GET /docs/ijpp/PalmquistV3N1.pdf HTTP/1.1" 200 84791 "-" "Googlebot/2.1 (+http://www.google.com/bot.html)"
66.249.67.180 - - [22/Jul/2011:00:30:38 -0500] "GET /docs/ijpp/sagebelief.pdf HTTP/1.1" 200 221007 "-" "Googlebot/2.1 (+http://www.google.com/bot.html)"
66.249.68.164 - - [22/Jul/2011:00:30:51 -0500] "GET /docs/ijpp/Cohen_on_the_Metaphysics_of_Logic-Based_TherapyV3N1.pdf HTTP/1.1" 200 38413 "-" "Googlebot/2.1 (+http://www.google.com/bot.html)"
66.249.67.227 - - [22/Jul/2011:00:30:54 -0500] "GET /docs/ASPCP_Application_Form.doc HTTP/1.1" 200 44032 "-" "Googlebot/2.1 (+http://www.google.com/bot.html)"
66.249.68.164 - - [22/Jul/2011:00:31:09 -0500] "GET /docs/ijpp/Waller.pdf HTTP/1.1" 200 31358 "-" "Googlebot/2.1 (+http://www.google.com/bot.html)"
66.249.68.161 - - [22/Jul/2011:00:31:31 -0500] "GET /docs/ijpp/CohenTeeth.pdf HTTP/1.1" 200 122877 "-" "Googlebot/2.1 (+http://www.google.com/bot.html)"
66.249.67.230 - - [22/Jul/2011:00:32:10 -0500] "GET /sitemap.xml.gz HTTP/1.1" 404 5651 "-" "Mozilla/5.0 (compatible; Googlebot/2.1; +http://www.google.com/bot.html)"
66.249.68.180 - - [22/Jul/2011:00:33:10 -0500] "GET /docs/ijpp/ZinaichOnAchenbach.pdf HTTP/1.1" 200 129478 "-" "Googlebot/2.1 (+http://www.google.com/bot.html)"
66.249.67.178 - - [22/Jul/2011:00:37:55 -0500] "GET /docs/ijpp/Carol_MillerLogotherapy.pdf HTTP/1.1" 200 142827 "-" "Googlebot/2.1 (+http://www.google.com/bot.html)"
66.249.68.239 - - [22/Jul/2011:00:38:55 -0500] "GET /docs/ijpp/Marshall.pdf HTTP/1.1" 200 57415 "-" "Googlebot/2.1 (+http://www.google.com/bot.html)"
66.249.67.230 - - [22/Jul/2011:00:39:10 -0500] "GET /docs/ijpp/Authenticity.pdf HTTP/1.1" 200 242159 "-" "Googlebot/2.1 (+http://www.google.com/bot.html)"
66.249.67.129 - - [22/Jul/2011:00:44:50 -0500] "GET /docs/ijpp/Paper_Hero_Rajshri.pdf HTTP/1.1" 200 201171 "-" "Googlebot/2.1 (+http://www.google.com/bot.html)"
66.249.67.130 - - [22/Jul/2011:00:47:21 -0500] "GET /docs/ijpp/Dobrin.pdf HTTP/1.1" 200 29688 "-" "Googlebot/2.1 (+http://www.google.com/bot.html)"
66.249.68.162 - - [22/Jul/2011:00:49:58 -0500] "GET /docs/ijpp/Zinaich.pdf HTTP/1.1" 200 153644 "-" "Googlebot/2.1 (+http://www.google.com/bot.html)"
66.249.67.148 - - [22/Jul/2011:00:52:29 -0500] "GET /docs/ijpp/Kierkegaard.pdf HTTP/1.1" 200 188846 "-" "Googlebot/2.1 (+http://www.google.com/bot.html)"
66.249.67.232 - - [22/Jul/2011:00:57:30 -0500] "GET /docs/ijpp/From_Muthos_to_Logos_revised_2V3N1.pdf HTTP/1.1" 200 53901 "-" "Googlebot/2.1 (+http://www.google.com/bot.html)"
66.249.68.164 - - [22/Jul/2011:00:57:46 -0500] "GET /docs/ijpp/WhiteExistentialism.pdf HTTP/1.1" 200 63553 "-" "Googlebot/2.1 (+http://www.google.com/bot.html)"
66.249.67.227 - - [22/Jul/2011:01:00:19 -0500] "GET /docs/ijpp/Bryson.pdf HTTP/1.1" 200 198190 "-" "Googlebot/2.1 (+http://www.google.com/bot.html)"
66.249.67.148 - - [22/Jul/2011:01:07:13 -0500] "GET /docs/ijpp/SchusterMarinoff.pdf HTTP/1.1" 200 136333 "-" "Googlebot/2.1 (+http://www.google.com/bot.html)"
66.249.68.161 - - [22/Jul/2011:01:16:37 -0500] "GET /docs/ijpp/Allen.pdf HTTP/1.1" 200 45492 "-" "Googlebot/2.1 (+http://www.google.com/bot.html)"
66.249.68.178 - - [22/Jul/2011:01:18:25 -0500] "GET /docs/ijpp/martin.pdf HTTP/1.1" 200 73302 "-" "Googlebot/2.1 (+http://www.google.com/bot.html)"
66.249.68.235 - - [22/Jul/2011:01:18:47 -0500] "GET /docs/ijpp/StoicCounsel.pdf HTTP/1.1" 200 153312 "-" "Googlebot/2.1 (+http://www.google.com/bot.html)"
66.249.67.131 - - [22/Jul/2011:01:21:04 -0500] "GET /docs/ijpp/ABSOLUTE_NONSENSE2V2N4.pdf HTTP/1.1" 200 40532 "-" "Googlebot/2.1 (+http://www.google.com/bot.html)"
66.249.68.162 - - [22/Jul/2011:01:21:58 -0500] "GET /docs/ijpp/Mehuron_IJPP.pdf HTTP/1.1" 200 192005 "-" "Googlebot/2.1 (+http://www.google.com/bot.html)"
66.249.67.178 - - [22/Jul/2011:01:22:52 -0500] "GET /docs/ijpp/Taylor.pdf HTTP/1.1" 200 31013 "-" "Googlebot/2.1 (+http://www.google.com/bot.html)"
66.249.68.162 - - [22/Jul/2011:01:26:26 -0500] "GET /docs/ijpp/Raabe1.pdf HTTP/1.1" 200 101671 "-" "Googlebot/2.1 (+http://www.google.com/bot.html)"
66.249.71.147 - - [22/Jul/2011:01:26:53 -0500] "GET /docs/ijpp/Tuediov2n1.pdf HTTP/1.1" 200 365115 "-" "Googlebot/2.1 (+http://www.google.com/bot.html)"
66.249.67.227 - - [22/Jul/2011:01:28:33 -0500] "GET /docs/ijpp/mills.pdf HTTP/1.1" 200 87543 "-" "Googlebot/2.1 (+http://www.google.com/bot.html)"
66.249.67.228 - - [22/Jul/2011:01:29:00 -0500] "GET /docs/ijpp/Comments_on_Absolute_NonsenseV2N4.pdf HTTP/1.1" 200 23941 "-" "Googlebot/2.1 (+http://www.google.com/bot.html)"
66.249.67.176 - - [22/Jul/2011:01:31:48 -0500] "GET /docs/ijpp/Newton.pdf HTTP/1.1" 200 144721 "-" "Googlebot/2.1 (+http://www.google.com/bot.html)"
66.249.67.227 - - [22/Jul/2011:01:37:06 -0500] "GET /docs/ijpp/cohen.pdf HTTP/1.1" 200 60183 "-" "Googlebot/2.1 (+http://www.google.com/bot.html)"
66.249.67.228 - - [22/Jul/2011:01:45:23 -0500] "GET /docs/ijpp/metaphysics_of_LBT10V3N1.pdf HTTP/1.1" 200 59497 "-" "Googlebot/2.1 (+http://www.google.com/bot.html)"
66.249.68.163 - - [22/Jul/2011:01:45:26 -0500] "GET /docs/ijpp/Matz.pdf HTTP/1.1" 200 22381 "-" "Googlebot/2.1 (+http://www.google.com/bot.html)"
66.249.68.179 - - [22/Jul/2011:01:45:54 -0500] "GET /docs/ijpp/Angelett.pdf HTTP/1.1" 200 61452 "-" "Googlebot/2.1 (+http://www.google.com/bot.html)"
66.249.68.239 - - [22/Jul/2011:01:46:55 -0500] "GET /docs/ijpp/Angelett.pdf HTTP/1.1" 200 61452 "-" "Googlebot/2.1 (+http://www.google.com/bot.html)"
66.249.68.164 - - [22/Jul/2011:01:54:40 -0500] "GET /docs/ijpp/FraserLove.pdf HTTP/1.1" 200 153335 "-" "Googlebot/2.1 (+http://www.google.com/bot.html)"
66.249.68.237 - - [22/Jul/2011:02:00:28 -0500] "GET /docs/ijpp/FraserLove.pdf HTTP/1.1" 200 153335 "-" "Googlebot/2.1 (+http://www.google.com/bot.html)"
66.249.67.144 - - [22/Jul/2011:02:08:14 -0500] "GET /docs/ijpp/morstein.pdf HTTP/1.1" 200 21893 "-" "Googlebot/2.1 (+http://www.google.com/bot.html)"
184.106.111.192 - - [22/Jul/2011:02:36:31 -0500] "POST /wp-cron.php?doing_wp_cron HTTP/1.0" 200 - "-" "WordPress/3.0.4; http://npcassoc.org"
38.99.82.233 - - [22/Jul/2011:02:36:30 -0500] "GET /robots.txt HTTP/1.1" 200 85 "-" "Mozilla/5.0"
38.99.82.233 - - [22/Jul/2011:02:36:33 -0500] "GET / HTTP/1.1" 200 6538 "-" "Mozilla/5.0 (X11; U; Linux x86_64; en-US) AppleWebKit/533.3 (KHTML, like Gecko) Qt/4.7.1 Safari/533.3"
38.99.82.233 - - [22/Jul/2011:02:36:33 -0500] "GET /wp-content/themes/education/style.css HTTP/1.1" 200 30200 "http://npcassoc.org/" "Mozilla/5.0 (X11; U; Linux x86_64; en-US) AppleWebKit/533.3 (KHTML, like Gecko) Qt/4.7.1 Safari/533.3"
38.99.82.233 - - [22/Jul/2011:02:36:33 -0500] "GET /wp-includes/js/jquery/jquery.js?ver=1.4.2 HTTP/1.1" 200 72194 "http://npcassoc.org/" "Mozilla/5.0 (X11; U; Linux x86_64; en-US) AppleWebKit/533.3 (KHTML, like Gecko) Qt/4.7.1 Safari/533.3"
38.99.82.233 - - [22/Jul/2011:02:36:34 -0500] "GET /wp-content/themes/genesis/lib/js/menu/superfish.args.js?ver=1.4.1 HTTP/1.1" 200 339 "http://npcassoc.org/" "Mozilla/5.0 (X11; U; Linux x86_64; en-US) AppleWebKit/533.3 (KHTML, like Gecko) Qt/4.7.1 Safari/533.3"
38.99.82.233 - - [22/Jul/2011:02:36:34 -0500] "GET /wp-content/themes/genesis/lib/js/menu/superfish.js?ver=1.4.8 HTTP/1.1" 200 3083 "http://npcassoc.org/" "Mozilla/5.0 (X11; U; Linux x86_64; en-US) AppleWebKit/533.3 (KHTML, like Gecko) Qt/4.7.1 Safari/533.3"
38.99.82.233 - - [22/Jul/2011:02:36:34 -0500] "GET /wp-content/themes/genesis/lib/js/menu/superfish.js?ver=1.4.8 HTTP/1.1" 304 - "http://npcassoc.org/" "Mozilla/5.0 (X11; U; Linux x86_64; en-US) AppleWebKit/533.3 (KHTML, like Gecko) Qt/4.7.1 Safari/533.3"
38.99.82.233 - - [22/Jul/2011:02:36:34 -0500] "GET /wp-content/themes/genesis/lib/js/menu/superfish.args.js?ver=1.4.1 HTTP/1.1" 304 - "http://npcassoc.org/" "Mozilla/5.0 (X11; U; Linux x86_64; en-US) AppleWebKit/533.3 (KHTML, like Gecko) Qt/4.7.1 Safari/533.3"
38.99.82.233 - - [22/Jul/2011:02:36:35 -0500] "GET /wp-content/themes/education/style.css HTTP/1.1" 200 30200 "-" "Mozilla/4.0 (compatible; MSIE5.0; Windows NT; DigExt)"
119.63.196.77 - - [22/Jul/2011:02:38:10 -0500] "GET /documents HTTP/1.1" 200 5668 "-" "Mozilla/5.0 (compatible; Baiduspider/2.0; +http://www.baidu.com/search/spider.html)"
38.99.82.234 - - [22/Jul/2011:03:45:23 -0500] "GET /robots.txt HTTP/1.1" 200 85 "-" "Mozilla/5.0"
38.99.82.234 - - [22/Jul/2011:03:45:25 -0500] "GET / HTTP/1.1" 200 6538 "-" "Mozilla/5.0 (X11; U; Linux x86_64; en-US) AppleWebKit/533.3 (KHTML, like Gecko) Qt/4.7.1 Safari/533.3"
38.99.82.234 - - [22/Jul/2011:03:45:26 -0500] "GET /wp-content/themes/education/style.css HTTP/1.1" 200 30200 "http://nationalphilosophicalcounselingassociation.org/" "Mozilla/5.0 (X11; U; Linux x86_64; en-US) AppleWebKit/533.3 (KHTML, like Gecko) Qt/4.7.1 Safari/533.3"
38.99.82.234 - - [22/Jul/2011:03:45:26 -0500] "GET /wp-includes/js/jquery/jquery.js?ver=1.4.2 HTTP/1.1" 200 72194 "http://nationalphilosophicalcounselingassociation.org/" "Mozilla/5.0 (X11; U; Linux x86_64; en-US) AppleWebKit/533.3 (KHTML, like Gecko) Qt/4.7.1 Safari/533.3"
38.99.82.234 - - [22/Jul/2011:03:45:26 -0500] "GET /wp-content/themes/genesis/lib/js/menu/superfish.js?ver=1.4.8 HTTP/1.1" 200 3083 "http://nationalphilosophicalcounselingassociation.org/" "Mozilla/5.0 (X11; U; Linux x86_64; en-US) AppleWebKit/533.3 (KHTML, like Gecko) Qt/4.7.1 Safari/533.3"
38.99.82.234 - - [22/Jul/2011:03:45:26 -0500] "GET /wp-content/themes/genesis/lib/js/menu/superfish.args.js?ver=1.4.1 HTTP/1.1" 200 339 "http://nationalphilosophicalcounselingassociation.org/" "Mozilla/5.0 (X11; U; Linux x86_64; en-US) AppleWebKit/533.3 (KHTML, like Gecko) Qt/4.7.1 Safari/533.3"
38.99.82.234 - - [22/Jul/2011:03:45:27 -0500] "GET /wp-content/themes/genesis/lib/js/menu/superfish.js?ver=1.4.8 HTTP/1.1" 304 - "http://nationalphilosophicalcounselingassociation.org/" "Mozilla/5.0 (X11; U; Linux x86_64; en-US) AppleWebKit/533.3 (KHTML, like Gecko) Qt/4.7.1 Safari/533.3"
38.99.82.234 - - [22/Jul/2011:03:45:27 -0500] "GET /wp-content/themes/genesis/lib/js/menu/superfish.args.js?ver=1.4.1 HTTP/1.1" 304 - "http://nationalphilosophicalcounselingassociation.org/" "Mozilla/5.0 (X11; U; Linux x86_64; en-US) AppleWebKit/533.3 (KHTML, like Gecko) Qt/4.7.1 Safari/533.3"
66.249.72.99 - - [22/Jul/2011:03:51:10 -0500] "GET /robots.txt HTTP/1.1" 200 85 "-" "Mozilla/5.0 (compatible; Googlebot/2.1; +http://www.google.com/bot.html)"
66.249.72.237 - - [22/Jul/2011:03:51:11 -0500] "GET /sitemap.xml.gz HTTP/1.1" 404 5652 "-" "Mozilla/5.0 (compatible; Googlebot/2.1; +http://www.google.com/bot.html)"
74.125.92.80 - - [22/Jul/2011:03:59:28 -0500] "GET /googlehostedservice.html HTTP/1.1" 301 - "-" "Jakarta Commons-HttpClient/3.1"
74.125.92.80 - - [22/Jul/2011:03:59:28 -0500] "GET /googlehostedservice.html HTTP/1.1" 404 33457 "-" "Jakarta Commons-HttpClient/3.1"
119.63.196.49 - - [22/Jul/2011:04:16:55 -0500] "GET /journal/table-of-contents HTTP/1.1" 200 5491 "-" "Mozilla/5.0 (compatible; Baiduspider/2.0; +http://www.baidu.com/search/spider.html)"
119.63.196.104 - - [22/Jul/2011:05:47:50 -0500] "GET /journal/table-of-contents/vol-1-no-4 HTTP/1.1" 200 5875 "-" "Mozilla/5.0 (compatible; Baiduspider/2.0; +http://www.baidu.com/search/spider.html)"
38.99.82.230 - - [22/Jul/2011:05:58:11 -0500] "GET /robots.txt HTTP/1.0" 200 85 "-" "Mozilla/5.0 (X11; U; Linux i686; en-US; rv:1.8.1.19) Gecko/20081202 Firefox (Debian-2.0.0.19-0etch1)"
38.99.82.230 - - [22/Jul/2011:05:58:12 -0500] "GET / HTTP/1.0" 200 6538 "-" "Mozilla/5.0 (X11; U; Linux i686; en-US; rv:1.8.1.19) Gecko/20081202 Firefox (Debian-2.0.0.19-0etch1)"
66.249.72.99 - - [22/Jul/2011:06:48:30 -0500] "GET /robots.txt HTTP/1.1" 200 85 "-" "Mozilla/5.0 (compatible; Googlebot/2.1; +http://www.google.com/bot.html)"
66.249.72.86 - - [22/Jul/2011:06:48:31 -0500] "GET /sitemap.xml.gz HTTP/1.1" 404 5652 "-" "Mozilla/5.0 (compatible; Googlebot/2.1; +http://www.google.com/bot.html)"
38.99.82.232 - - [22/Jul/2011:06:58:23 -0500] "GET /robots.txt HTTP/1.0" 200 85 "-" "Mozilla/5.0 (X11; U; Linux i686; en-US; rv:1.8.1.19) Gecko/20081202 Firefox (Debian-2.0.0.19-0etch1)"
38.99.82.232 - - [22/Jul/2011:06:58:24 -0500] "GET / HTTP/1.0" 200 6538 "-" "Mozilla/5.0 (X11; U; Linux i686; en-US; rv:1.8.1.19) Gecko/20081202 Firefox (Debian-2.0.0.19-0etch1)"
119.63.196.121 - - [22/Jul/2011:07:18:56 -0500] "GET /journal/table-of-contents/vol-2-no-3 HTTP/1.1" 200 5710 "-" "Mozilla/5.0 (compatible; Baiduspider/2.0; +http://www.baidu.com/search/spider.html)"
66.249.72.170 - - [22/Jul/2011:08:12:26 -0500] "GET /robots.txt HTTP/1.1" 200 85 "-" "Googlebot-Image/1.0"
66.249.72.170 - - [22/Jul/2011:08:12:27 -0500] "GET /images/twitter175w.gif HTTP/1.1" 200 2939 "-" "Googlebot-Image/1.0"
66.249.72.9 - - [22/Jul/2011:08:37:00 -0500] "GET /log/ HTTP/1.1" 200 517 "-" "Mozilla/5.0 (compatible; Googlebot/2.1; +http://www.google.com/bot.html)"
38.99.82.233 - - [22/Jul/2011:08:42:59 -0500] "GET /robots.txt HTTP/1.0" 200 85 "-" "Mozilla/5.0 (X11; U; Linux i686; en-US; rv:1.8.1.19) Gecko/20081202 Firefox (Debian-2.0.0.19-0etch1)"
38.99.82.233 - - [22/Jul/2011:08:43:02 -0500] "GET / HTTP/1.0" 200 6537 "-" "Mozilla/5.0 (X11; U; Linux i686; en-US; rv:1.8.1.19) Gecko/20081202 Firefox (Debian-2.0.0.19-0etch1)"
119.63.196.119 - - [22/Jul/2011:08:43:33 -0500] "GET /services/albert-ellis-foundation-alliance HTTP/1.1" 200 6915 "-" "Mozilla/5.0 (compatible; Baiduspider/2.0; +http://www.baidu.com/search/spider.html)"
66.249.72.170 - - [22/Jul/2011:08:52:50 -0500] "GET / HTTP/1.1" 301 20 "-" "Mozilla/5.0 (compatible; Googlebot/2.1; +http://www.google.com/bot.html)"
66.249.72.101 - - [22/Jul/2011:08:52:51 -0500] "GET / HTTP/1.1" 200 6536 "-" "Mozilla/5.0 (compatible; Googlebot/2.1; +http://www.google.com/bot.html)"
66.249.72.170 - - [22/Jul/2011:09:25:08 -0500] "GET /images/100_0973_edit3.jpg HTTP/1.1" 200 41402 "-" "Googlebot-Image/1.0"
119.63.196.112 - - [22/Jul/2011:10:13:49 -0500] "GET /xmlrpc.php HTTP/1.1" 200 60 "-" "Mozilla/5.0 (compatible; Baiduspider/2.0; +http://www.baidu.com/search/spider.html)"
38.99.82.230 - - [22/Jul/2011:10:19:13 -0500] "GET /robots.txt HTTP/1.0" 200 85 "-" "Mozilla/5.0 (X11; U; Linux i686; en-US; rv:1.8.1.19) Gecko/20081202 Firefox (Debian-2.0.0.19-0etch1)"
38.99.82.230 - - [22/Jul/2011:10:19:14 -0500] "GET / HTTP/1.0" 200 6537 "-" "Mozilla/5.0 (X11; U; Linux i686; en-US; rv:1.8.1.19) Gecko/20081202 Firefox (Debian-2.0.0.19-0etch1)"
66.249.72.170 - - [22/Jul/2011:10:39:43 -0500] "GET /images/twitter_32.png HTTP/1.1" 200 1089 "-" "Googlebot-Image/1.0"
66.249.72.170 - - [22/Jul/2011:11:54:18 -0500] "GET /images/IJPP.jpg HTTP/1.1" 200 25427 "-" "Googlebot-Image/1.0"
74.125.90.85 - - [22/Jul/2011:12:00:30 -0500] "GET /googlehostedservice.html HTTP/1.1" 301 - "-" "Jakarta Commons-HttpClient/3.1"
74.125.90.85 - - [22/Jul/2011:12:00:30 -0500] "GET /googlehostedservice.html HTTP/1.1" 404 33457 "-" "Jakarta Commons-HttpClient/3.1"
38.99.82.230 - - [22/Jul/2011:12:18:05 -0500] "GET /robots.txt HTTP/1.0" 200 85 "-" "Mozilla/5.0 (X11; U; Linux i686; en-US; rv:1.8.1.19) Gecko/20081202 Firefox (Debian-2.0.0.19-0etch1)"
38.99.82.230 - - [22/Jul/2011:12:18:06 -0500] "GET /wp-content/themes/education/images/favicon.ico HTTP/1.0" 200 1150 "-" "Mozilla/5.0 (X11; U; Linux i686; en-US; rv:1.8.1.19) Gecko/20081202 Firefox (Debian-2.0.0.19-0etch1)"
38.99.82.230 - - [22/Jul/2011:12:29:03 -0500] "GET /journal/ijpp-profile HTTP/1.0" 200 6748 "-" "Mozilla/5.0 (X11; U; Linux i686; en-US; rv:1.8.1.19) Gecko/20081202 Firefox (Debian-2.0.0.19-0etch1)"
38.99.82.230 - - [22/Jul/2011:12:33:02 -0500] "GET /application HTTP/1.0" 200 5759 "-" "Mozilla/5.0 (X11; U; Linux i686; en-US; rv:1.8.1.19) Gecko/20081202 Firefox (Debian-2.0.0.19-0etch1)"
38.99.82.232 - - [22/Jul/2011:12:49:48 -0500] "GET /robots.txt HTTP/1.0" 500 263 "-" "Mozilla/5.0 (X11; U; Linux i686; en-US; rv:1.8.1.19) Gecko/20081202 Firefox (Debian-2.0.0.19-0etch1)"
38.99.82.232 - - [22/Jul/2011:12:50:34 -0500] "GET / HTTP/1.0" 500 263 "-" "Mozilla/5.0 (X11; U; Linux i686; en-US; rv:1.8.1.19) Gecko/20081202 Firefox (Debian-2.0.0.19-0etch1)"
66.249.72.170 - - [22/Jul/2011:13:09:47 -0500] "GET /images/linkedin_32.png HTTP/1.1" 200 1057 "-" "Googlebot-Image/1.0"
38.99.82.230 - - [22/Jul/2011:13:41:58 -0500] "GET /wp-includes/js/jquery/jquery.js?ver=1.4.2 HTTP/1.0" 200 72194 "-" "Mozilla/5.0 (X11; U; Linux i686; en-US; rv:1.8.1.19) Gecko/20081202 Firefox (Debian-2.0.0.19-0etch1)"
184.106.111.192 - - [22/Jul/2011:13:47:08 -0500] "POST /wp-cron.php?doing_wp_cron HTTP/1.0" 200 - "-" "WordPress/3.0.4; http://npcassoc.org"
38.99.82.230 - - [22/Jul/2011:13:47:07 -0500] "GET /journal/table-of-contents HTTP/1.0" 200 5491 "-" "Mozilla/5.0 (X11; U; Linux i686; en-US; rv:1.8.1.19) Gecko/20081202 Firefox (Debian-2.0.0.19-0etch1)"
38.99.82.230 - - [22/Jul/2011:13:48:38 -0500] "GET /comments/feed HTTP/1.0" 404 468 "-" "Mozilla/5.0 (X11; U; Linux i686; en-US; rv:1.8.1.19) Gecko/20081202 Firefox (Debian-2.0.0.19-0etch1)"
38.99.82.230 - - [22/Jul/2011:13:52:14 -0500] "GET /feed HTTP/1.0" 200 719 "-" "Mozilla/5.0 (X11; U; Linux i686; en-US; rv:1.8.1.19) Gecko/20081202 Firefox (Debian-2.0.0.19-0etch1)"
206.183.1.74 - - [22/Jul/2011:13:53:51 -0500] "GET /robots.txt HTTP/1.1" 200 85 "-" "Mozilla/4.0 (compatible; http://search.thunderstone.com/texis/websearch/about.html)"
206.183.1.74 - - [22/Jul/2011:13:53:52 -0500] "GET / HTTP/1.1" 301 20 "-" "Mozilla/4.0 (compatible; http://search.thunderstone.com/texis/websearch/about.html)"
206.183.1.74 - - [22/Jul/2011:13:53:52 -0500] "GET / HTTP/1.1" 200 6537 "-" "Mozilla/4.0 (compatible; http://search.thunderstone.com/texis/websearch/about.html)"
206.183.1.74 - - [22/Jul/2011:13:53:52 -0500] "GET /wp-includes/js/jquery/jquery.js?ver=1.4.2 HTTP/1.1" 200 72194 "-" "Mozilla/4.0 (compatible; http://search.thunderstone.com/texis/websearch/about.html)"
206.183.1.74 - - [22/Jul/2011:13:53:53 -0500] "GET /wp-content/themes/genesis/lib/js/menu/superfish.js?ver=1.4.8 HTTP/1.1" 200 3083 "-" "Mozilla/4.0 (compatible; http://search.thunderstone.com/texis/websearch/about.html)"
206.183.1.74 - - [22/Jul/2011:13:53:53 -0500] "GET /wp-content/themes/genesis/lib/js/menu/superfish.args.js?ver=1.4.1 HTTP/1.1" 200 339 "-" "Mozilla/4.0 (compatible; http://search.thunderstone.com/texis/websearch/about.html)"
38.99.82.230 - - [22/Jul/2011:14:00:01 -0500] "GET /journal/call-for-papers HTTP/1.0" 200 6021 "-" "Mozilla/5.0 (X11; U; Linux i686; en-US; rv:1.8.1.19) Gecko/20081202 Firefox (Debian-2.0.0.19-0etch1)"
38.99.82.230 - - [22/Jul/2011:14:05:59 -0500] "GET /journal/table-of-contents/vol-1-no-1 HTTP/1.0" 200 5768 "-" "Mozilla/5.0 (X11; U; Linux i686; en-US; rv:1.8.1.19) Gecko/20081202 Firefox (Debian-2.0.0.19-0etch1)"
38.99.82.230 - - [22/Jul/2011:14:06:52 -0500] "GET /services/books-articles HTTP/1.0" 200 6437 "-" "Mozilla/5.0 (X11; U; Linux i686; en-US; rv:1.8.1.19) Gecko/20081202 Firefox (Debian-2.0.0.19-0etch1)"
66.249.72.170 - - [22/Jul/2011:14:23:29 -0500] "GET /images/facebook_32.png HTTP/1.1" 200 888 "-" "Googlebot-Image/1.0"
38.99.82.230 - - [22/Jul/2011:14:24:04 -0500] "GET /journal/featured-journals HTTP/1.0" 200 6880 "-" "Mozilla/5.0 (X11; U; Linux i686; en-US; rv:1.8.1.19) Gecko/20081202 Firefox (Debian-2.0.0.19-0etch1)"
66.249.72.15 - - [22/Jul/2011:14:27:49 -0500] "GET /sitemap.xml.gz HTTP/1.1" 404 5652 "-" "Mozilla/5.0 (compatible; Googlebot/2.1; +http://www.google.com/bot.html)"
38.99.82.230 - - [22/Jul/2011:14:31:54 -0500] "GET /xmlrpc.php HTTP/1.0" 200 60 "-" "Mozilla/5.0 (X11; U; Linux i686; en-US; rv:1.8.1.19) Gecko/20081202 Firefox (Debian-2.0.0.19-0etch1)"
38.99.82.230 - - [22/Jul/2011:14:41:09 -0500] "GET /journal/table-of-contents/vol-1-no-2 HTTP/1.0" 200 5704 "-" "Mozilla/5.0 (X11; U; Linux i686; en-US; rv:1.8.1.19) Gecko/20081202 Firefox (Debian-2.0.0.19-0etch1)"
38.99.82.230 - - [22/Jul/2011:14:49:50 -0500] "GET /journal/table-of-contents/vol-2-no-1 HTTP/1.0" 200 5683 "-" "Mozilla/5.0 (X11; U; Linux i686; en-US; rv:1.8.1.19) Gecko/20081202 Firefox (Debian-2.0.0.19-0etch1)"
216.139.245.73 - - [22/Jul/2011:14:52:33 -0500] "HEAD / HTTP/1.0" 200 - "-" "Mozilla/4.0 (compatible; MSIE 7.0; Windows NT 5.1)"
216.139.245.73 - - [22/Jul/2011:14:52:34 -0500] "GET / HTTP/1.0" 200 32085 "-" "Mozilla/4.0 (compatible; MSIE 7.0; Windows NT 5.1)"
38.99.82.230 - - [22/Jul/2011:14:54:53 -0500] "GET /journal HTTP/1.0" 200 6625 "-" "Mozilla/5.0 (X11; U; Linux i686; en-US; rv:1.8.1.19) Gecko/20081202 Firefox (Debian-2.0.0.19-0etch1)"
38.99.82.230 - - [22/Jul/2011:14:57:34 -0500] "GET /services/help-reinstate-albert-ellis HTTP/1.0" 200 6028 "-" "Mozilla/5.0 (X11; U; Linux i686; en-US; rv:1.8.1.19) Gecko/20081202 Firefox (Debian-2.0.0.19-0etch1)"
216.139.245.73 - - [22/Jul/2011:15:00:52 -0500] "HEAD / HTTP/1.0" 200 - "-" "Mozilla/4.0 (compatible; MSIE 7.0; Windows NT 5.1)"
216.139.245.73 - - [22/Jul/2011:15:00:52 -0500] "GET / HTTP/1.0" 200 32085 "-" "Mozilla/4.0 (compatible; MSIE 7.0; Windows NT 5.1)"
38.99.82.230 - - [22/Jul/2011:15:05:36 -0500] "GET /xmlrpc.php?rsd HTTP/1.0" 200 303 "-" "Mozilla/5.0 (X11; U; Linux i686; en-US; rv:1.8.1.19) Gecko/20081202 Firefox (Debian-2.0.0.19-0etch1)"
66.249.72.170 - - [22/Jul/2011:15:19:18 -0500] "GET /images/linkedin119w.gif HTTP/1.1" 200 1920 "-" "Googlebot-Image/1.0"
174.254.97.165 - - [22/Jul/2011:16:02:25 -0500] "GET / HTTP/1.1" 200 6537 "-" "Mozilla/5.0 (Linux; U; Android 2.2.1; en-us; SCH-I500 Build/FROYO) AppleWebKit/533.1 (KHTML, like Gecko) Version/4.0 Mobile Safari/533.1"
174.254.97.165 - - [22/Jul/2011:16:02:58 -0500] "GET /application HTTP/1.1" 200 5759 "http://Nationalphilosophicalcounselingassociation.org/" "Mozilla/5.0 (Linux; U; Android 2.2.1; en-us; SCH-I500 Build/FROYO) AppleWebKit/533.1 (KHTML, like Gecko) Version/4.0 Mobile Safari/533.1"
38.99.82.234 - - [22/Jul/2011:16:10:53 -0500] "GET /robots.txt HTTP/1.0" 200 85 "-" "Mozilla/5.0 (X11; U; Linux i686; en-US; rv:1.8.1.19) Gecko/20081202 Firefox (Debian-2.0.0.19-0etch1)"
38.99.82.234 - - [22/Jul/2011:16:10:54 -0500] "GET / HTTP/1.0" 200 6537 "-" "Mozilla/5.0 (X11; U; Linux i686; en-US; rv:1.8.1.19) Gecko/20081202 Firefox (Debian-2.0.0.19-0etch1)"
66.249.72.79 - - [22/Jul/2011:16:15:07 -0500] "GET /robots.txt HTTP/1.1" 200 85 "-" "Googlebot-Image/1.0"
66.249.72.79 - - [22/Jul/2011:16:15:09 -0500] "GET /images/linkedin119w.gif HTTP/1.1" 200 1920 "-" "Googlebot-Image/1.0"
38.99.82.233 - - [22/Jul/2011:16:55:54 -0500] "GET /robots.txt HTTP/1.0" 200 85 "-" "Mozilla/5.0 (X11; U; Linux i686; en-US; rv:1.8.1.19) Gecko/20081202 Firefox (Debian-2.0.0.19-0etch1)"
38.99.82.233 - - [22/Jul/2011:16:55:55 -0500] "GET /services/conferences HTTP/1.0" 200 6118 "-" "Mozilla/5.0 (X11; U; Linux i686; en-US; rv:1.8.1.19) Gecko/20081202 Firefox (Debian-2.0.0.19-0etch1)"
38.99.82.233 - - [22/Jul/2011:16:58:15 -0500] "GET /journal/table-of-contents/vol-1-no-3 HTTP/1.0" 200 5747 "-" "Mozilla/5.0 (X11; U; Linux i686; en-US; rv:1.8.1.19) Gecko/20081202 Firefox (Debian-2.0.0.19-0etch1)"
38.99.82.233 - - [22/Jul/2011:17:01:13 -0500] "GET /journal/table-of-contents/vol-2-no-2 HTTP/1.0" 200 5771 "-" "Mozilla/5.0 (X11; U; Linux i686; en-US; rv:1.8.1.19) Gecko/20081202 Firefox (Debian-2.0.0.19-0etch1)"
38.99.82.233 - - [22/Jul/2011:17:01:22 -0500] "GET /services/albert-ellis-foundation-alliance HTTP/1.0" 200 6915 "-" "Mozilla/5.0 (X11; U; Linux i686; en-US; rv:1.8.1.19) Gecko/20081202 Firefox (Debian-2.0.0.19-0etch1)"
38.99.82.233 - - [22/Jul/2011:17:04:51 -0500] "GET /journal/table-of-contents/vol-3-no-1 HTTP/1.0" 200 5859 "-" "Mozilla/5.0 (X11; U; Linux i686; en-US; rv:1.8.1.19) Gecko/20081202 Firefox (Debian-2.0.0.19-0etch1)"
38.99.82.233 - - [22/Jul/2011:17:06:12 -0500] "GET /services HTTP/1.0" 200 5500 "-" "Mozilla/5.0 (X11; U; Linux i686; en-US; rv:1.8.1.19) Gecko/20081202 Firefox (Debian-2.0.0.19-0etch1)"
66.249.72.79 - - [22/Jul/2011:17:11:36 -0500] "GET /images/IJPP.jpg HTTP/1.1" 200 25427 "-" "Googlebot-Image/1.0"
38.99.82.233 - - [22/Jul/2011:17:14:32 -0500] "GET /wp-content/themes/genesis/lib/js/menu/superfish.args.js?ver=1.4.1 HTTP/1.0" 200 339 "-" "Mozilla/5.0 (X11; U; Linux i686; en-US; rv:1.8.1.19) Gecko/20081202 Firefox (Debian-2.0.0.19-0etch1)"
119.63.196.25 - - [22/Jul/2011:17:15:36 -0500] "GET /xmlrpc.php?rsd HTTP/1.1" 200 303 "-" "Mozilla/5.0 (compatible; Baiduspider/2.0; +http://www.baidu.com/search/spider.html)"
38.99.82.233 - - [22/Jul/2011:17:16:18 -0500] "GET /journal/table-of-contents/vol-1-no-4 HTTP/1.0" 200 5875 "-" "Mozilla/5.0 (X11; U; Linux i686; en-US; rv:1.8.1.19) Gecko/20081202 Firefox (Debian-2.0.0.19-0etch1)"
38.99.82.233 - - [22/Jul/2011:17:20:02 -0500] "GET /journal/table-of-contents/vol-2-no-3 HTTP/1.0" 200 5709 "-" "Mozilla/5.0 (X11; U; Linux i686; en-US; rv:1.8.1.19) Gecko/20081202 Firefox (Debian-2.0.0.19-0etch1)"
38.99.82.233 - - [22/Jul/2011:17:29:47 -0500] "GET /journal/editors HTTP/1.0" 200 6343 "-" "Mozilla/5.0 (X11; U; Linux i686; en-US; rv:1.8.1.19) Gecko/20081202 Firefox (Debian-2.0.0.19-0etch1)"
38.99.82.233 - - [22/Jul/2011:17:32:05 -0500] "GET / HTTP/1.0" 200 6537 "-" "Mozilla/5.0 (X11; U; Linux i686; en-US; rv:1.8.1.19) Gecko/20081202 Firefox (Debian-2.0.0.19-0etch1)"
38.99.82.233 - - [22/Jul/2011:17:33:23 -0500] "GET /feed/rss HTTP/1.0" 200 402 "-" "Mozilla/5.0 (X11; U; Linux i686; en-US; rv:1.8.1.19) Gecko/20081202 Firefox (Debian-2.0.0.19-0etch1)"
38.99.82.233 - - [22/Jul/2011:17:36:42 -0500] "GET /wp-content/themes/genesis/lib/js/menu/superfish.js?ver=1.4.8 HTTP/1.0" 200 3083 "-" "Mozilla/5.0 (X11; U; Linux i686; en-US; rv:1.8.1.19) Gecko/20081202 Firefox (Debian-2.0.0.19-0etch1)"
38.99.82.233 - - [22/Jul/2011:17:36:53 -0500] "GET /people HTTP/1.0" 200 5578 "-" "Mozilla/5.0 (X11; U; Linux i686; en-US; rv:1.8.1.19) Gecko/20081202 Firefox (Debian-2.0.0.19-0etch1)"
38.99.82.233 - - [22/Jul/2011:17:38:10 -0500] "GET /documents HTTP/1.0" 200 5668 "-" "Mozilla/5.0 (X11; U; Linux i686; en-US; rv:1.8.1.19) Gecko/20081202 Firefox (Debian-2.0.0.19-0etch1)"
38.99.82.233 - - [22/Jul/2011:17:47:22 -0500] "GET /journal/table-of-contents/vol-2-no-4 HTTP/1.0" 200 5704 "-" "Mozilla/5.0 (X11; U; Linux i686; en-US; rv:1.8.1.19) Gecko/20081202 Firefox (Debian-2.0.0.19-0etch1)"
66.249.72.79 - - [22/Jul/2011:18:06:44 -0500] "GET /images/100_0973_edit3.jpg HTTP/1.1" 200 41402 "-" "Googlebot-Image/1.0"
119.63.196.27 - - [22/Jul/2011:18:43:32 -0500] "GET /services/conferences HTTP/1.1" 200 6119 "-" "Mozilla/5.0 (compatible; Baiduspider/2.0; +http://www.baidu.com/search/spider.html)"
66.249.72.79 - - [22/Jul/2011:19:02:33 -0500] "GET /images/twitter175w.gif HTTP/1.1" 200 2939 "-" "Googlebot-Image/1.0"
74.125.92.85 - - [22/Jul/2011:19:50:03 -0500] "GET /googlehostedservice.html HTTP/1.1" 301 - "-" "Jakarta Commons-HttpClient/3.1"
74.125.92.85 - - [22/Jul/2011:19:50:03 -0500] "GET /googlehostedservice.html HTTP/1.1" 404 33457 "-" "Jakarta Commons-HttpClient/3.1"
38.99.82.232 - - [22/Jul/2011:19:50:46 -0500] "GET /robots.txt HTTP/1.0" 200 85 "-" "Mozilla/5.0 (X11; U; Linux i686; en-US; rv:1.8.1.19) Gecko/20081202 Firefox (Debian-2.0.0.19-0etch1)"
38.99.82.232 - - [22/Jul/2011:19:50:48 -0500] "GET /1_hello-world.html HTTP/1.0" 200 6178 "-" "Mozilla/5.0 (X11; U; Linux i686; en-US; rv:1.8.1.19) Gecko/20081202 Firefox (Debian-2.0.0.19-0etch1)"
66.249.72.79 - - [22/Jul/2011:19:58:22 -0500] "GET /images/twitter_32.png HTTP/1.1" 200 1089 "-" "Googlebot-Image/1.0"
38.99.82.231 - - [22/Jul/2011:20:03:52 -0500] "GET /robots.txt HTTP/1.0" 200 85 "-" "Mozilla/5.0 (X11; U; Linux i686; en-US; rv:1.8.1.19) Gecko/20081202 Firefox (Debian-2.0.0.19-0etch1)"
38.99.82.231 - - [22/Jul/2011:20:03:53 -0500] "GET / HTTP/1.0" 200 6537 "-" "Mozilla/5.0 (X11; U; Linux i686; en-US; rv:1.8.1.19) Gecko/20081202 Firefox (Debian-2.0.0.19-0etch1)"
119.63.196.47 - - [22/Jul/2011:20:15:44 -0500] "GET /journal/table-of-contents/vol-2-no-1 HTTP/1.1" 200 5682 "-" "Mozilla/5.0 (compatible; Baiduspider/2.0; +http://www.baidu.com/search/spider.html)"
66.249.72.170 - - [22/Jul/2011:20:54:11 -0500] "GET /images/linkedin175w.gif HTTP/1.1" 200 3837 "-" "Googlebot-Image/1.0"
38.99.82.232 - - [22/Jul/2011:21:23:00 -0500] "GET / HTTP/1.0" 200 6537 "-" "Mozilla/5.0 (X11; U; Linux i686; en-US; rv:1.8.1.19) Gecko/20081202 Firefox (Debian-2.0.0.19-0etch1)"
119.63.196.83 - - [22/Jul/2011:21:46:12 -0500] "GET /journal/table-of-contents/vol-1-no-1 HTTP/1.1" 200 5768 "-" "Mozilla/5.0 (compatible; Baiduspider/2.0; +http://www.baidu.com/search/spider.html)"
66.249.72.79 - - [22/Jul/2011:21:49:59 -0500] "GET /images/facebook175w.gif HTTP/1.1" 200 2542 "-" "Googlebot-Image/1.0"
66.249.72.79 - - [22/Jul/2011:22:45:48 -0500] "GET /images/linkedin175w.gif HTTP/1.1" 200 3837 "-" "Googlebot-Image/1.0"
119.63.196.41 - - [22/Jul/2011:23:20:59 -0500] "GET /journal/ijpp-profile HTTP/1.1" 200 6747 "-" "Mozilla/5.0 (compatible; Baiduspider/2.0; +http://www.baidu.com/search/spider.html)"
66.249.72.79 - - [22/Jul/2011:23:42:03 -0500] "GET /images/facebook_32.png HTTP/1.1" 200 888 "-" "Googlebot-Image/1.0"
38.99.82.230 - - [23/Jul/2011:00:17:28 -0500] "GET /robots.txt HTTP/1.0" 200 85 "-" "Mozilla/5.0 (X11; U; Linux i686; en-US; rv:1.8.1.19) Gecko/20081202 Firefox (Debian-2.0.0.19-0etch1)"
38.99.82.230 - - [23/Jul/2011:00:17:29 -0500] "GET / HTTP/1.0" 200 6537 "-" "Mozilla/5.0 (X11; U; Linux i686; en-US; rv:1.8.1.19) Gecko/20081202 Firefox (Debian-2.0.0.19-0etch1)"
66.249.72.13 - - [23/Jul/2011:00:30:34 -0500] "GET /sitemap.xml.gz HTTP/1.1" 404 5651 "-" "Mozilla/5.0 (compatible; Googlebot/2.1; +http://www.google.com/bot.html)"
66.249.72.79 - - [23/Jul/2011:00:37:26 -0500] "GET /images/linkedin_32.png HTTP/1.1" 200 1057 "-" "Googlebot-Image/1.0"
184.106.111.192 - - [23/Jul/2011:00:47:23 -0500] "POST /wp-cron.php?doing_wp_cron HTTP/1.0" 200 - "-" "WordPress/3.0.4; http://npcassoc.org"
66.249.72.13 - - [23/Jul/2011:00:47:22 -0500] "GET /sitemap.xml.gz HTTP/1.1" 404 5651 "-" "Mozilla/5.0 (compatible; Googlebot/2.1; +http://www.google.com/bot.html)"
66.249.72.170 - - [23/Jul/2011:01:33:15 -0500] "GET /images/facebook175w.gif HTTP/1.1" 200 2542 "-" "Googlebot-Image/1.0"
38.99.82.232 - - [23/Jul/2011:01:38:22 -0500] "GET /robots.txt HTTP/1.0" 200 85 "-" "Mozilla/5.0 (X11; U; Linux i686; en-US; rv:1.8.1.19) Gecko/20081202 Firefox (Debian-2.0.0.19-0etch1)"
38.99.82.232 - - [23/Jul/2011:01:38:23 -0500] "GET / HTTP/1.0" 200 6537 "-" "Mozilla/5.0 (X11; U; Linux i686; en-US; rv:1.8.1.19) Gecko/20081202 Firefox (Debian-2.0.0.19-0etch1)"
123.125.71.96 - - [23/Jul/2011:02:20:50 -0500] "GET / HTTP/1.1" 200 27115 "-" "Mozilla/5.0 (compatible; Baiduspider/2.0; +http://www.baidu.com/search/spider.html)"
220.181.108.166 - - [23/Jul/2011:02:20:58 -0500] "GET / HTTP/1.1" 200 27115 "-" "Mozilla/5.0 (compatible; Baiduspider/2.0; +http://www.baidu.com/search/spider.html)"
119.63.196.120 - - [23/Jul/2011:02:54:02 -0500] "GET /journal/featured-journals HTTP/1.1" 200 6881 "-" "Mozilla/5.0 (compatible; Baiduspider/2.0; +http://www.baidu.com/search/spider.html)"
74.125.90.81 - - [23/Jul/2011:03:55:49 -0500] "GET /googlehostedservice.html HTTP/1.1" 301 - "-" "Jakarta Commons-HttpClient/3.1"
74.125.92.87 - - [23/Jul/2011:03:55:48 -0500] "GET /googlehostedservice.html HTTP/1.1" 404 33457 "-" "Jakarta Commons-HttpClient/3.1"
119.63.196.104 - - [23/Jul/2011:04:52:09 -0500] "GET /journal/call-for-papers HTTP/1.1" 200 6021 "-" "Mozilla/5.0 (compatible; Baiduspider/2.0; +http://www.baidu.com/search/spider.html)"
119.63.196.15 - - [23/Jul/2011:06:25:45 -0500] "GET /journal HTTP/1.1" 200 6624 "-" "Mozilla/5.0 (compatible; Baiduspider/2.0; +http://www.baidu.com/search/spider.html)"
66.249.72.13 - - [23/Jul/2011:07:42:16 -0500] "GET /robots.txt HTTP/1.1" 200 85 "-" "Mozilla/5.0 (compatible; Googlebot/2.1; +http://www.google.com/bot.html)"
66.249.72.13 - - [23/Jul/2011:07:42:17 -0500] "GET /grukzdcyvldxyq.html HTTP/1.1" 404 5651 "-" "Mozilla/5.0 (compatible; Googlebot/2.1; +http://www.google.com/bot.html)"
119.63.196.108 - - [23/Jul/2011:07:56:05 -0500] "GET /journal/editors HTTP/1.1" 200 6344 "-" "Mozilla/5.0 (compatible; Baiduspider/2.0; +http://www.baidu.com/search/spider.html)"
66.249.72.13 - - [23/Jul/2011:07:58:35 -0500] "GET / HTTP/1.1" 200 6537 "-" "Mozilla/5.0 (compatible; Googlebot/2.1; +http://www.google.com/bot.html)"
66.249.72.13 - - [23/Jul/2011:08:02:13 -0500] "GET /docs/ijpp/mills.pdf HTTP/1.1" 304 - "-" "Mozilla/5.0 (compatible; Googlebot/2.1; +http://www.google.com/bot.html)"
123.125.71.34 - - [23/Jul/2011:08:12:03 -0500] "GET / HTTP/1.1" 200 6537 "-" "Mozilla/5.0 (compatible; Baiduspider/2.0; +http://www.baidu.com/search/spider.html)"
119.63.196.56 - - [23/Jul/2011:09:21:35 -0500] "GET /journal/table-of-contents/vol-1-no-2 HTTP/1.1" 200 5705 "-" "Mozilla/5.0 (compatible; Baiduspider/2.0; +http://www.baidu.com/search/spider.html)"
38.99.82.239 - - [23/Jul/2011:09:41:09 -0500] "GET /robots.txt HTTP/1.0" 200 85 "-" "Mozilla/5.0 (X11; U; Linux i686; en-US; rv:1.8.1.19) Gecko/20081202 Firefox (Debian-2.0.0.19-0etch1)"
38.99.82.239 - - [23/Jul/2011:09:41:11 -0500] "GET / HTTP/1.0" 200 6537 "-" "Mozilla/5.0 (X11; U; Linux i686; en-US; rv:1.8.1.19) Gecko/20081202 Firefox (Debian-2.0.0.19-0etch1)"
66.249.67.132 - - [23/Jul/2011:09:56:33 -0500] "GET /robots.txt HTTP/1.1" 200 85 "-" "Mozilla/5.0 (compatible; Googlebot/2.1; +http://www.google.com/bot.html)"
66.249.67.132 - - [23/Jul/2011:09:56:34 -0500] "GET /docs/ijpp/Kierkegaard.pdf HTTP/1.1" 304 - "-" "Mozilla/5.0 (compatible; Googlebot/2.1; +http://www.google.com/bot.html)"
66.249.67.132 - - [23/Jul/2011:10:07:25 -0500] "GET /docs/ijpp/jenkins.pdf HTTP/1.1" 304 - "-" "Mozilla/5.0 (compatible; Googlebot/2.1; +http://www.google.com/bot.html)"
66.249.67.132 - - [23/Jul/2011:10:36:23 -0500] "GET /docs/ijpp/THEORIES_OF_CONSCIOUSNESS.pdf HTTP/1.1" 304 - "-" "Mozilla/5.0 (compatible; Googlebot/2.1; +http://www.google.com/bot.html)"
119.63.196.110 - - [23/Jul/2011:10:51:46 -0500] "GET /application HTTP/1.1" 200 5759 "-" "Mozilla/5.0 (compatible; Baiduspider/2.0; +http://www.baidu.com/search/spider.html)"
66.249.67.132 - - [23/Jul/2011:11:05:20 -0500] "GET /docs/ijpp/lydiaamir.pdf HTTP/1.1" 304 - "-" "Mozilla/5.0 (compatible; Googlebot/2.1; +http://www.google.com/bot.html)"
38.99.82.238 - - [23/Jul/2011:11:06:31 -0500] "GET /robots.txt HTTP/1.0" 200 85 "-" "Mozilla/5.0 (X11; U; Linux i686; en-US; rv:1.8.1.19) Gecko/20081202 Firefox (Debian-2.0.0.19-0etch1)"
38.99.82.238 - - [23/Jul/2011:11:06:32 -0500] "GET / HTTP/1.0" 200 6537 "-" "Mozilla/5.0 (X11; U; Linux i686; en-US; rv:1.8.1.19) Gecko/20081202 Firefox (Debian-2.0.0.19-0etch1)"
66.249.67.132 - - [23/Jul/2011:11:21:38 -0500] "GET /docs/ijpp/metaphysics_of_LBT10V3N1.pdf HTTP/1.1" 304 - "-" "Mozilla/5.0 (compatible; Googlebot/2.1; +http://www.google.com/bot.html)"
74.125.92.83 - - [23/Jul/2011:11:50:08 -0500] "GET /googlehostedservice.html HTTP/1.1" 301 - "-" "Jakarta Commons-HttpClient/3.1"
