174.133.5.250 - - [03/Aug/2011:05:36:04 -0500] "GET /journal/table-of-contents/vol-2-no-2 HTTP/1.1" 200 30831 "-" "Mozilla/5.0 (compatible; Purebot/1.1; +http://www.puritysearch.net/)"
174.133.5.250 - - [03/Aug/2011:05:36:06 -0500] "GET /journal/table-of-contents/vol-2-no-3 HTTP/1.1" 200 30504 "-" "Mozilla/5.0 (compatible; Purebot/1.1; +http://www.puritysearch.net/)"
174.133.5.250 - - [03/Aug/2011:05:36:10 -0500] "GET /journal/table-of-contents/vol-2-no-4 HTTP/1.1" 200 30469 "-" "Mozilla/5.0 (compatible; Purebot/1.1; +http://www.puritysearch.net/)"
174.133.5.250 - - [03/Aug/2011:05:36:12 -0500] "GET /journal/table-of-contents/vol-3-no-1 HTTP/1.1" 200 30834 "-" "Mozilla/5.0 (compatible; Purebot/1.1; +http://www.puritysearch.net/)"
174.133.5.250 - - [03/Aug/2011:05:36:14 -0500] "GET /journal/featured-journals HTTP/1.1" 200 33536 "-" "Mozilla/5.0 (compatible; Purebot/1.1; +http://www.puritysearch.net/)"
174.133.5.250 - - [03/Aug/2011:05:36:16 -0500] "GET /journal/ijpp-profile HTTP/1.1" 200 32704 "-" "Mozilla/5.0 (compatible; Purebot/1.1; +http://www.puritysearch.net/)"
174.133.5.250 - - [03/Aug/2011:05:36:18 -0500] "GET /journal/call-for-papers HTTP/1.1" 200 31320 "-" "Mozilla/5.0 (compatible; Purebot/1.1; +http://www.puritysearch.net/)"
174.133.5.250 - - [03/Aug/2011:05:36:20 -0500] "GET /application HTTP/1.1" 200 30211 "-" "Mozilla/5.0 (compatible; Purebot/1.1; +http://www.puritysearch.net/)"
119.63.196.21 - - [03/Aug/2011:05:37:28 -0500] "GET / HTTP/1.1" 200 6538 "-" "Mozilla/5.0 (compatible; Baiduspider/2.0; +http://www.baidu.com/search/spider.html)"
66.249.72.13 - - [03/Aug/2011:06:21:20 -0500] "GET /docs/ASPCPV2N1.pdf HTTP/1.1" 304 - "-" "Mozilla/5.0 (compatible; Googlebot/2.1; +http://www.google.com/bot.html)"
74.125.90.87 - - [03/Aug/2011:11:48:58 -0500] "GET /googlehostedservice.html HTTP/1.1" 301 - "-" "Jakarta Commons-HttpClient/3.1"
74.125.90.87 - - [03/Aug/2011:11:48:57 -0500] "GET /googlehostedservice.html HTTP/1.1" 404 33458 "-" "Jakarta Commons-HttpClient/3.1"
216.145.17.190 - - [03/Aug/2011:14:47:47 -0500] "GET /robots.txt HTTP/1.0" 200 69 "-" "Mozilla/5.0 (Windows; U; Windows NT 5.1; en; rv:1.9.0.13) Gecko/2009073022 Firefox/3.5.2 (.NET CLR 3.5.30729) SurveyBot/2.3 (DomainTools)"
184.106.111.192 - - [03/Aug/2011:14:47:47 -0500] "POST /wp-cron.php?doing_wp_cron HTTP/1.0" 200 - "-" "WordPress/3.0.4; http://npcassoc.org"
216.145.17.190 - - [03/Aug/2011:14:47:49 -0500] "GET / HTTP/1.1" 200 6537 "http://whois.domaintools.com/nationalphilosophicalcounselingassociation.org" "Mozilla/5.0 (Windows; U; Windows NT 5.1; en; rv:1.9.0.13) Gecko/2009073022 Firefox/3.5.2 (.NET CLR 3.5.30729) SurveyBot/2.3 (DomainTools)"
74.125.90.83 - - [03/Aug/2011:19:53:32 -0500] "GET /googlehostedservice.html HTTP/1.1" 301 - "-" "Jakarta Commons-HttpClient/3.1"
74.125.92.80 - - [03/Aug/2011:19:53:32 -0500] "GET /googlehostedservice.html HTTP/1.1" 404 33458 "-" "Jakarta Commons-HttpClient/3.1"
64.246.165.190 - - [03/Aug/2011:20:58:41 -0500] "GET /robots.txt HTTP/1.0" 200 69 "-" "Mozilla/5.0 (Windows; U; Windows NT 5.1; en; rv:1.9.0.13) Gecko/2009073022 Firefox/3.5.2 (.NET CLR 3.5.30729) SurveyBot/2.3 (DomainTools)"
64.246.165.190 - - [03/Aug/2011:20:58:43 -0500] "GET / HTTP/1.1" 301 20 "http://whois.domaintools.com/npcassoc.org" "Mozilla/5.0 (Windows; U; Windows NT 5.1; en; rv:1.9.0.13) Gecko/2009073022 Firefox/3.5.2 (.NET CLR 3.5.30729) SurveyBot/2.3 (DomainTools)"
64.246.165.190 - - [03/Aug/2011:20:58:43 -0500] "GET / HTTP/1.1" 200 6538 "http://whois.domaintools.com/npcassoc.org" "Mozilla/5.0 (Windows; U; Windows NT 5.1; en; rv:1.9.0.13) Gecko/2009073022 Firefox/3.5.2 (.NET CLR 3.5.30729) SurveyBot/2.3 (DomainTools)"
184.106.111.192 - - [04/Aug/2011:02:48:42 -0500] "POST /wp-cron.php?doing_wp_cron HTTP/1.0" 200 - "-" "WordPress/3.0.4; http://npcassoc.org"
66.249.72.13 - - [04/Aug/2011:02:48:41 -0500] "GET /robots.txt HTTP/1.1" 200 85 "-" "Mozilla/5.0 (compatible; Googlebot/2.1; +http://www.google.com/bot.html)"
66.249.72.13 - - [04/Aug/2011:02:48:43 -0500] "GET /journal/ijpp-profile HTTP/1.1" 200 6748 "-" "Mozilla/5.0 (compatible; Googlebot/2.1; +http://www.google.com/bot.html)"
119.63.196.111 - - [04/Aug/2011:03:26:43 -0500] "GET / HTTP/1.1" 200 6538 "-" "Mozilla/5.0 (compatible; Baiduspider/2.0; +http://www.baidu.com/search/spider.html)"
74.125.92.86 - - [04/Aug/2011:03:51:03 -0500] "GET /googlehostedservice.html HTTP/1.1" 301 - "-" "Jakarta Commons-HttpClient/3.1"
74.125.90.83 - - [04/Aug/2011:03:51:02 -0500] "GET /googlehostedservice.html HTTP/1.1" 404 33458 "-" "Jakarta Commons-HttpClient/3.1"
66.249.72.13 - - [04/Aug/2011:05:25:23 -0500] "GET /journal/table-of-contents/vol-1-no-3 HTTP/1.1" 200 5748 "-" "Mozilla/5.0 (compatible; Googlebot/2.1; +http://www.google.com/bot.html)"
66.249.72.13 - - [04/Aug/2011:05:33:43 -0500] "GET /journal/table-of-contents HTTP/1.1" 200 5491 "-" "Mozilla/5.0 (compatible; Googlebot/2.1; +http://www.google.com/bot.html)"
66.249.72.79 - - [04/Aug/2011:05:34:39 -0500] "GET /robots.txt HTTP/1.1" 200 85 "-" "Mozilla/5.0 (compatible; Googlebot/2.1; +http://www.google.com/bot.html)"
66.249.72.79 - - [04/Aug/2011:05:34:39 -0500] "GET /javascripts/ HTTP/1.1" 404 5652 "-" "Mozilla/5.0 (compatible; Googlebot/2.1; +http://www.google.com/bot.html)"
66.249.72.217 - - [04/Aug/2011:05:39:17 -0500] "GET /robots.txt HTTP/1.1" 200 85 "-" "Mozilla/5.0 (compatible; Googlebot/2.1; +http://www.google.com/bot.html)"
66.249.72.217 - - [04/Aug/2011:05:39:17 -0500] "GET /log/ HTTP/1.1" 200 544 "-" "Mozilla/5.0 (compatible; Googlebot/2.1; +http://www.google.com/bot.html)"
66.249.72.217 - - [04/Aug/2011:05:55:01 -0500] "GET /log/access.log HTTP/1.1" 200 254929 "-" "Mozilla/5.0 (compatible; Googlebot/2.1; +http://www.google.com/bot.html)"
66.249.72.217 - - [04/Aug/2011:06:50:07 -0500] "GET /log/error.log HTTP/1.1" 304 - "-" "Mozilla/5.0 (compatible; Googlebot/2.1; +http://www.google.com/bot.html)"
99.38.246.209 - - [04/Aug/2011:10:58:58 -0500] "GET / HTTP/1.1" 200 6538 "-" "Mozilla/5.0 (Windows NT 5.1; rv:5.0) Gecko/20100101 Firefox/5.0"
99.38.246.209 - - [04/Aug/2011:10:59:00 -0500] "GET /wp-content/themes/education/style.css HTTP/1.1" 200 30200 "http://nationalphilosophicalcounselingassociation.org/" "Mozilla/5.0 (Windows NT 5.1; rv:5.0) Gecko/20100101 Firefox/5.0"
99.38.246.209 - - [04/Aug/2011:10:59:00 -0500] "GET /wp-content/themes/education/images/favicon.ico HTTP/1.1" 200 1150 "-" "Mozilla/5.0 (Windows NT 5.1; rv:5.0) Gecko/20100101 Firefox/5.0"
99.38.246.209 - - [04/Aug/2011:10:59:00 -0500] "GET /wp-content/themes/genesis/lib/js/menu/superfish.args.js?ver=1.4.1 HTTP/1.1" 200 339 "http://nationalphilosophicalcounselingassociation.org/" "Mozilla/5.0 (Windows NT 5.1; rv:5.0) Gecko/20100101 Firefox/5.0"
99.38.246.209 - - [04/Aug/2011:10:59:00 -0500] "GET /wp-content/themes/genesis/lib/js/menu/superfish.js?ver=1.4.8 HTTP/1.1" 200 3083 "http://nationalphilosophicalcounselingassociation.org/" "Mozilla/5.0 (Windows NT 5.1; rv:5.0) Gecko/20100101 Firefox/5.0"
99.38.246.209 - - [04/Aug/2011:10:59:00 -0500] "GET /wp-includes/js/jquery/jquery.js?ver=1.4.2 HTTP/1.1" 200 72194 "http://nationalphilosophicalcounselingassociation.org/" "Mozilla/5.0 (Windows NT 5.1; rv:5.0) Gecko/20100101 Firefox/5.0"
99.38.246.209 - - [04/Aug/2011:10:59:00 -0500] "GET /wp-content/themes/education/images/bg.png HTTP/1.1" 200 223 "http://npcassoc.org/wp-content/themes/education/style.css" "Mozilla/5.0 (Windows NT 5.1; rv:5.0) Gecko/20100101 Firefox/5.0"
99.38.246.209 - - [04/Aug/2011:10:59:00 -0500] "GET /wp-content/themes/education/images/rss.png HTTP/1.1" 200 526 "http://npcassoc.org/wp-content/themes/education/style.css" "Mozilla/5.0 (Windows NT 5.1; rv:5.0) Gecko/20100101 Firefox/5.0"
99.38.246.209 - - [04/Aug/2011:10:59:00 -0500] "GET /wp-content/themes/education/images/nav.png HTTP/1.1" 200 193 "http://npcassoc.org/wp-content/themes/education/style.css" "Mozilla/5.0 (Windows NT 5.1; rv:5.0) Gecko/20100101 Firefox/5.0"
99.38.246.209 - - [04/Aug/2011:10:59:00 -0500] "GET /wp-content/themes/education/images/navline.png HTTP/1.1" 200 117 "http://npcassoc.org/wp-content/themes/education/style.css" "Mozilla/5.0 (Windows NT 5.1; rv:5.0) Gecko/20100101 Firefox/5.0"
99.38.246.209 - - [04/Aug/2011:10:59:00 -0500] "GET /wp-content/themes/education/images/inner.png HTTP/1.1" 200 148 "http://npcassoc.org/wp-content/themes/education/style.css" "Mozilla/5.0 (Windows NT 5.1; rv:5.0) Gecko/20100101 Firefox/5.0"
99.38.246.209 - - [04/Aug/2011:10:59:00 -0500] "GET /wp-content/themes/education/images/content-top.png HTTP/1.1" 200 8240 "http://npcassoc.org/wp-content/themes/education/style.css" "Mozilla/5.0 (Windows NT 5.1; rv:5.0) Gecko/20100101 Firefox/5.0"
99.38.246.209 - - [04/Aug/2011:10:59:00 -0500] "GET /wp-content/themes/education/images/sidebar-list.png HTTP/1.1" 200 393 "http://npcassoc.org/wp-content/themes/education/style.css" "Mozilla/5.0 (Windows NT 5.1; rv:5.0) Gecko/20100101 Firefox/5.0"
99.38.246.209 - - [04/Aug/2011:10:59:00 -0500] "GET /wp-content/themes/education/images/footer.png HTTP/1.1" 200 118 "http://npcassoc.org/wp-content/themes/education/style.css" "Mozilla/5.0 (Windows NT 5.1; rv:5.0) Gecko/20100101 Firefox/5.0"
99.38.246.209 - - [04/Aug/2011:10:59:00 -0500] "GET /wp-content/themes/education/images/footer-top.png HTTP/1.1" 200 195 "http://npcassoc.org/wp-content/themes/education/style.css" "Mozilla/5.0 (Windows NT 5.1; rv:5.0) Gecko/20100101 Firefox/5.0"
99.38.246.209 - - [04/Aug/2011:10:59:00 -0500] "GET /wp-content/themes/education/images/arrow-down.png HTTP/1.1" 200 159 "http://npcassoc.org/wp-content/themes/education/style.css" "Mozilla/5.0 (Windows NT 5.1; rv:5.0) Gecko/20100101 Firefox/5.0"
99.38.246.209 - - [04/Aug/2011:10:59:00 -0500] "GET /wp-content/themes/education/images/sidebar-top.png HTTP/1.1" 200 3738 "http://npcassoc.org/wp-content/themes/education/style.css" "Mozilla/5.0 (Windows NT 5.1; rv:5.0) Gecko/20100101 Firefox/5.0"
99.38.246.209 - - [04/Aug/2011:10:59:00 -0500] "GET /wp-content/themes/education/images/arrow-right.png HTTP/1.1" 200 163 "http://npcassoc.org/wp-content/themes/education/style.css" "Mozilla/5.0 (Windows NT 5.1; rv:5.0) Gecko/20100101 Firefox/5.0"
99.38.246.209 - - [04/Aug/2011:10:59:20 -0500] "GET /wp-content/themes/education/images/navhov.png HTTP/1.1" 200 161 "http://npcassoc.org/wp-content/themes/education/style.css" "Mozilla/5.0 (Windows NT 5.1; rv:5.0) Gecko/20100101 Firefox/5.0"
99.38.246.209 - - [04/Aug/2011:10:59:32 -0500] "GET / HTTP/1.1" 200 6537 "-" "Mozilla/5.0 (Windows NT 5.1; rv:5.0) Gecko/20100101 Firefox/5.0"
99.38.246.209 - - [04/Aug/2011:10:59:33 -0500] "GET /wp-includes/js/jquery/jquery.js?ver=1.4.2 HTTP/1.1" 304 - "http://npcassoc.org/" "Mozilla/5.0 (Windows NT 5.1; rv:5.0) Gecko/20100101 Firefox/5.0"
99.38.246.209 - - [04/Aug/2011:10:59:33 -0500] "GET /wp-content/themes/genesis/lib/js/menu/superfish.js?ver=1.4.8 HTTP/1.1" 304 - "http://npcassoc.org/" "Mozilla/5.0 (Windows NT 5.1; rv:5.0) Gecko/20100101 Firefox/5.0"
99.38.246.209 - - [04/Aug/2011:10:59:33 -0500] "GET /wp-content/themes/genesis/lib/js/menu/superfish.args.js?ver=1.4.1 HTTP/1.1" 304 - "http://npcassoc.org/" "Mozilla/5.0 (Windows NT 5.1; rv:5.0) Gecko/20100101 Firefox/5.0"
74.125.92.85 - - [04/Aug/2011:11:54:14 -0500] "GET /googlehostedservice.html HTTP/1.1" 404 33458 "-" "Jakarta Commons-HttpClient/3.1"
74.125.92.85 - - [04/Aug/2011:11:54:15 -0500] "GET /googlehostedservice.html HTTP/1.1" 301 - "-" "Jakarta Commons-HttpClient/3.1"
184.106.111.192 - - [04/Aug/2011:20:04:35 -0500] "POST /wp-cron.php?doing_wp_cron HTTP/1.0" 200 - "-" "WordPress/3.0.4; http://npcassoc.org"
184.106.111.192 - - [04/Aug/2011:20:04:35 -0500] "POST /wp-cron.php?doing_wp_cron HTTP/1.0" 200 - "-" "WordPress/3.0.4; http://npcassoc.org"
74.125.92.87 - - [04/Aug/2011:20:04:34 -0500] "GET /googlehostedservice.html HTTP/1.1" 301 - "-" "Jakarta Commons-HttpClient/3.1"
74.125.92.91 - - [04/Aug/2011:20:04:34 -0500] "GET /googlehostedservice.html HTTP/1.1" 404 33458 "-" "Jakarta Commons-HttpClient/3.1"
184.106.111.192 - - [05/Aug/2011:02:58:18 -0500] "POST /wp-cron.php?doing_wp_cron HTTP/1.0" 200 - "-" "WordPress/3.0.4; http://npcassoc.org"
66.249.72.13 - - [05/Aug/2011:02:58:17 -0500] "GET /robots.txt HTTP/1.1" 200 85 "-" "Mozilla/5.0 (compatible; Googlebot/2.1; +http://www.google.com/bot.html)"
66.249.72.13 - - [05/Aug/2011:02:58:19 -0500] "GET /journal/table-of-contents HTTP/1.1" 200 5491 "-" "Mozilla/5.0 (compatible; Googlebot/2.1; +http://www.google.com/bot.html)"
66.249.72.79 - - [05/Aug/2011:03:19:58 -0500] "GET /robots.txt HTTP/1.1" 200 85 "-" "Mozilla/5.0 (compatible; Googlebot/2.1; +http://www.google.com/bot.html)"
66.249.72.79 - - [05/Aug/2011:03:19:59 -0500] "GET /images/ HTTP/1.1" 200 706 "-" "Mozilla/5.0 (compatible; Googlebot/2.1; +http://www.google.com/bot.html)"
123.125.71.33 - - [05/Aug/2011:03:43:32 -0500] "GET / HTTP/1.1" 200 6538 "-" "Mozilla/5.0 (compatible; Baiduspider/2.0; +http://www.baidu.com/search/spider.html)"
119.63.196.106 - - [05/Aug/2011:08:31:27 -0500] "GET / HTTP/1.1" 200 6538 "-" "Mozilla/5.0 (compatible; Baiduspider/2.0; +http://www.baidu.com/search/spider.html)"
69.58.178.59 - - [05/Aug/2011:19:16:43 -0500] "GET /robots.txt HTTP/1.1" 200 69 "-" "BlackBerry9000/4.6.0.167 Profile/MIDP-2.0 Configuration/CLDC-1.1 VendorID/102 ips-agent"
184.106.111.192 - - [05/Aug/2011:19:16:44 -0500] "POST /wp-cron.php?doing_wp_cron HTTP/1.0" 200 - "-" "WordPress/3.0.4; http://npcassoc.org"
69.58.178.59 - - [05/Aug/2011:19:16:46 -0500] "GET / HTTP/1.1" 200 32086 "-" "Mozilla/5.0 (X11; U; Linux i686; en-US; rv:1.9.1.3; ips-agent) Gecko/20090824 Fedora/1.0.7-1.1.fc4  Firefox/3.5.3"
69.58.178.59 - - [05/Aug/2011:19:20:10 -0500] "GET / HTTP/1.1" 200 32086 "-" "BlackBerry9000/4.6.0.167 Profile/MIDP-2.0 Configuration/CLDC-1.1 VendorID/102 ips-agent"
119.63.196.110 - - [05/Aug/2011:20:45:26 -0500] "GET / HTTP/1.1" 200 6538 "-" "Mozilla/5.0 (compatible; Baiduspider/2.0; +http://www.baidu.com/search/spider.html)"
69.58.178.59 - - [05/Aug/2011:23:51:42 -0500] "GET /robots.txt HTTP/1.1" 200 69 "-" "Mozilla/5.0 (X11; U; Linux i686; en-US; rv:1.9.1.3; ips-agent) Gecko/20090824 Fedora/1.0.7-1.1.fc4  Firefox/3.5.3"
69.58.178.59 - - [05/Aug/2011:23:51:45 -0500] "GET / HTTP/1.1" 301 - "-" "Mozilla/5.0 (X11; U; Linux i686; en-US; rv:1.9.1.3; ips-agent) Gecko/20090824 Fedora/1.0.7-1.1.fc4  Firefox/3.5.3"
69.58.178.59 - - [05/Aug/2011:23:55:24 -0500] "GET /robots.txt HTTP/1.1" 200 69 "-" "Mozilla/5.0 (X11; U; Linux i686; en-US; rv:1.9.1.3; ips-agent) Gecko/20090824 Fedora/1.0.7-1.1.fc4  Firefox/3.5.3"
69.58.178.59 - - [05/Aug/2011:23:55:26 -0500] "GET / HTTP/1.1" 200 32086 "-" "Mozilla/5.0 (X11; U; Linux i686; en-US; rv:1.9.1.3; ips-agent) Gecko/20090824 Fedora/1.0.7-1.1.fc4  Firefox/3.5.3"
69.58.178.59 - - [05/Aug/2011:23:59:06 -0500] "GET / HTTP/1.1" 301 - "-" "BlackBerry9000/4.6.0.167 Profile/MIDP-2.0 Configuration/CLDC-1.1 VendorID/102 ips-agent"
69.58.178.59 - - [05/Aug/2011:23:59:08 -0500] "GET / HTTP/1.1" 200 32086 "-" "BlackBerry9000/4.6.0.167 Profile/MIDP-2.0 Configuration/CLDC-1.1 VendorID/102 ips-agent"
69.58.178.59 - - [05/Aug/2011:23:59:09 -0500] "GET /services HTTP/1.1" 200 29980 "-" "Mozilla/5.0 (X11; U; Linux i686; en-US; rv:1.9.1.3; ips-agent) Gecko/20090824 Fedora/1.0.7-1.1.fc4  Firefox/3.5.3"
69.58.178.59 - - [05/Aug/2011:23:59:11 -0500] "GET /feed/rss HTTP/1.1" 200 624 "-" "Mozilla/5.0 (X11; U; Linux i686; en-US; rv:1.9.1.3; ips-agent) Gecko/20090824 Fedora/1.0.7-1.1.fc4  Firefox/3.5.3"
69.58.178.59 - - [05/Aug/2011:23:59:12 -0500] "GET /comments/feed HTTP/1.1" 404 871 "-" "Mozilla/5.0 (X11; U; Linux i686; en-US; rv:1.9.1.3; ips-agent) Gecko/20090824 Fedora/1.0.7-1.1.fc4  Firefox/3.5.3"
69.58.178.59 - - [05/Aug/2011:23:59:13 -0500] "GET /people HTTP/1.1" 200 30211 "-" "Mozilla/5.0 (X11; U; Linux i686; en-US; rv:1.9.1.3; ips-agent) Gecko/20090824 Fedora/1.0.7-1.1.fc4  Firefox/3.5.3"
69.58.178.59 - - [05/Aug/2011:23:59:15 -0500] "GET /documents HTTP/1.1" 200 30754 "-" "Mozilla/5.0 (X11; U; Linux i686; en-US; rv:1.9.1.3; ips-agent) Gecko/20090824 Fedora/1.0.7-1.1.fc4  Firefox/3.5.3"
69.58.178.59 - - [05/Aug/2011:23:59:16 -0500] "GET /services/books-articles HTTP/1.1" 200 31904 "-" "Mozilla/5.0 (X11; U; Linux i686; en-US; rv:1.9.1.3; ips-agent) Gecko/20090824 Fedora/1.0.7-1.1.fc4  Firefox/3.5.3"
69.58.178.59 - - [05/Aug/2011:23:59:17 -0500] "GET /services/albert-ellis-foundation-alliance HTTP/1.1" 200 33390 "-" "Mozilla/5.0 (X11; U; Linux i686; en-US; rv:1.9.1.3; ips-agent) Gecko/20090824 Fedora/1.0.7-1.1.fc4  Firefox/3.5.3"
69.58.178.59 - - [05/Aug/2011:23:59:19 -0500] "GET /services/conferences HTTP/1.1" 200 31292 "-" "Mozilla/5.0 (X11; U; Linux i686; en-US; rv:1.9.1.3; ips-agent) Gecko/20090824 Fedora/1.0.7-1.1.fc4  Firefox/3.5.3"
69.58.178.59 - - [05/Aug/2011:23:59:20 -0500] "GET /services/help-reinstate-albert-ellis HTTP/1.1" 200 31021 "-" "Mozilla/5.0 (X11; U; Linux i686; en-US; rv:1.9.1.3; ips-agent) Gecko/20090824 Fedora/1.0.7-1.1.fc4  Firefox/3.5.3"
69.58.178.59 - - [05/Aug/2011:23:59:22 -0500] "GET /journal HTTP/1.1" 200 32650 "-" "Mozilla/5.0 (X11; U; Linux i686; en-US; rv:1.9.1.3; ips-agent) Gecko/20090824 Fedora/1.0.7-1.1.fc4  Firefox/3.5.3"
69.58.178.59 - - [05/Aug/2011:23:59:23 -0500] "GET /journal/editors HTTP/1.1" 200 32276 "-" "Mozilla/5.0 (X11; U; Linux i686; en-US; rv:1.9.1.3; ips-agent) Gecko/20090824 Fedora/1.0.7-1.1.fc4  Firefox/3.5.3"
66.249.72.13 - - [06/Aug/2011:01:33:04 -0500] "GET /robots.txt HTTP/1.1" 200 85 "-" "Mozilla/5.0 (compatible; Googlebot/2.1; +http://www.google.com/bot.html)"
66.249.72.13 - - [06/Aug/2011:01:33:06 -0500] "GET /journal/table-of-contents/vol-1-no-3 HTTP/1.1" 200 5748 "-" "Mozilla/5.0 (compatible; Googlebot/2.1; +http://www.google.com/bot.html)"
184.106.111.192 - - [06/Aug/2011:01:33:05 -0500] "POST /wp-cron.php?doing_wp_cron HTTP/1.0" 200 - "-" "WordPress/3.0.4; http://npcassoc.org"
66.249.72.13 - - [06/Aug/2011:02:32:14 -0500] "GET /journal/ijpp-profile HTTP/1.1" 200 6748 "-" "Mozilla/5.0 (compatible; Googlebot/2.1; +http://www.google.com/bot.html)"
66.249.72.79 - - [06/Aug/2011:02:36:43 -0500] "GET /robots.txt HTTP/1.1" 200 85 "-" "Mozilla/5.0 (compatible; Googlebot/2.1; +http://www.google.com/bot.html)"
66.249.72.79 - - [06/Aug/2011:02:36:44 -0500] "GET /javascripts/ HTTP/1.1" 404 5652 "-" "Mozilla/5.0 (compatible; Googlebot/2.1; +http://www.google.com/bot.html)"
66.249.72.13 - - [06/Aug/2011:03:04:36 -0500] "GET /journal/table-of-contents HTTP/1.1" 200 5492 "-" "Mozilla/5.0 (compatible; Googlebot/2.1; +http://www.google.com/bot.html)"
119.63.196.20 - - [06/Aug/2011:09:26:22 -0500] "GET / HTTP/1.1" 200 6537 "-" "Mozilla/5.0 (compatible; Baiduspider/2.0; +http://www.baidu.com/search/spider.html)"
123.125.71.100 - - [06/Aug/2011:11:25:17 -0500] "GET / HTTP/1.1" 200 27116 "-" "Mozilla/5.0 (compatible; Baiduspider/2.0; +http://www.baidu.com/search/spider.html)"
220.181.108.187 - - [06/Aug/2011:11:25:23 -0500] "GET / HTTP/1.1" 200 27116 "-" "Mozilla/5.0 (compatible; Baiduspider/2.0; +http://www.baidu.com/search/spider.html)"
184.106.111.192 - - [06/Aug/2011:16:49:57 -0500] "POST /wp-cron.php?doing_wp_cron HTTP/1.0" 200 - "-" "WordPress/3.0.4; http://npcassoc.org"
119.63.196.81 - - [06/Aug/2011:16:49:56 -0500] "GET / HTTP/1.1" 200 6538 "-" "Mozilla/5.0 (compatible; Baiduspider/2.0; +http://www.baidu.com/search/spider.html)"
66.249.72.13 - - [06/Aug/2011:16:54:59 -0500] "GET /robots.txt HTTP/1.1" 200 85 "-" "Mozilla/5.0 (compatible; Googlebot/2.1; +http://www.google.com/bot.html)"
66.249.72.13 - - [06/Aug/2011:16:54:59 -0500] "GET /sitemap.xml.gz HTTP/1.1" 404 5653 "-" "Mozilla/5.0 (compatible; Googlebot/2.1; +http://www.google.com/bot.html)"
123.125.71.25 - - [07/Aug/2011:00:59:20 -0500] "GET / HTTP/1.1" 200 6538 "-" "Mozilla/5.0 (compatible; Baiduspider/2.0; +http://www.baidu.com/search/spider.html)"
184.106.111.192 - - [07/Aug/2011:00:59:21 -0500] "POST /wp-cron.php?doing_wp_cron HTTP/1.0" 200 - "-" "WordPress/3.0.4; http://npcassoc.org"
66.249.72.13 - - [07/Aug/2011:02:10:52 -0500] "GET /journal/table-of-contents HTTP/1.1" 200 5491 "-" "Mozilla/5.0 (compatible; Googlebot/2.1; +http://www.google.com/bot.html)"
66.249.72.13 - - [07/Aug/2011:03:18:02 -0500] "GET /sitemap.xml.gz HTTP/1.1" 404 5652 "-" "Mozilla/5.0 (compatible; Googlebot/2.1; +http://www.google.com/bot.html)"
123.125.71.16 - - [07/Aug/2011:23:25:29 -0500] "GET / HTTP/1.1" 200 6537 "-" "Mozilla/5.0 (compatible; Baiduspider/2.0; +http://www.baidu.com/search/spider.html)"
184.106.111.192 - - [07/Aug/2011:23:25:30 -0500] "POST /wp-cron.php?doing_wp_cron HTTP/1.0" 200 - "-" "WordPress/3.0.4; http://npcassoc.org"
184.106.111.192 - - [08/Aug/2011:01:12:10 -0500] "POST /wp-cron.php?doing_wp_cron HTTP/1.0" 200 - "-" "WordPress/3.0.4; http://npcassoc.org"
66.249.72.13 - - [08/Aug/2011:01:12:10 -0500] "GET /robots.txt HTTP/1.1" 200 85 "-" "Mozilla/5.0 (compatible; Googlebot/2.1; +http://www.google.com/bot.html)"
66.249.72.13 - - [08/Aug/2011:01:12:11 -0500] "GET /journal HTTP/1.1" 200 6625 "-" "Mozilla/5.0 (compatible; Googlebot/2.1; +http://www.google.com/bot.html)"
66.249.72.13 - - [08/Aug/2011:01:12:12 -0500] "GET /docs/ijpp/mills.pdf HTTP/1.1" 304 - "-" "Mozilla/5.0 (compatible; Googlebot/2.1; +http://www.google.com/bot.html)"
66.249.72.13 - - [08/Aug/2011:01:14:03 -0500] "GET /docs/ijpp/jenkins.pdf HTTP/1.1" 304 - "-" "Mozilla/5.0 (compatible; Googlebot/2.1; +http://www.google.com/bot.html)"
66.249.72.13 - - [08/Aug/2011:01:15:20 -0500] "GET /docs/ijpp/Kierkegaard.pdf HTTP/1.1" 304 - "-" "Mozilla/5.0 (compatible; Googlebot/2.1; +http://www.google.com/bot.html)"
66.249.72.13 - - [08/Aug/2011:01:15:58 -0500] "GET /docs/ijpp/THEORIES_OF_CONSCIOUSNESS.pdf HTTP/1.1" 304 - "-" "Mozilla/5.0 (compatible; Googlebot/2.1; +http://www.google.com/bot.html)"
66.249.72.13 - - [08/Aug/2011:01:16:36 -0500] "GET /docs/ijpp/lydiaamir.pdf HTTP/1.1" 304 - "-" "Mozilla/5.0 (compatible; Googlebot/2.1; +http://www.google.com/bot.html)"
66.249.72.13 - - [08/Aug/2011:01:17:14 -0500] "GET /docs/ijpp/metaphysics_of_LBT10V3N1.pdf HTTP/1.1" 304 - "-" "Mozilla/5.0 (compatible; Googlebot/2.1; +http://www.google.com/bot.html)"
66.249.72.13 - - [08/Aug/2011:01:26:10 -0500] "GET /docs/ijpp/Tuediov2n1.pdf HTTP/1.1" 304 - "-" "Mozilla/5.0 (compatible; Googlebot/2.1; +http://www.google.com/bot.html)"
66.249.72.13 - - [08/Aug/2011:01:27:26 -0500] "GET /docs/ijpp/Allen.pdf HTTP/1.1" 304 - "-" "Mozilla/5.0 (compatible; Googlebot/2.1; +http://www.google.com/bot.html)"
66.249.72.13 - - [08/Aug/2011:01:46:34 -0500] "GET /docs/ijpp/Philo_Courage.pdf HTTP/1.1" 304 - "-" "Mozilla/5.0 (compatible; Googlebot/2.1; +http://www.google.com/bot.html)"
66.249.72.13 - - [08/Aug/2011:01:55:29 -0500] "GET /docs/CohenPDF.pdf HTTP/1.1" 304 - "-" "Mozilla/5.0 (compatible; Googlebot/2.1; +http://www.google.com/bot.html)"
66.249.72.13 - - [08/Aug/2011:01:58:40 -0500] "GET /docs/ijpp/Raabe1.pdf HTTP/1.1" 304 - "-" "Mozilla/5.0 (compatible; Googlebot/2.1; +http://www.google.com/bot.html)"
66.249.72.13 - - [08/Aug/2011:02:03:08 -0500] "GET /docs/ijpp/Matz.pdf HTTP/1.1" 304 - "-" "Mozilla/5.0 (compatible; Googlebot/2.1; +http://www.google.com/bot.html)"
66.249.72.13 - - [08/Aug/2011:02:04:24 -0500] "GET /journal/table-of-contents/vol-1-no-3 HTTP/1.1" 200 5747 "-" "Mozilla/5.0 (compatible; Googlebot/2.1; +http://www.google.com/bot.html)"
66.249.72.13 - - [08/Aug/2011:02:11:25 -0500] "GET /journal/ijpp-profile HTTP/1.1" 200 6747 "-" "Mozilla/5.0 (compatible; Googlebot/2.1; +http://www.google.com/bot.html)"
66.249.72.13 - - [08/Aug/2011:02:52:51 -0500] "GET /journal/table-of-contents HTTP/1.1" 200 5490 "-" "Mozilla/5.0 (compatible; Googlebot/2.1; +http://www.google.com/bot.html)"
66.249.72.217 - - [08/Aug/2011:03:03:43 -0500] "GET /robots.txt HTTP/1.1" 200 85 "-" "Mozilla/5.0 (compatible; Googlebot/2.1; +http://www.google.com/bot.html)"
66.249.72.217 - - [08/Aug/2011:03:03:43 -0500] "GET / HTTP/1.1" 200 6537 "-" "Mozilla/5.0 (compatible; Googlebot/2.1; +http://www.google.com/bot.html)"
66.249.72.79 - - [08/Aug/2011:03:14:31 -0500] "GET /robots.txt HTTP/1.1" 200 85 "-" "Mozilla/5.0 (compatible; Googlebot/2.1; +http://www.google.com/bot.html)"
66.249.72.79 - - [08/Aug/2011:03:14:33 -0500] "GET / HTTP/1.1" 200 6537 "-" "Mozilla/5.0 (compatible; Googlebot/2.1; +http://www.google.com/bot.html)"
119.63.196.87 - - [08/Aug/2011:07:45:19 -0500] "GET / HTTP/1.1" 200 6537 "-" "Mozilla/5.0 (compatible; Baiduspider/2.0; +http://www.baidu.com/search/spider.html)"
184.106.111.192 - - [09/Aug/2011:00:42:58 -0500] "POST /wp-cron.php?doing_wp_cron HTTP/1.0" 200 - "-" "WordPress/3.0.4; http://npcassoc.org"
66.249.72.79 - - [09/Aug/2011:00:42:58 -0500] "GET /robots.txt HTTP/1.1" 200 85 "-" "Mozilla/5.0 (compatible; Googlebot/2.1; +http://www.google.com/bot.html)"
66.249.72.79 - - [09/Aug/2011:00:42:59 -0500] "GET /stylesheets/ HTTP/1.1" 404 5652 "-" "Mozilla/5.0 (compatible; Googlebot/2.1; +http://www.google.com/bot.html)"
184.106.111.192 - - [09/Aug/2011:00:55:47 -0500] "POST /wp-cron.php?doing_wp_cron HTTP/1.0" 200 - "-" "WordPress/3.0.4; http://npcassoc.org"
123.125.71.35 - - [09/Aug/2011:00:55:47 -0500] "GET / HTTP/1.1" 200 6537 "-" "Mozilla/5.0 (compatible; Baiduspider/2.0; +http://www.baidu.com/search/spider.html)"
64.202.161.41 - - [09/Aug/2011:06:42:59 -0500] "GET / HTTP/1.1" 200 32086 "-" "Mozilla/5.0 (Windows; U; Windows NT 5.1; en-US; rv:1.9.1.8) Gecko/20100202 Firefox/3.5.8 ( .NET CLR 3.5.30729)"
64.202.161.41 - - [09/Aug/2011:06:42:59 -0500] "GET / HTTP/1.1" 200 32086 "-" "Mozilla/5.0 (Windows; U; Windows NT 5.1; en-US; rv:1.9.1.8) Gecko/20100202 Firefox/3.5.8 ( .NET CLR 3.5.30729)"
64.202.161.41 - - [09/Aug/2011:06:43:01 -0500] "GET / HTTP/1.1" 200 32086 "-" "Mozilla/5.0 (Windows; U; Windows NT 5.1; en-US; rv:1.9.1.8) Gecko/20100202 Firefox/3.5.8 ( .NET CLR 3.5.30729)"
64.202.161.41 - - [09/Aug/2011:06:43:01 -0500] "GET / HTTP/1.1" 200 32086 "-" "Mozilla/5.0 (Windows; U; Windows NT 5.1; en-US; rv:1.9.1.8) Gecko/20100202 Firefox/3.5.8 ( .NET CLR 3.5.30729)"
119.63.196.18 - - [09/Aug/2011:10:57:30 -0500] "GET /robots.txt HTTP/1.1" 200 85 "-" "Baiduspider+(+http://www.baidu.com/search/spider.htm)"
184.106.111.192 - - [09/Aug/2011:16:03:04 -0500] "POST /wp-cron.php?doing_wp_cron HTTP/1.0" 200 - "-" "WordPress/3.0.4; http://npcassoc.org"
119.63.196.56 - - [09/Aug/2011:16:03:04 -0500] "GET / HTTP/1.1" 200 6536 "-" "Mozilla/5.0 (compatible; Baiduspider/2.0; +http://www.baidu.com/search/spider.html)"
66.249.71.231 - - [10/Aug/2011:00:02:16 -0500] "GET /robots.txt HTTP/1.1" 200 85 "-" "Mozilla/5.0 (compatible; Googlebot/2.1; +http://www.google.com/bot.html)"
66.249.71.231 - - [10/Aug/2011:00:02:16 -0500] "GET /application HTTP/1.1" 200 5760 "-" "Mozilla/5.0 (compatible; Googlebot/2.1; +http://www.google.com/bot.html)"
66.249.71.231 - - [10/Aug/2011:00:47:21 -0500] "GET /docs/ijpp/Taylor.pdf HTTP/1.1" 304 - "-" "Mozilla/5.0 (compatible; Googlebot/2.1; +http://www.google.com/bot.html)"
66.249.71.231 - - [10/Aug/2011:01:00:18 -0500] "GET /docs/ijpp/TillmannsV2N4.pdf HTTP/1.1" 304 - "-" "Mozilla/5.0 (compatible; Googlebot/2.1; +http://www.google.com/bot.html)"
66.249.71.231 - - [10/Aug/2011:01:03:11 -0500] "GET /docs/ijpp/Dobrin.pdf HTTP/1.1" 304 - "-" "Mozilla/5.0 (compatible; Googlebot/2.1; +http://www.google.com/bot.html)"
66.249.71.231 - - [10/Aug/2011:01:05:20 -0500] "GET /docs/ijpp/Grosso.pdf HTTP/1.1" 304 - "-" "Mozilla/5.0 (compatible; Googlebot/2.1; +http://www.google.com/bot.html)"
66.249.71.231 - - [10/Aug/2011:01:05:42 -0500] "GET /docs/ijpp/TaylorOnCohen.pdf HTTP/1.1" 304 - "-" "Mozilla/5.0 (compatible; Googlebot/2.1; +http://www.google.com/bot.html)"
184.106.111.192 - - [10/Aug/2011:01:34:07 -0500] "POST /wp-cron.php?doing_wp_cron HTTP/1.0" 200 - "-" "WordPress/3.0.4; http://npcassoc.org"
66.249.71.231 - - [10/Aug/2011:01:34:07 -0500] "GET /journal/call-for-papers HTTP/1.1" 200 6022 "-" "Mozilla/5.0 (compatible; Googlebot/2.1; +http://www.google.com/bot.html)"
66.249.71.231 - - [10/Aug/2011:01:41:19 -0500] "GET /journal/editors HTTP/1.1" 200 6345 "-" "Mozilla/5.0 (compatible; Googlebot/2.1; +http://www.google.com/bot.html)"
66.249.71.231 - - [10/Aug/2011:01:48:52 -0500] "GET /journal/featured-journals HTTP/1.1" 200 6882 "-" "Mozilla/5.0 (compatible; Googlebot/2.1; +http://www.google.com/bot.html)"
66.249.71.231 - - [10/Aug/2011:01:51:24 -0500] "GET /journal/table-of-contents/vol-1-no-1 HTTP/1.1" 200 5769 "-" "Mozilla/5.0 (compatible; Googlebot/2.1; +http://www.google.com/bot.html)"
66.249.71.231 - - [10/Aug/2011:02:00:01 -0500] "GET /journal/table-of-contents/vol-1-no-2 HTTP/1.1" 200 5707 "-" "Mozilla/5.0 (compatible; Googlebot/2.1; +http://www.google.com/bot.html)"
66.249.71.231 - - [10/Aug/2011:02:00:23 -0500] "GET /journal/table-of-contents/vol-1-no-4 HTTP/1.1" 200 5877 "-" "Mozilla/5.0 (compatible; Googlebot/2.1; +http://www.google.com/bot.html)"
66.249.71.231 - - [10/Aug/2011:02:16:13 -0500] "GET /journal/table-of-contents/vol-2-no-1 HTTP/1.1" 200 5684 "-" "Mozilla/5.0 (compatible; Googlebot/2.1; +http://www.google.com/bot.html)"
66.249.71.231 - - [10/Aug/2011:02:30:58 -0500] "GET /journal/table-of-contents/vol-2-no-2 HTTP/1.1" 200 5774 "-" "Mozilla/5.0 (compatible; Googlebot/2.1; +http://www.google.com/bot.html)"
66.249.71.231 - - [10/Aug/2011:02:57:36 -0500] "GET /journal/table-of-contents/vol-2-no-3 HTTP/1.1" 200 5711 "-" "Mozilla/5.0 (compatible; Googlebot/2.1; +http://www.google.com/bot.html)"
66.249.71.231 - - [10/Aug/2011:03:10:55 -0500] "GET /journal/table-of-contents/vol-2-no-4 HTTP/1.1" 200 5707 "-" "Mozilla/5.0 (compatible; Googlebot/2.1; +http://www.google.com/bot.html)"
66.249.71.231 - - [10/Aug/2011:03:45:49 -0500] "GET /journal/table-of-contents/vol-1-no-3 HTTP/1.1" 200 5749 "-" "Mozilla/5.0 (compatible; Googlebot/2.1; +http://www.google.com/bot.html)"
66.249.71.231 - - [10/Aug/2011:05:45:36 -0500] "GET /journal/table-of-contents HTTP/1.1" 200 5492 "-" "Mozilla/5.0 (compatible; Googlebot/2.1; +http://www.google.com/bot.html)"
119.63.196.85 - - [10/Aug/2011:12:46:22 -0500] "GET / HTTP/1.1" 200 6538 "-" "Mozilla/5.0 (compatible; Baiduspider/2.0; +http://www.baidu.com/search/spider.html)"
184.106.111.192 - - [10/Aug/2011:12:46:23 -0500] "POST /wp-cron.php?doing_wp_cron HTTP/1.0" 200 - "-" "WordPress/3.0.4; http://npcassoc.org"
119.63.196.80 - - [10/Aug/2011:13:49:25 -0500] "GET /robots.txt HTTP/1.1" 200 85 "-" "Baiduspider+(+http://www.baidu.com/search/spider.htm)"
119.63.196.113 - - [10/Aug/2011:14:35:35 -0500] "GET / HTTP/1.1" 200 6537 "-" "Mozilla/5.0 (compatible; Baiduspider/2.0; +http://www.baidu.com/search/spider.html)"
184.106.111.192 - - [11/Aug/2011:13:49:52 -0500] "POST /wp-cron.php?doing_wp_cron HTTP/1.0" 200 - "-" "WordPress/3.0.4; http://npcassoc.org"
119.63.196.113 - - [11/Aug/2011:13:49:51 -0500] "GET /robots.txt HTTP/1.1" 200 85 "-" "Baiduspider+(+http://www.baidu.com/search/spider.htm)"
123.125.71.23 - - [11/Aug/2011:14:39:36 -0500] "GET / HTTP/1.1" 200 6538 "-" "Mozilla/5.0 (compatible; Baiduspider/2.0; +http://www.baidu.com/search/spider.html)"
123.125.71.14 - - [11/Aug/2011:14:39:44 -0500] "GET /journal/table-of-contents/vol-2-no-3 HTTP/1.1" 200 5711 "-" "Mozilla/5.0 (compatible; Baiduspider/2.0; +http://www.baidu.com/search/spider.html)"
123.125.71.20 - - [11/Aug/2011:14:39:47 -0500] "GET /services HTTP/1.1" 200 5501 "-" "Mozilla/5.0 (compatible; Baiduspider/2.0; +http://www.baidu.com/search/spider.html)"
123.125.71.17 - - [11/Aug/2011:14:39:49 -0500] "GET /journal/featured-journals HTTP/1.1" 200 6881 "-" "Mozilla/5.0 (compatible; Baiduspider/2.0; +http://www.baidu.com/search/spider.html)"
123.125.71.35 - - [11/Aug/2011:14:39:51 -0500] "GET /journal/table-of-contents/vol-2-no-4 HTTP/1.1" 200 5706 "-" "Mozilla/5.0 (compatible; Baiduspider/2.0; +http://www.baidu.com/search/spider.html)"
123.125.71.33 - - [11/Aug/2011:14:39:54 -0500] "GET /journal/table-of-contents/vol-2-no-2 HTTP/1.1" 200 5774 "-" "Mozilla/5.0 (compatible; Baiduspider/2.0; +http://www.baidu.com/search/spider.html)"
123.125.71.17 - - [11/Aug/2011:14:39:56 -0500] "GET /journal/ijpp-profile HTTP/1.1" 200 6748 "-" "Mozilla/5.0 (compatible; Baiduspider/2.0; +http://www.baidu.com/search/spider.html)"
123.125.71.36 - - [11/Aug/2011:14:39:58 -0500] "GET /journal/table-of-contents/vol-1-no-2 HTTP/1.1" 200 5707 "-" "Mozilla/5.0 (compatible; Baiduspider/2.0; +http://www.baidu.com/search/spider.html)"
123.125.71.24 - - [11/Aug/2011:14:40:01 -0500] "GET /services/conferences HTTP/1.1" 200 6120 "-" "Mozilla/5.0 (compatible; Baiduspider/2.0; +http://www.baidu.com/search/spider.html)"
123.125.71.15 - - [11/Aug/2011:14:40:05 -0500] "GET /application HTTP/1.1" 200 5759 "-" "Mozilla/5.0 (compatible; Baiduspider/2.0; +http://www.baidu.com/search/spider.html)"
123.125.71.20 - - [11/Aug/2011:14:40:08 -0500] "GET /services/help-reinstate-albert-ellis HTTP/1.1" 200 6029 "-" "Mozilla/5.0 (compatible; Baiduspider/2.0; +http://www.baidu.com/search/spider.html)"
123.125.71.36 - - [11/Aug/2011:14:40:10 -0500] "GET /journal/call-for-papers HTTP/1.1" 200 6022 "-" "Mozilla/5.0 (compatible; Baiduspider/2.0; +http://www.baidu.com/search/spider.html)"
123.125.71.20 - - [11/Aug/2011:14:40:12 -0500] "GET /journal/table-of-contents HTTP/1.1" 200 5491 "-" "Mozilla/5.0 (compatible; Baiduspider/2.0; +http://www.baidu.com/search/spider.html)"
123.125.71.18 - - [11/Aug/2011:14:40:15 -0500] "GET /journal/table-of-contents/vol-3-no-1 HTTP/1.1" 200 5860 "-" "Mozilla/5.0 (compatible; Baiduspider/2.0; +http://www.baidu.com/search/spider.html)"
123.125.71.25 - - [11/Aug/2011:14:40:17 -0500] "GET /xmlrpc.php?rsd HTTP/1.1" 200 303 "-" "Mozilla/5.0 (compatible; Baiduspider/2.0; +http://www.baidu.com/search/spider.html)"
123.125.71.33 - - [11/Aug/2011:14:40:19 -0500] "GET /journal/table-of-contents/vol-1-no-1 HTTP/1.1" 200 5769 "-" "Mozilla/5.0 (compatible; Baiduspider/2.0; +http://www.baidu.com/search/spider.html)"
123.125.71.35 - - [11/Aug/2011:14:40:21 -0500] "GET /journal/table-of-contents/vol-2-no-1 HTTP/1.1" 200 5684 "-" "Mozilla/5.0 (compatible; Baiduspider/2.0; +http://www.baidu.com/search/spider.html)"
123.125.71.16 - - [11/Aug/2011:14:40:24 -0500] "GET /wp-content/themes/education/style.css HTTP/1.1" 200 30200 "-" "Mozilla/5.0 (compatible; Baiduspider/2.0; +http://www.baidu.com/search/spider.html)"
123.125.71.12 - - [11/Aug/2011:14:40:26 -0500] "GET /journal HTTP/1.1" 200 6625 "-" "Mozilla/5.0 (compatible; Baiduspider/2.0; +http://www.baidu.com/search/spider.html)"
123.125.71.23 - - [11/Aug/2011:14:40:28 -0500] "GET /feed HTTP/1.1" 200 719 "-" "Mozilla/5.0 (compatible; Baiduspider/2.0; +http://www.baidu.com/search/spider.html)"
123.125.71.21 - - [11/Aug/2011:14:40:31 -0500] "GET /journal/table-of-contents/vol-1-no-4 HTTP/1.1" 200 5876 "-" "Mozilla/5.0 (compatible; Baiduspider/2.0; +http://www.baidu.com/search/spider.html)"
123.125.71.22 - - [11/Aug/2011:14:40:33 -0500] "GET /xmlrpc.php HTTP/1.1" 200 60 "-" "Mozilla/5.0 (compatible; Baiduspider/2.0; +http://www.baidu.com/search/spider.html)"
123.125.71.19 - - [11/Aug/2011:14:40:35 -0500] "GET /people HTTP/1.1" 200 5578 "-" "Mozilla/5.0 (compatible; Baiduspider/2.0; +http://www.baidu.com/search/spider.html)"
123.125.71.35 - - [11/Aug/2011:14:40:37 -0500] "GET /services/books-articles HTTP/1.1" 200 6437 "-" "Mozilla/5.0 (compatible; Baiduspider/2.0; +http://www.baidu.com/search/spider.html)"
123.125.71.25 - - [11/Aug/2011:14:40:40 -0500] "GET /services/albert-ellis-foundation-alliance HTTP/1.1" 200 6915 "-" "Mozilla/5.0 (compatible; Baiduspider/2.0; +http://www.baidu.com/search/spider.html)"
123.125.71.15 - - [11/Aug/2011:14:40:42 -0500] "GET /documents HTTP/1.1" 200 5669 "-" "Mozilla/5.0 (compatible; Baiduspider/2.0; +http://www.baidu.com/search/spider.html)"
123.125.71.21 - - [11/Aug/2011:14:40:45 -0500] "GET /comments/feed HTTP/1.1" 404 468 "-" "Mozilla/5.0 (compatible; Baiduspider/2.0; +http://www.baidu.com/search/spider.html)"
123.125.71.33 - - [11/Aug/2011:14:40:47 -0500] "GET /journal/editors HTTP/1.1" 200 6344 "-" "Mozilla/5.0 (compatible; Baiduspider/2.0; +http://www.baidu.com/search/spider.html)"
66.249.72.182 - - [12/Aug/2011:00:11:38 -0500] "GET /robots.txt HTTP/1.1" 200 85 "-" "Mozilla/5.0 (compatible; Googlebot/2.1; +http://www.google.com/bot.html)"
66.249.72.182 - - [12/Aug/2011:00:11:38 -0500] "GET / HTTP/1.1" 200 6539 "-" "Mozilla/5.0 (compatible; Googlebot/2.1; +http://www.google.com/bot.html)"
66.249.72.182 - - [12/Aug/2011:00:11:46 -0500] "GET /services/books-articles HTTP/1.1" 200 6439 "-" "Mozilla/5.0 (compatible; Googlebot/2.1; +http://www.google.com/bot.html)"
66.249.72.182 - - [12/Aug/2011:00:11:47 -0500] "GET /services/conferences HTTP/1.1" 200 6121 "-" "Mozilla/5.0 (compatible; Googlebot/2.1; +http://www.google.com/bot.html)"
66.249.72.182 - - [12/Aug/2011:00:16:46 -0500] "GET /services/help-reinstate-albert-ellis HTTP/1.1" 200 6030 "-" "Mozilla/5.0 (compatible; Googlebot/2.1; +http://www.google.com/bot.html)"
66.249.72.182 - - [12/Aug/2011:00:32:07 -0500] "GET /journal/table-of-contents/vol-3-no-1 HTTP/1.1" 200 5861 "-" "Mozilla/5.0 (compatible; Googlebot/2.1; +http://www.google.com/bot.html)"
119.63.196.41 - - [12/Aug/2011:00:51:34 -0500] "GET / HTTP/1.1" 200 6539 "-" "Mozilla/5.0 (compatible; Baiduspider/2.0; +http://www.baidu.com/search/spider.html)"
184.106.111.192 - - [12/Aug/2011:00:51:34 -0500] "POST /wp-cron.php?doing_wp_cron HTTP/1.0" 200 - "-" "WordPress/3.0.4; http://npcassoc.org"
66.249.72.217 - - [12/Aug/2011:00:56:17 -0500] "GET /robots.txt HTTP/1.1" 200 85 "-" "Mozilla/5.0 (compatible; Googlebot/2.1; +http://www.google.com/bot.html)"
66.249.72.217 - - [12/Aug/2011:00:56:17 -0500] "GET / HTTP/1.1" 301 20 "-" "Mozilla/5.0 (compatible; Googlebot/2.1; +http://www.google.com/bot.html)"
66.249.72.182 - - [12/Aug/2011:01:00:26 -0500] "GET /services/albert-ellis-foundation-alliance HTTP/1.1" 200 6916 "-" "Mozilla/5.0 (compatible; Googlebot/2.1; +http://www.google.com/bot.html)"
66.249.72.182 - - [12/Aug/2011:01:12:04 -0500] "GET /journal HTTP/1.1" 200 6626 "-" "Mozilla/5.0 (compatible; Googlebot/2.1; +http://www.google.com/bot.html)"
66.249.72.182 - - [12/Aug/2011:02:07:31 -0500] "GET /journal/table-of-contents/vol-1-no-3 HTTP/1.1" 200 5747 "-" "Mozilla/5.0 (compatible; Googlebot/2.1; +http://www.google.com/bot.html)"
66.249.72.182 - - [12/Aug/2011:02:27:57 -0500] "GET /journal/ijpp-profile HTTP/1.1" 200 6748 "-" "Mozilla/5.0 (compatible; Googlebot/2.1; +http://www.google.com/bot.html)"
66.249.72.182 - - [12/Aug/2011:03:24:08 -0500] "GET /journal/table-of-contents HTTP/1.1" 200 5492 "-" "Mozilla/5.0 (compatible; Googlebot/2.1; +http://www.google.com/bot.html)"
123.125.71.102 - - [12/Aug/2011:07:20:28 -0500] "GET / HTTP/1.1" 200 27117 "-" "Mozilla/5.0 (compatible; Baiduspider/2.0; +http://www.baidu.com/search/spider.html)"
220.181.108.169 - - [12/Aug/2011:07:20:33 -0500] "GET / HTTP/1.1" 200 27117 "-" "Mozilla/5.0 (compatible; Baiduspider/2.0; +http://www.baidu.com/search/spider.html)"
66.249.72.182 - - [12/Aug/2011:11:53:45 -0500] "GET /sitemap.xml.gz HTTP/1.1" 404 5653 "-" "Mozilla/5.0 (compatible; Googlebot/2.1; +http://www.google.com/bot.html)"
184.106.111.192 - - [12/Aug/2011:13:31:43 -0500] "POST /wp-cron.php?doing_wp_cron HTTP/1.0" 200 - "-" "WordPress/3.0.4; http://npcassoc.org"
66.249.72.182 - - [12/Aug/2011:13:31:42 -0500] "GET /sitemap.xml.gz HTTP/1.1" 404 5653 "-" "Mozilla/5.0 (compatible; Googlebot/2.1; +http://www.google.com/bot.html)"
119.63.196.50 - - [12/Aug/2011:14:35:25 -0500] "GET /documents HTTP/1.1" 200 5670 "-" "Mozilla/5.0 (compatible; Baiduspider/2.0; +http://www.baidu.com/search/spider.html)"
123.125.71.112 - - [12/Aug/2011:15:19:35 -0500] "GET / HTTP/1.1" 200 27117 "-" "Mozilla/5.0 (compatible; Baiduspider/2.0; +http://www.baidu.com/search/spider.html)"
220.181.108.79 - - [12/Aug/2011:15:19:37 -0500] "GET / HTTP/1.1" 200 27117 "-" "Mozilla/5.0 (compatible; Baiduspider/2.0; +http://www.baidu.com/search/spider.html)"
119.63.196.120 - - [12/Aug/2011:15:37:57 -0500] "GET /journal/table-of-contents HTTP/1.1" 200 5492 "-" "Mozilla/5.0 (compatible; Baiduspider/2.0; +http://www.baidu.com/search/spider.html)"
119.63.196.104 - - [12/Aug/2011:16:28:14 -0500] "GET /journal/table-of-contents/vol-1-no-4 HTTP/1.1" 200 5877 "-" "Mozilla/5.0 (compatible; Baiduspider/2.0; +http://www.baidu.com/search/spider.html)"
119.63.196.55 - - [12/Aug/2011:17:19:29 -0500] "GET /journal/table-of-contents/vol-2-no-3 HTTP/1.1" 200 5711 "-" "Mozilla/5.0 (compatible; Baiduspider/2.0; +http://www.baidu.com/search/spider.html)"
119.63.196.83 - - [12/Aug/2011:18:09:55 -0500] "GET /services/albert-ellis-foundation-alliance HTTP/1.1" 200 6917 "-" "Mozilla/5.0 (compatible; Baiduspider/2.0; +http://www.baidu.com/search/spider.html)"
119.63.196.102 - - [12/Aug/2011:22:25:44 -0500] "GET / HTTP/1.1" 200 6538 "-" "Mozilla/5.0 (compatible; Baiduspider/2.0; +http://www.baidu.com/search/spider.html)"
66.249.72.225 - - [12/Aug/2011:23:25:36 -0500] "GET /robots.txt HTTP/1.1" 200 85 "-" "Mozilla/5.0 (compatible; Googlebot/2.1; +http://www.google.com/bot.html)"
66.249.72.225 - - [12/Aug/2011:23:25:36 -0500] "GET /log/ HTTP/1.1" 200 543 "-" "Mozilla/5.0 (compatible; Googlebot/2.1; +http://www.google.com/bot.html)"
119.63.196.54 - - [13/Aug/2011:00:20:13 -0500] "GET /xmlrpc.php?rsd HTTP/1.1" 200 303 "-" "Mozilla/5.0 (compatible; Baiduspider/2.0; +http://www.baidu.com/search/spider.html)"
119.63.196.102 - - [13/Aug/2011:01:09:28 -0500] "GET /services/conferences HTTP/1.1" 200 6121 "-" "Mozilla/5.0 (compatible; Baiduspider/2.0; +http://www.baidu.com/search/spider.html)"
184.106.111.192 - - [13/Aug/2011:01:09:28 -0500] "POST /wp-cron.php?doing_wp_cron HTTP/1.0" 200 - "-" "WordPress/3.0.4; http://npcassoc.org"
119.63.196.40 - - [13/Aug/2011:02:29:00 -0500] "GET /comments/feed HTTP/1.1" 404 468 "-" "Mozilla/5.0 (compatible; Baiduspider/2.0; +http://www.baidu.com/search/spider.html)"
119.63.196.113 - - [13/Aug/2011:10:24:09 -0500] "GET / HTTP/1.1" 200 6538 "-" "Mozilla/5.0 (compatible; Baiduspider/2.0; +http://www.baidu.com/search/spider.html)"
119.63.196.27 - - [13/Aug/2011:11:14:02 -0500] "GET /documents HTTP/1.1" 200 5669 "-" "Mozilla/5.0 (compatible; Baiduspider/2.0; +http://www.baidu.com/search/spider.html)"
123.125.71.32 - - [13/Aug/2011:11:16:30 -0500] "GET / HTTP/1.1" 200 6538 "-" "Mozilla/5.0 (compatible; Baiduspider/2.0; +http://www.baidu.com/search/spider.html)"
119.63.196.18 - - [13/Aug/2011:12:04:50 -0500] "GET /journal HTTP/1.1" 200 6625 "-" "Mozilla/5.0 (compatible; Baiduspider/2.0; +http://www.baidu.com/search/spider.html)"
184.106.111.192 - - [13/Aug/2011:12:54:03 -0500] "POST /wp-cron.php?doing_wp_cron HTTP/1.0" 200 - "-" "WordPress/3.0.4; http://npcassoc.org"
119.63.196.51 - - [13/Aug/2011:12:54:02 -0500] "GET /journal/table-of-contents HTTP/1.1" 200 5491 "-" "Mozilla/5.0 (compatible; Baiduspider/2.0; +http://www.baidu.com/search/spider.html)"
119.63.196.76 - - [13/Aug/2011:13:45:06 -0500] "GET /journal/table-of-contents/vol-1-no-4 HTTP/1.1" 200 5877 "-" "Mozilla/5.0 (compatible; Baiduspider/2.0; +http://www.baidu.com/search/spider.html)"
119.63.196.111 - - [13/Aug/2011:14:34:39 -0500] "GET /services/albert-ellis-foundation-alliance HTTP/1.1" 200 6916 "-" "Mozilla/5.0 (compatible; Baiduspider/2.0; +http://www.baidu.com/search/spider.html)"
99.38.246.209 - - [13/Aug/2011:14:57:01 -0500] "GET / HTTP/1.1" 200 6278 "-" "Mozilla/5.0 (Windows NT 5.1; rv:5.0) Gecko/20100101 Firefox/5.0"
99.38.246.209 - - [13/Aug/2011:14:57:02 -0500] "GET /wp-content/themes/education/style.css HTTP/1.1" 200 30200 "http://npcassoc.org/" "Mozilla/5.0 (Windows NT 5.1; rv:5.0) Gecko/20100101 Firefox/5.0"
119.63.196.52 - - [13/Aug/2011:22:50:59 -0500] "GET /journal/call-for-papers HTTP/1.1" 200 6022 "-" "Mozilla/5.0 (compatible; Baiduspider/2.0; +http://www.baidu.com/search/spider.html)"
119.63.196.38 - - [13/Aug/2011:23:26:13 -0500] "GET /journal/featured-journals HTTP/1.1" 200 6882 "-" "Mozilla/5.0 (compatible; Baiduspider/2.0; +http://www.baidu.com/search/spider.html)"
66.249.68.248 - - [13/Aug/2011:23:47:15 -0500] "GET /robots.txt HTTP/1.1" 200 85 "-" "Mozilla/5.0 (compatible; Googlebot/2.1; +http://www.google.com/bot.html)"
66.249.68.248 - - [13/Aug/2011:23:47:15 -0500] "GET /journal/call-for-papers HTTP/1.1" 200 6023 "-" "Mozilla/5.0 (compatible; Googlebot/2.1; +http://www.google.com/bot.html)"
119.63.196.48 - - [14/Aug/2011:00:04:48 -0500] "GET /journal/ijpp-profile HTTP/1.1" 200 6749 "-" "Mozilla/5.0 (compatible; Baiduspider/2.0; +http://www.baidu.com/search/spider.html)"
66.249.68.248 - - [14/Aug/2011:00:39:26 -0500] "GET /docs/ijpp/sagebelief.pdf HTTP/1.1" 304 - "-" "Mozilla/5.0 (compatible; Googlebot/2.1; +http://www.google.com/bot.html)"
119.63.196.78 - - [14/Aug/2011:00:54:03 -0500] "GET /journal/table-of-contents/vol-2-no-1 HTTP/1.1" 200 5684 "-" "Mozilla/5.0 (compatible; Baiduspider/2.0; +http://www.baidu.com/search/spider.html)"
184.106.111.192 - - [14/Aug/2011:01:24:08 -0500] "POST /wp-cron.php?doing_wp_cron HTTP/1.0" 200 - "-" "WordPress/3.0.4; http://npcassoc.org"
119.63.196.14 - - [14/Aug/2011:01:24:07 -0500] "GET /journal/table-of-contents/vol-2-no-4 HTTP/1.1" 200 5706 "-" "Mozilla/5.0 (compatible; Baiduspider/2.0; +http://www.baidu.com/search/spider.html)"
119.63.196.20 - - [14/Aug/2011:02:15:01 -0500] "GET /xmlrpc.php?rsd HTTP/1.1" 200 303 "-" "Mozilla/5.0 (compatible; Baiduspider/2.0; +http://www.baidu.com/search/spider.html)"
66.249.68.248 - - [14/Aug/2011:04:28:46 -0500] "GET /robots.txt HTTP/1.1" 200 85 "-" "Mozilla/5.0 (compatible; Googlebot/2.1; +http://www.google.com/bot.html)"
66.249.68.248 - - [14/Aug/2011:04:28:47 -0500] "GET /docs/ijpp/martin.pdf HTTP/1.1" 304 - "-" "Mozilla/5.0 (compatible; Googlebot/2.1; +http://www.google.com/bot.html)"
66.249.68.248 - - [14/Aug/2011:04:54:16 -0500] "GET /docs/ijpp/Angelett.pdf HTTP/1.1" 304 - "-" "Mozilla/5.0 (compatible; Googlebot/2.1; +http://www.google.com/bot.html)"
66.249.68.248 - - [14/Aug/2011:05:19:44 -0500] "GET /journal/table-of-contents/vol-2-no-1 HTTP/1.1" 200 5684 "-" "Mozilla/5.0 (compatible; Googlebot/2.1; +http://www.google.com/bot.html)"
66.249.68.248 - - [14/Aug/2011:05:45:13 -0500] "GET /journal/table-of-contents/vol-2-no-2 HTTP/1.1" 200 5773 "-" "Mozilla/5.0 (compatible; Googlebot/2.1; +http://www.google.com/bot.html)"
66.249.68.248 - - [14/Aug/2011:06:36:17 -0500] "GET /application HTTP/1.1" 200 5760 "-" "Mozilla/5.0 (compatible; Googlebot/2.1; +http://www.google.com/bot.html)"
66.249.68.248 - - [14/Aug/2011:07:01:43 -0500] "GET /journal/table-of-contents/vol-1-no-1 HTTP/1.1" 200 5769 "-" "Mozilla/5.0 (compatible; Googlebot/2.1; +http://www.google.com/bot.html)"
66.249.68.248 - - [14/Aug/2011:07:27:13 -0500] "GET /journal/table-of-contents/vol-1-no-2 HTTP/1.1" 200 5707 "-" "Mozilla/5.0 (compatible; Googlebot/2.1; +http://www.google.com/bot.html)"
123.125.71.19 - - [14/Aug/2011:07:46:23 -0500] "GET /comments/feed HTTP/1.1" 404 468 "-" "Mozilla/5.0 (compatible; Baiduspider/2.0; +http://www.baidu.com/search/spider.html)"
66.249.68.248 - - [14/Aug/2011:07:52:39 -0500] "GET /journal/table-of-contents/vol-1-no-3 HTTP/1.1" 200 5750 "-" "Mozilla/5.0 (compatible; Googlebot/2.1; +http://www.google.com/bot.html)"
66.249.68.248 - - [14/Aug/2011:08:42:55 -0500] "GET /journal/table-of-contents/vol-1-no-4 HTTP/1.1" 200 5877 "-" "Mozilla/5.0 (compatible; Googlebot/2.1; +http://www.google.com/bot.html)"
66.249.68.248 - - [14/Aug/2011:09:07:39 -0500] "GET /journal/table-of-contents HTTP/1.1" 200 5492 "-" "Mozilla/5.0 (compatible; Googlebot/2.1; +http://www.google.com/bot.html)"
119.63.196.56 - - [14/Aug/2011:11:45:25 -0500] "GET / HTTP/1.1" 200 6538 "-" "Mozilla/5.0 (compatible; Baiduspider/2.0; +http://www.baidu.com/search/spider.html)"
66.249.68.248 - - [14/Aug/2011:12:00:32 -0500] "GET /journal/table-of-contents/vol-2-no-4 HTTP/1.1" 200 5706 "-" "Mozilla/5.0 (compatible; Googlebot/2.1; +http://www.google.com/bot.html)"
119.63.196.42 - - [14/Aug/2011:12:34:25 -0500] "GET /xmlrpc.php HTTP/1.1" 200 60 "-" "Mozilla/5.0 (compatible; Baiduspider/2.0; +http://www.baidu.com/search/spider.html)"
123.125.71.30 - - [14/Aug/2011:13:12:42 -0500] "GET / HTTP/1.1" 200 6538 "-" "Mozilla/5.0 (compatible; Baiduspider/2.0; +http://www.baidu.com/search/spider.html)"
184.106.111.192 - - [14/Aug/2011:13:23:43 -0500] "POST /wp-cron.php?doing_wp_cron HTTP/1.0" 200 - "-" "WordPress/3.0.4; http://npcassoc.org"
119.63.196.90 - - [14/Aug/2011:13:23:42 -0500] "GET /journal/table-of-contents/vol-1-no-2 HTTP/1.1" 200 5707 "-" "Mozilla/5.0 (compatible; Baiduspider/2.0; +http://www.baidu.com/search/spider.html)"
119.63.196.114 - - [14/Aug/2011:14:14:17 -0500] "GET /journal/editors HTTP/1.1" 200 6344 "-" "Mozilla/5.0 (compatible; Baiduspider/2.0; +http://www.baidu.com/search/spider.html)"
119.63.196.42 - - [14/Aug/2011:15:03:25 -0500] "GET /journal HTTP/1.1" 200 6626 "-" "Mozilla/5.0 (compatible; Baiduspider/2.0; +http://www.baidu.com/search/spider.html)"
66.249.67.153 - - [14/Aug/2011:18:11:32 -0500] "GET /robots.txt HTTP/1.1" 200 85 "-" "Mozilla/5.0 (compatible; Googlebot/2.1; +http://www.google.com/bot.html)"
66.249.67.153 - - [14/Aug/2011:18:11:32 -0500] "GET /images/ HTTP/1.1" 200 706 "-" "Mozilla/5.0 (compatible; Googlebot/2.1; +http://www.google.com/bot.html)"
66.249.67.153 - - [14/Aug/2011:19:00:44 -0500] "GET /javascripts/ HTTP/1.1" 404 5653 "-" "Mozilla/5.0 (compatible; Googlebot/2.1; +http://www.google.com/bot.html)"
66.249.67.166 - - [14/Aug/2011:22:26:27 -0500] "GET /robots.txt HTTP/1.1" 200 85 "-" "Mozilla/5.0 (compatible; Googlebot/2.1; +http://www.google.com/bot.html)"
66.249.67.166 - - [14/Aug/2011:22:26:27 -0500] "GET /javascripts/ HTTP/1.1" 301 20 "-" "Mozilla/5.0 (compatible; Googlebot/2.1; +http://www.google.com/bot.html)"
66.249.68.248 - - [14/Aug/2011:22:26:27 -0500] "GET /robots.txt HTTP/1.1" 200 85 "-" "Mozilla/5.0 (compatible; Googlebot/2.1; +http://www.google.com/bot.html)"
66.249.68.248 - - [14/Aug/2011:22:26:28 -0500] "GET /docs/ijpp/jenkins.pdf HTTP/1.1" 304 - "-" "Mozilla/5.0 (compatible; Googlebot/2.1; +http://www.google.com/bot.html)"
