74.125.92.83 - - [23/Jul/2011:11:50:07 -0500] "GET /googlehostedservice.html HTTP/1.1" 404 33457 "-" "Jakarta Commons-HttpClient/3.1"
66.249.67.134 - - [23/Jul/2011:12:12:20 -0500] "GET /robots.txt HTTP/1.1" 200 85 "-" "Mozilla/5.0 (compatible; Googlebot/2.1; +http://www.google.com/bot.html)"
66.249.67.134 - - [23/Jul/2011:12:12:21 -0500] "GET /images/ HTTP/1.1" 200 685 "-" "Mozilla/5.0 (compatible; Googlebot/2.1; +http://www.google.com/bot.html)"
66.249.67.132 - - [23/Jul/2011:12:15:57 -0500] "GET /docs/ijpp/Philo_Courage.pdf HTTP/1.1" 304 - "-" "Mozilla/5.0 (compatible; Googlebot/2.1; +http://www.google.com/bot.html)"
119.63.196.44 - - [23/Jul/2011:12:21:48 -0500] "GET /comments/feed HTTP/1.1" 404 468 "-" "Mozilla/5.0 (compatible; Baiduspider/2.0; +http://www.baidu.com/search/spider.html)"
66.249.67.132 - - [23/Jul/2011:12:55:47 -0500] "GET /docs/ijpp/Tuediov2n1.pdf HTTP/1.1" 304 - "-" "Mozilla/5.0 (compatible; Googlebot/2.1; +http://www.google.com/bot.html)"
66.249.67.132 - - [23/Jul/2011:13:24:44 -0500] "GET /docs/ijpp/Allen.pdf HTTP/1.1" 304 - "-" "Mozilla/5.0 (compatible; Googlebot/2.1; +http://www.google.com/bot.html)"
184.106.111.192 - - [23/Jul/2011:13:51:48 -0500] "POST /wp-cron.php?doing_wp_cron HTTP/1.0" 200 - "-" "WordPress/3.0.4; http://npcassoc.org"
119.63.196.43 - - [23/Jul/2011:13:51:47 -0500] "GET /feed HTTP/1.1" 200 719 "-" "Mozilla/5.0 (compatible; Baiduspider/2.0; +http://www.baidu.com/search/spider.html)"
66.249.67.132 - - [23/Jul/2011:13:55:48 -0500] "GET /sitemap.xml.gz HTTP/1.1" 404 5651 "-" "Mozilla/5.0 (compatible; Googlebot/2.1; +http://www.google.com/bot.html)"
66.249.67.132 - - [23/Jul/2011:13:57:19 -0500] "GET /docs/ijpp/Matz.pdf HTTP/1.1" 304 - "-" "Mozilla/5.0 (compatible; Googlebot/2.1; +http://www.google.com/bot.html)"
66.249.67.132 - - [23/Jul/2011:14:58:51 -0500] "GET /docs/CohenPDF.pdf HTTP/1.1" 304 - "-" "Mozilla/5.0 (compatible; Googlebot/2.1; +http://www.google.com/bot.html)"
119.63.196.43 - - [23/Jul/2011:15:18:52 -0500] "GET /journal/table-of-contents/vol-1-no-3 HTTP/1.1" 200 5748 "-" "Mozilla/5.0 (compatible; Baiduspider/2.0; +http://www.baidu.com/search/spider.html)"
66.249.67.132 - - [23/Jul/2011:15:36:47 -0500] "GET /docs/ijpp/Raabe1.pdf HTTP/1.1" 304 - "-" "Mozilla/5.0 (compatible; Googlebot/2.1; +http://www.google.com/bot.html)"
66.249.67.148 - - [23/Jul/2011:16:14:45 -0500] "GET /robots.txt HTTP/1.1" 200 85 "-" "Mozilla/5.0 (compatible; Googlebot/2.1; +http://www.google.com/bot.html)"
66.249.67.148 - - [23/Jul/2011:16:14:46 -0500] "GET /images/ HTTP/1.1" 200 706 "-" "Mozilla/5.0 (compatible; Googlebot/2.1; +http://www.google.com/bot.html)"
66.249.67.132 - - [23/Jul/2011:16:24:22 -0500] "GET /sitemap.xml.gz HTTP/1.1" 404 5651 "-" "Mozilla/5.0 (compatible; Googlebot/2.1; +http://www.google.com/bot.html)"
66.249.67.132 - - [23/Jul/2011:16:31:00 -0500] "GET /docs/ijpp/Dobrin.pdf HTTP/1.1" 304 - "-" "Mozilla/5.0 (compatible; Googlebot/2.1; +http://www.google.com/bot.html)"
119.63.196.107 - - [23/Jul/2011:16:48:55 -0500] "GET /journal/table-of-contents/vol-2-no-4 HTTP/1.1" 200 5705 "-" "Mozilla/5.0 (compatible; Baiduspider/2.0; +http://www.baidu.com/search/spider.html)"
66.249.67.132 - - [23/Jul/2011:16:50:53 -0500] "GET /docs/ijpp/TillmannsV2N4.pdf HTTP/1.1" 304 - "-" "Mozilla/5.0 (compatible; Googlebot/2.1; +http://www.google.com/bot.html)"
66.249.67.132 - - [23/Jul/2011:17:34:15 -0500] "GET /docs/ijpp/TaylorOnCohen.pdf HTTP/1.1" 304 - "-" "Mozilla/5.0 (compatible; Googlebot/2.1; +http://www.google.com/bot.html)"
66.249.67.132 - - [23/Jul/2011:18:01:21 -0500] "GET /docs/ijpp/Taylor.pdf HTTP/1.1" 304 - "-" "Mozilla/5.0 (compatible; Googlebot/2.1; +http://www.google.com/bot.html)"
66.249.67.132 - - [23/Jul/2011:18:12:12 -0500] "GET /docs/ijpp/Grosso.pdf HTTP/1.1" 304 - "-" "Mozilla/5.0 (compatible; Googlebot/2.1; +http://www.google.com/bot.html)"
119.63.196.87 - - [23/Jul/2011:18:19:28 -0500] "GET /journal/table-of-contents/vol-3-no-1 HTTP/1.1" 200 5859 "-" "Mozilla/5.0 (compatible; Baiduspider/2.0; +http://www.baidu.com/search/spider.html)"
66.249.67.134 - - [23/Jul/2011:18:46:32 -0500] "GET /javascripts/ HTTP/1.1" 301 20 "-" "Mozilla/5.0 (compatible; Googlebot/2.1; +http://www.google.com/bot.html)"
66.249.67.132 - - [23/Jul/2011:18:46:34 -0500] "GET /javascripts/ HTTP/1.1" 404 5651 "-" "Mozilla/5.0 (compatible; Googlebot/2.1; +http://www.google.com/bot.html)"
66.249.67.134 - - [23/Jul/2011:19:10:01 -0500] "GET /stylesheets/ HTTP/1.1" 301 20 "-" "Mozilla/5.0 (compatible; Googlebot/2.1; +http://www.google.com/bot.html)"
66.249.67.132 - - [23/Jul/2011:19:10:02 -0500] "GET /stylesheets/ HTTP/1.1" 404 5651 "-" "Mozilla/5.0 (compatible; Googlebot/2.1; +http://www.google.com/bot.html)"
66.249.67.148 - - [23/Jul/2011:19:15:27 -0500] "GET /javascripts/ HTTP/1.1" 404 5652 "-" "Mozilla/5.0 (compatible; Googlebot/2.1; +http://www.google.com/bot.html)"
66.249.67.148 - - [23/Jul/2011:19:37:08 -0500] "GET /stylesheets/ HTTP/1.1" 404 5651 "-" "Mozilla/5.0 (compatible; Googlebot/2.1; +http://www.google.com/bot.html)"
66.249.67.132 - - [23/Jul/2011:19:38:56 -0500] "GET /application HTTP/1.1" 200 5759 "-" "Mozilla/5.0 (compatible; Googlebot/2.1; +http://www.google.com/bot.html)"
66.249.67.132 - - [23/Jul/2011:19:40:44 -0500] "GET /journal/call-for-papers HTTP/1.1" 200 6022 "-" "Mozilla/5.0 (compatible; Googlebot/2.1; +http://www.google.com/bot.html)"
119.63.196.20 - - [23/Jul/2011:19:51:11 -0500] "GET /people HTTP/1.1" 200 5578 "-" "Mozilla/5.0 (compatible; Baiduspider/2.0; +http://www.baidu.com/search/spider.html)"
74.125.92.90 - - [23/Jul/2011:19:53:34 -0500] "GET /googlehostedservice.html HTTP/1.1" 404 33457 "-" "Jakarta Commons-HttpClient/3.1"
74.125.92.90 - - [23/Jul/2011:19:53:34 -0500] "GET /googlehostedservice.html HTTP/1.1" 301 - "-" "Jakarta Commons-HttpClient/3.1"
66.249.67.132 - - [23/Jul/2011:20:20:30 -0500] "GET /journal/editors HTTP/1.1" 200 6343 "-" "Mozilla/5.0 (compatible; Googlebot/2.1; +http://www.google.com/bot.html)"
66.249.67.132 - - [23/Jul/2011:20:49:54 -0500] "GET /journal/featured-journals HTTP/1.1" 200 6881 "-" "Mozilla/5.0 (compatible; Googlebot/2.1; +http://www.google.com/bot.html)"
66.249.67.132 - - [23/Jul/2011:20:51:11 -0500] "GET /journal/ijpp-profile HTTP/1.1" 200 6748 "-" "Mozilla/5.0 (compatible; Googlebot/2.1; +http://www.google.com/bot.html)"
66.249.67.132 - - [23/Jul/2011:21:03:50 -0500] "GET /journal/table-of-contents/vol-1-no-1 HTTP/1.1" 200 5768 "-" "Mozilla/5.0 (compatible; Googlebot/2.1; +http://www.google.com/bot.html)"
119.63.196.53 - - [23/Jul/2011:21:19:03 -0500] "GET / HTTP/1.1" 200 6538 "-" "Mozilla/5.0 (compatible; Baiduspider/2.0; +http://www.baidu.com/search/spider.html)"
66.249.67.132 - - [23/Jul/2011:21:32:45 -0500] "GET /journal/table-of-contents/vol-1-no-2 HTTP/1.1" 200 5704 "-" "Mozilla/5.0 (compatible; Googlebot/2.1; +http://www.google.com/bot.html)"
66.249.67.132 - - [23/Jul/2011:22:23:21 -0500] "GET /journal/table-of-contents/vol-1-no-3 HTTP/1.1" 200 5744 "-" "Mozilla/5.0 (compatible; Googlebot/2.1; +http://www.google.com/bot.html)"
66.249.67.132 - - [23/Jul/2011:22:36:00 -0500] "GET /journal/table-of-contents/vol-1-no-4 HTTP/1.1" 200 5875 "-" "Mozilla/5.0 (compatible; Googlebot/2.1; +http://www.google.com/bot.html)"
119.63.196.82 - - [23/Jul/2011:22:49:38 -0500] "GET /wp-content/themes/education/style.css HTTP/1.1" 200 30200 "-" "Mozilla/5.0 (compatible; Baiduspider/2.0; +http://www.baidu.com/search/spider.html)"
66.249.67.132 - - [23/Jul/2011:22:50:27 -0500] "GET /journal/table-of-contents/vol-2-no-1 HTTP/1.1" 200 5682 "-" "Mozilla/5.0 (compatible; Googlebot/2.1; +http://www.google.com/bot.html)"
66.249.67.132 - - [23/Jul/2011:23:12:09 -0500] "GET /journal/table-of-contents/vol-2-no-2 HTTP/1.1" 200 5772 "-" "Mozilla/5.0 (compatible; Googlebot/2.1; +http://www.google.com/bot.html)"
66.249.67.132 - - [23/Jul/2011:23:21:11 -0500] "GET /journal/table-of-contents/vol-2-no-3 HTTP/1.1" 200 5710 "-" "Mozilla/5.0 (compatible; Googlebot/2.1; +http://www.google.com/bot.html)"
184.106.111.192 - - [24/Jul/2011:01:33:08 -0500] "POST /wp-cron.php?doing_wp_cron HTTP/1.0" 200 - "-" "WordPress/3.0.4; http://npcassoc.org"
66.249.67.132 - - [24/Jul/2011:01:33:06 -0500] "GET /journal/table-of-contents/vol-2-no-4 HTTP/1.1" 200 5705 "-" "Mozilla/5.0 (compatible; Googlebot/2.1; +http://www.google.com/bot.html)"
66.249.67.132 - - [24/Jul/2011:01:43:57 -0500] "GET /journal/table-of-contents/vol-3-no-1 HTTP/1.1" 200 5859 "-" "Mozilla/5.0 (compatible; Googlebot/2.1; +http://www.google.com/bot.html)"
66.249.67.132 - - [24/Jul/2011:01:58:24 -0500] "GET /journal HTTP/1.1" 200 6625 "-" "Mozilla/5.0 (compatible; Googlebot/2.1; +http://www.google.com/bot.html)"
66.249.67.132 - - [24/Jul/2011:02:05:38 -0500] "GET /journal/table-of-contents HTTP/1.1" 200 5490 "-" "Mozilla/5.0 (compatible; Googlebot/2.1; +http://www.google.com/bot.html)"
66.249.67.132 - - [24/Jul/2011:02:39:58 -0500] "GET /services/albert-ellis-foundation-alliance HTTP/1.1" 200 6916 "-" "Mozilla/5.0 (compatible; Googlebot/2.1; +http://www.google.com/bot.html)"
66.249.67.132 - - [24/Jul/2011:03:26:57 -0500] "GET /services/books-articles HTTP/1.1" 200 6437 "-" "Mozilla/5.0 (compatible; Googlebot/2.1; +http://www.google.com/bot.html)"
74.125.90.85 - - [24/Jul/2011:03:49:38 -0500] "GET /googlehostedservice.html HTTP/1.1" 301 - "-" "Jakarta Commons-HttpClient/3.1"
74.125.90.85 - - [24/Jul/2011:03:49:38 -0500] "GET /googlehostedservice.html HTTP/1.1" 404 33457 "-" "Jakarta Commons-HttpClient/3.1"
66.249.67.132 - - [24/Jul/2011:03:55:52 -0500] "GET /log/ HTTP/1.1" 200 519 "-" "Mozilla/5.0 (compatible; Googlebot/2.1; +http://www.google.com/bot.html)"
66.249.67.132 - - [24/Jul/2011:04:21:10 -0500] "GET /services/help-reinstate-albert-ellis HTTP/1.1" 200 6028 "-" "Mozilla/5.0 (compatible; Googlebot/2.1; +http://www.google.com/bot.html)"
66.249.67.132 - - [24/Jul/2011:04:32:00 -0500] "GET /services/conferences HTTP/1.1" 200 6119 "-" "Mozilla/5.0 (compatible; Googlebot/2.1; +http://www.google.com/bot.html)"
119.63.196.121 - - [24/Jul/2011:09:15:43 -0500] "GET /feed HTTP/1.1" 200 719 "-" "Mozilla/5.0 (compatible; Baiduspider/2.0; +http://www.baidu.com/search/spider.html)"
66.249.67.132 - - [24/Jul/2011:09:45:33 -0500] "GET /sitemap.xml.gz HTTP/1.1" 404 5651 "-" "Mozilla/5.0 (compatible; Googlebot/2.1; +http://www.google.com/bot.html)"
119.63.196.108 - - [24/Jul/2011:10:47:37 -0500] "GET /journal/table-of-contents/vol-2-no-2 HTTP/1.1" 200 5772 "-" "Mozilla/5.0 (compatible; Baiduspider/2.0; +http://www.baidu.com/search/spider.html)"
66.249.67.132 - - [24/Jul/2011:11:37:09 -0500] "GET /robots.txt HTTP/1.1" 200 85 "-" "Mozilla/5.0 (compatible; Googlebot/2.1; +http://www.google.com/bot.html)"
66.249.67.132 - - [24/Jul/2011:11:37:11 -0500] "GET /sitemap.xml.gz HTTP/1.1" 404 5651 "-" "Mozilla/5.0 (compatible; Googlebot/2.1; +http://www.google.com/bot.html)"
74.125.90.91 - - [24/Jul/2011:11:50:59 -0500] "GET /googlehostedservice.html HTTP/1.1" 301 - "-" "Jakarta Commons-HttpClient/3.1"
74.125.90.90 - - [24/Jul/2011:11:50:58 -0500] "GET /googlehostedservice.html HTTP/1.1" 404 33457 "-" "Jakarta Commons-HttpClient/3.1"
119.63.196.40 - - [24/Jul/2011:12:19:50 -0500] "GET /journal/table-of-contents/vol-3-no-1 HTTP/1.1" 200 5859 "-" "Mozilla/5.0 (compatible; Baiduspider/2.0; +http://www.baidu.com/search/spider.html)"
184.106.111.192 - - [24/Jul/2011:13:49:29 -0500] "POST /wp-cron.php?doing_wp_cron HTTP/1.0" 200 - "-" "WordPress/3.0.4; http://npcassoc.org"
119.63.196.91 - - [24/Jul/2011:13:49:28 -0500] "GET /services/books-articles HTTP/1.1" 200 6437 "-" "Mozilla/5.0 (compatible; Baiduspider/2.0; +http://www.baidu.com/search/spider.html)"
119.63.196.106 - - [24/Jul/2011:15:22:05 -0500] "GET /services/help-reinstate-albert-ellis HTTP/1.1" 200 6028 "-" "Mozilla/5.0 (compatible; Baiduspider/2.0; +http://www.baidu.com/search/spider.html)"
66.249.67.132 - - [24/Jul/2011:18:55:57 -0500] "GET /docs/ijpp/sagebelief.pdf HTTP/1.1" 304 - "-" "Mozilla/5.0 (compatible; Googlebot/2.1; +http://www.google.com/bot.html)"
74.125.90.91 - - [24/Jul/2011:19:53:54 -0500] "GET /googlehostedservice.html HTTP/1.1" 301 - "-" "Jakarta Commons-HttpClient/3.1"
74.125.90.83 - - [24/Jul/2011:19:53:54 -0500] "GET /googlehostedservice.html HTTP/1.1" 404 33457 "-" "Jakarta Commons-HttpClient/3.1"
119.63.196.115 - - [24/Jul/2011:20:08:21 -0500] "GET / HTTP/1.1" 200 6538 "-" "Mozilla/5.0 (compatible; Baiduspider/2.0; +http://www.baidu.com/search/spider.html)"
66.249.67.132 - - [24/Jul/2011:20:15:14 -0500] "GET /docs/ijpp/martin.pdf HTTP/1.1" 304 - "-" "Mozilla/5.0 (compatible; Googlebot/2.1; +http://www.google.com/bot.html)"
119.63.196.85 - - [24/Jul/2011:21:12:09 -0500] "GET / HTTP/1.1" 200 6536 "-" "Mozilla/5.0 (compatible; Baiduspider/2.0; +http://www.baidu.com/search/spider.html)"
66.249.67.132 - - [24/Jul/2011:22:10:13 -0500] "GET /docs/ijpp/Angelett.pdf HTTP/1.1" 304 - "-" "Mozilla/5.0 (compatible; Googlebot/2.1; +http://www.google.com/bot.html)"
119.63.196.10 - - [24/Jul/2011:22:44:54 -0500] "GET /1_hello-world.html HTTP/1.1" 200 6179 "-" "Mozilla/5.0 (compatible; Baiduspider/2.0; +http://www.baidu.com/search/spider.html)"
123.125.71.98 - - [24/Jul/2011:23:18:36 -0500] "GET / HTTP/1.1" 200 27115 "-" "Mozilla/5.0 (compatible; Baiduspider/2.0; +http://www.baidu.com/search/spider.html)"
220.181.108.167 - - [24/Jul/2011:23:18:38 -0500] "GET / HTTP/1.1" 200 27115 "-" "Mozilla/5.0 (compatible; Baiduspider/2.0; +http://www.baidu.com/search/spider.html)"
123.125.71.18 - - [24/Jul/2011:23:48:51 -0500] "GET / HTTP/1.1" 200 6538 "-" "Mozilla/5.0 (compatible; Baiduspider/2.0; +http://www.baidu.com/search/spider.html)"
184.106.111.192 - - [25/Jul/2011:01:49:19 -0500] "POST /wp-cron.php?doing_wp_cron HTTP/1.0" 200 - "-" "WordPress/3.0.4; http://npcassoc.org"
66.249.68.230 - - [25/Jul/2011:01:49:17 -0500] "GET /robots.txt HTTP/1.1" 200 85 "-" "Mozilla/5.0 (compatible; Googlebot/2.1; +http://www.google.com/bot.html)"
66.249.68.230 - - [25/Jul/2011:01:49:20 -0500] "GET / HTTP/1.1" 200 6538 "-" "Mozilla/5.0 (compatible; Googlebot/2.1; +http://www.google.com/bot.html)"
66.249.67.132 - - [25/Jul/2011:02:00:08 -0500] "GET /docs/ijpp/Amir.pdf HTTP/1.1" 304 - "-" "Mozilla/5.0 (compatible; Googlebot/2.1; +http://www.google.com/bot.html)"
66.249.67.132 - - [25/Jul/2011:02:57:43 -0500] "GET /docs/ijpp/Hoffman.pdf HTTP/1.1" 304 - "-" "Mozilla/5.0 (compatible; Googlebot/2.1; +http://www.google.com/bot.html)"
66.249.67.134 - - [25/Jul/2011:03:43:39 -0500] "GET /robots.txt HTTP/1.1" 200 85 "-" "Mozilla/5.0 (compatible; Googlebot/2.1; +http://www.google.com/bot.html)"
66.249.67.134 - - [25/Jul/2011:03:43:40 -0500] "GET / HTTP/1.1" 301 20 "-" "Mozilla/5.0 (compatible; Googlebot/2.1; +http://www.google.com/bot.html)"
66.249.67.132 - - [25/Jul/2011:03:43:41 -0500] "GET / HTTP/1.1" 200 6538 "-" "Mozilla/5.0 (compatible; Googlebot/2.1; +http://www.google.com/bot.html)"
74.125.92.83 - - [25/Jul/2011:03:58:52 -0500] "GET /googlehostedservice.html HTTP/1.1" 301 - "-" "Jakarta Commons-HttpClient/3.1"
74.125.92.83 - - [25/Jul/2011:03:58:52 -0500] "GET /googlehostedservice.html HTTP/1.1" 404 33457 "-" "Jakarta Commons-HttpClient/3.1"
66.249.67.132 - - [25/Jul/2011:07:22:46 -0500] "GET /sitemap.xml.gz HTTP/1.1" 404 5652 "-" "Mozilla/5.0 (compatible; Googlebot/2.1; +http://www.google.com/bot.html)"
66.249.67.132 - - [25/Jul/2011:07:55:05 -0500] "GET /sitemap.xml.gz HTTP/1.1" 404 5652 "-" "Mozilla/5.0 (compatible; Googlebot/2.1; +http://www.google.com/bot.html)"
66.249.67.132 - - [25/Jul/2011:08:11:04 -0500] "GET /docs/ijpp/Waller.pdf HTTP/1.1" 304 - "-" "Mozilla/5.0 (compatible; Googlebot/2.1; +http://www.google.com/bot.html)"
66.249.67.132 - - [25/Jul/2011:08:15:10 -0500] "GET /journal/ijpp-profile HTTP/1.1" 200 6748 "-" "Mozilla/5.0 (compatible; Googlebot/2.1; +http://www.google.com/bot.html)"
66.249.67.132 - - [25/Jul/2011:08:21:20 -0500] "GET /journal HTTP/1.1" 200 6622 "-" "Mozilla/5.0 (compatible; Googlebot/2.1; +http://www.google.com/bot.html)"
66.249.67.132 - - [25/Jul/2011:08:35:42 -0500] "GET /journal/table-of-contents/vol-1-no-3 HTTP/1.1" 200 5748 "-" "Mozilla/5.0 (compatible; Googlebot/2.1; +http://www.google.com/bot.html)"
66.249.67.132 - - [25/Jul/2011:08:52:07 -0500] "GET /journal/table-of-contents HTTP/1.1" 200 5491 "-" "Mozilla/5.0 (compatible; Googlebot/2.1; +http://www.google.com/bot.html)"
220.181.108.179 - - [25/Jul/2011:09:23:54 -0500] "GET /robots.txt HTTP/1.1" 200 85 "-" "Baiduspider+(+http://www.baidu.com/search/spider.htm)"
66.249.68.230 - - [25/Jul/2011:09:25:59 -0500] "GET /log/ HTTP/1.1" 200 539 "-" "Mozilla/5.0 (compatible; Googlebot/2.1; +http://www.google.com/bot.html)"
66.249.67.148 - - [25/Jul/2011:10:45:04 -0500] "GET /robots.txt HTTP/1.1" 200 85 "-" "Mozilla/5.0 (compatible; Googlebot/2.1; +http://www.google.com/bot.html)"
66.249.67.148 - - [25/Jul/2011:10:45:05 -0500] "GET / HTTP/1.1" 200 6538 "-" "Mozilla/5.0 (compatible; Googlebot/2.1; +http://www.google.com/bot.html)"
119.63.196.107 - - [25/Jul/2011:11:37:35 -0500] "GET /services HTTP/1.1" 200 5499 "-" "Mozilla/5.0 (compatible; Baiduspider/2.0; +http://www.baidu.com/search/spider.html)"
74.125.90.87 - - [25/Jul/2011:12:03:45 -0500] "GET /googlehostedservice.html HTTP/1.1" 301 - "-" "Jakarta Commons-HttpClient/3.1"
74.125.90.87 - - [25/Jul/2011:12:03:45 -0500] "GET /googlehostedservice.html HTTP/1.1" 404 33457 "-" "Jakarta Commons-HttpClient/3.1"
184.106.111.192 - - [25/Jul/2011:13:06:12 -0500] "POST /wp-cron.php?doing_wp_cron HTTP/1.0" 200 - "-" "WordPress/3.0.4; http://npcassoc.org"
119.63.196.113 - - [25/Jul/2011:13:06:11 -0500] "GET /services/books-articles HTTP/1.1" 200 6436 "-" "Mozilla/5.0 (compatible; Baiduspider/2.0; +http://www.baidu.com/search/spider.html)"
119.63.196.54 - - [25/Jul/2011:14:34:32 -0500] "GET /services/help-reinstate-albert-ellis HTTP/1.1" 200 6028 "-" "Mozilla/5.0 (compatible; Baiduspider/2.0; +http://www.baidu.com/search/spider.html)"
66.249.67.132 - - [25/Jul/2011:15:36:05 -0500] "GET /robots.txt HTTP/1.1" 200 85 "-" "Mozilla/5.0 (compatible; Googlebot/2.1; +http://www.google.com/bot.html)"
66.249.67.132 - - [25/Jul/2011:15:36:06 -0500] "GET /wp-content/themes/genesis/lib/js/menu/superfish.js?ver=1.4.8 HTTP/1.1" 200 3083 "-" "Mozilla/5.0 (compatible; Googlebot/2.1; +http://www.google.com/bot.html)"
66.249.67.132 - - [25/Jul/2011:15:36:06 -0500] "GET /wp-includes/js/jquery/jquery.js?ver=1.4.2 HTTP/1.1" 200 72194 "-" "Mozilla/5.0 (compatible; Googlebot/2.1; +http://www.google.com/bot.html)"
66.249.67.132 - - [25/Jul/2011:15:36:07 -0500] "GET /wp-includes/js/comment-reply.js?ver=20090102 HTTP/1.1" 200 786 "-" "Mozilla/5.0 (compatible; Googlebot/2.1; +http://www.google.com/bot.html)"
119.63.196.109 - - [25/Jul/2011:17:10:33 -0500] "GET / HTTP/1.1" 200 6536 "-" "Mozilla/5.0 (compatible; Baiduspider/2.0; +http://www.baidu.com/search/spider.html)"
74.125.90.91 - - [25/Jul/2011:20:02:52 -0500] "GET /googlehostedservice.html HTTP/1.1" 301 - "-" "Jakarta Commons-HttpClient/3.1"
74.125.90.91 - - [25/Jul/2011:20:02:52 -0500] "GET /googlehostedservice.html HTTP/1.1" 404 33457 "-" "Jakarta Commons-HttpClient/3.1"
184.106.111.192 - - [26/Jul/2011:02:41:02 -0500] "POST /wp-cron.php?doing_wp_cron HTTP/1.0" 200 - "-" "WordPress/3.0.4; http://npcassoc.org"
66.249.67.132 - - [26/Jul/2011:02:41:00 -0500] "GET /feed HTTP/1.1" 200 719 "-" "Mozilla/5.0 (compatible; Googlebot/2.1; +http://www.google.com/bot.html)"
66.249.67.132 - - [26/Jul/2011:03:23:22 -0500] "GET /1_hello-world.html HTTP/1.1" 200 6178 "-" "Mozilla/5.0 (compatible; Googlebot/2.1; +http://www.google.com/bot.html)"
74.125.92.84 - - [26/Jul/2011:03:56:18 -0500] "GET /googlehostedservice.html HTTP/1.1" 301 - "-" "Jakarta Commons-HttpClient/3.1"
74.125.90.90 - - [26/Jul/2011:03:56:18 -0500] "GET /googlehostedservice.html HTTP/1.1" 404 33457 "-" "Jakarta Commons-HttpClient/3.1"
66.249.67.132 - - [26/Jul/2011:04:19:44 -0500] "GET /cat/uncategorized HTTP/1.1" 200 5573 "-" "Mozilla/5.0 (compatible; Googlebot/2.1; +http://www.google.com/bot.html)"
66.249.67.132 - - [26/Jul/2011:04:21:08 -0500] "GET /author/aspcp/ HTTP/1.1" 301 20 "-" "Mozilla/5.0 (compatible; Googlebot/2.1; +http://www.google.com/bot.html)"
66.249.67.132 - - [26/Jul/2011:04:21:09 -0500] "GET /author/aspcp HTTP/1.1" 200 5577 "-" "Mozilla/5.0 (compatible; Googlebot/2.1; +http://www.google.com/bot.html)"
119.63.196.16 - - [26/Jul/2011:05:44:34 -0500] "GET / HTTP/1.1" 200 6536 "-" "Mozilla/5.0 (compatible; Baiduspider/2.0; +http://www.baidu.com/search/spider.html)"
123.125.71.21 - - [26/Jul/2011:06:04:05 -0500] "GET / HTTP/1.1" 200 6536 "-" "Mozilla/5.0 (compatible; Baiduspider/2.0; +http://www.baidu.com/search/spider.html)"
119.63.196.77 - - [26/Jul/2011:06:26:52 -0500] "GET /author/aspcp/ HTTP/1.1" 301 20 "-" "Mozilla/5.0 (compatible; Baiduspider/2.0; +http://www.baidu.com/search/spider.html)"
119.63.196.81 - - [26/Jul/2011:06:26:54 -0500] "GET /author/aspcp HTTP/1.1" 200 5577 "-" "Mozilla/5.0 (compatible; Baiduspider/2.0; +http://www.baidu.com/search/spider.html)"
66.249.67.132 - - [26/Jul/2011:06:55:52 -0500] "GET /journal/ijpp-profile HTTP/1.1" 200 6747 "-" "Mozilla/5.0 (compatible; Googlebot/2.1; +http://www.google.com/bot.html)"
66.249.67.132 - - [26/Jul/2011:07:38:23 -0500] "GET /javascripts/ HTTP/1.1" 404 5651 "-" "Mozilla/5.0 (compatible; Googlebot/2.1; +http://www.google.com/bot.html)"
66.249.67.132 - - [26/Jul/2011:07:54:31 -0500] "GET /journal HTTP/1.1" 200 6624 "-" "Mozilla/5.0 (compatible; Googlebot/2.1; +http://www.google.com/bot.html)"
66.249.67.132 - - [26/Jul/2011:08:45:19 -0500] "GET /journal/table-of-contents/vol-1-no-3 HTTP/1.1" 200 5748 "-" "Mozilla/5.0 (compatible; Googlebot/2.1; +http://www.google.com/bot.html)"
123.125.71.19 - - [26/Jul/2011:08:57:05 -0500] "GET /robots.txt HTTP/1.1" 200 85 "-" "Baiduspider+(+http://www.baidu.com/search/spider.htm)"
204.19.0.112 - - [26/Jul/2011:09:34:09 -0500] "GET /services/help-reinstate-albert-ellis HTTP/1.1" 200 6028 "-" "Mozilla/5.0 (Windows NT 6.1; rv:5.0) Gecko/20100101 Firefox/5.0"
204.19.0.112 - - [26/Jul/2011:09:34:10 -0500] "GET /wp-content/themes/education/style.css HTTP/1.1" 200 30200 "http://npcassoc.org/services/help-reinstate-albert-ellis" "Mozilla/5.0 (Windows NT 6.1; rv:5.0) Gecko/20100101 Firefox/5.0"
204.19.0.112 - - [26/Jul/2011:09:34:10 -0500] "GET /wp-includes/js/comment-reply.js?ver=20090102 HTTP/1.1" 200 786 "http://npcassoc.org/services/help-reinstate-albert-ellis" "Mozilla/5.0 (Windows NT 6.1; rv:5.0) Gecko/20100101 Firefox/5.0"
204.19.0.112 - - [26/Jul/2011:09:34:10 -0500] "GET /wp-content/themes/genesis/lib/js/menu/superfish.js?ver=1.4.8 HTTP/1.1" 200 3083 "http://npcassoc.org/services/help-reinstate-albert-ellis" "Mozilla/5.0 (Windows NT 6.1; rv:5.0) Gecko/20100101 Firefox/5.0"
204.19.0.112 - - [26/Jul/2011:09:34:10 -0500] "GET /wp-content/themes/education/images/favicon.ico HTTP/1.1" 200 1150 "-" "Mozilla/5.0 (Windows NT 6.1; rv:5.0) Gecko/20100101 Firefox/5.0"
204.19.0.112 - - [26/Jul/2011:09:34:10 -0500] "GET /wp-includes/js/jquery/jquery.js?ver=1.4.2 HTTP/1.1" 200 72194 "http://npcassoc.org/services/help-reinstate-albert-ellis" "Mozilla/5.0 (Windows NT 6.1; rv:5.0) Gecko/20100101 Firefox/5.0"
204.19.0.112 - - [26/Jul/2011:09:34:11 -0500] "GET /wp-content/themes/education/images/bg.png HTTP/1.1" 200 223 "http://npcassoc.org/wp-content/themes/education/style.css" "Mozilla/5.0 (Windows NT 6.1; rv:5.0) Gecko/20100101 Firefox/5.0"
204.19.0.112 - - [26/Jul/2011:09:34:11 -0500] "GET /wp-content/themes/education/images/rss.png HTTP/1.1" 200 526 "http://npcassoc.org/wp-content/themes/education/style.css" "Mozilla/5.0 (Windows NT 6.1; rv:5.0) Gecko/20100101 Firefox/5.0"
204.19.0.112 - - [26/Jul/2011:09:34:11 -0500] "GET /wp-content/themes/education/images/nav.png HTTP/1.1" 200 193 "http://npcassoc.org/wp-content/themes/education/style.css" "Mozilla/5.0 (Windows NT 6.1; rv:5.0) Gecko/20100101 Firefox/5.0"
204.19.0.112 - - [26/Jul/2011:09:34:11 -0500] "GET /wp-content/themes/education/images/navline.png HTTP/1.1" 200 117 "http://npcassoc.org/wp-content/themes/education/style.css" "Mozilla/5.0 (Windows NT 6.1; rv:5.0) Gecko/20100101 Firefox/5.0"
204.19.0.112 - - [26/Jul/2011:09:34:11 -0500] "GET /wp-content/themes/education/images/inner.png HTTP/1.1" 200 148 "http://npcassoc.org/wp-content/themes/education/style.css" "Mozilla/5.0 (Windows NT 6.1; rv:5.0) Gecko/20100101 Firefox/5.0"
204.19.0.112 - - [26/Jul/2011:09:34:11 -0500] "GET /wp-content/themes/education/images/content-top.png HTTP/1.1" 200 8240 "http://npcassoc.org/wp-content/themes/education/style.css" "Mozilla/5.0 (Windows NT 6.1; rv:5.0) Gecko/20100101 Firefox/5.0"
204.19.0.112 - - [26/Jul/2011:09:34:11 -0500] "GET /wp-content/themes/education/images/sidebar-top.png HTTP/1.1" 200 3738 "http://npcassoc.org/wp-content/themes/education/style.css" "Mozilla/5.0 (Windows NT 6.1; rv:5.0) Gecko/20100101 Firefox/5.0"
204.19.0.112 - - [26/Jul/2011:09:34:11 -0500] "GET /wp-content/themes/education/images/footer.png HTTP/1.1" 200 118 "http://npcassoc.org/wp-content/themes/education/style.css" "Mozilla/5.0 (Windows NT 6.1; rv:5.0) Gecko/20100101 Firefox/5.0"
204.19.0.112 - - [26/Jul/2011:09:34:11 -0500] "GET /wp-content/themes/education/images/sidebar-list.png HTTP/1.1" 200 393 "http://npcassoc.org/wp-content/themes/education/style.css" "Mozilla/5.0 (Windows NT 6.1; rv:5.0) Gecko/20100101 Firefox/5.0"
204.19.0.112 - - [26/Jul/2011:09:34:11 -0500] "GET /wp-content/themes/education/images/footer-top.png HTTP/1.1" 200 195 "http://npcassoc.org/wp-content/themes/education/style.css" "Mozilla/5.0 (Windows NT 6.1; rv:5.0) Gecko/20100101 Firefox/5.0"
204.19.0.112 - - [26/Jul/2011:09:34:13 -0500] "GET /wp-content/themes/genesis/lib/js/menu/superfish.args.js?ver=1.4.1 HTTP/1.1" 200 339 "http://npcassoc.org/services/help-reinstate-albert-ellis" "Mozilla/5.0 (Windows NT 6.1; rv:5.0) Gecko/20100101 Firefox/5.0"
204.19.0.112 - - [26/Jul/2011:09:34:13 -0500] "GET /wp-content/themes/education/images/arrow-down.png HTTP/1.1" 200 159 "http://npcassoc.org/wp-content/themes/education/style.css" "Mozilla/5.0 (Windows NT 6.1; rv:5.0) Gecko/20100101 Firefox/5.0"
204.19.0.112 - - [26/Jul/2011:09:34:13 -0500] "GET /wp-content/themes/education/images/arrow-right.png HTTP/1.1" 200 163 "http://npcassoc.org/wp-content/themes/education/style.css" "Mozilla/5.0 (Windows NT 6.1; rv:5.0) Gecko/20100101 Firefox/5.0"
66.249.67.132 - - [26/Jul/2011:10:56:51 -0500] "GET /journal/table-of-contents HTTP/1.1" 200 5489 "-" "Mozilla/5.0 (compatible; Googlebot/2.1; +http://www.google.com/bot.html)"
66.249.67.132 - - [26/Jul/2011:11:03:36 -0500] "GET /sitemap.xml.gz HTTP/1.1" 404 5651 "-" "Mozilla/5.0 (compatible; Googlebot/2.1; +http://www.google.com/bot.html)"
75.253.120.191 - - [26/Jul/2011:11:03:41 -0500] "GET / HTTP/1.1" 301 20 "-" "Mozilla/5.0 (iPad; U; CPU OS 4_3_2 like Mac OS X; en-us) AppleWebKit/533.17.9 (KHTML, like Gecko) Version/5.0.2 Mobile/8H8 Safari/6533.18.5"
75.253.120.191 - - [26/Jul/2011:11:03:42 -0500] "GET / HTTP/1.1" 200 6536 "-" "Mozilla/5.0 (iPad; U; CPU OS 4_3_2 like Mac OS X; en-us) AppleWebKit/533.17.9 (KHTML, like Gecko) Version/5.0.2 Mobile/8H8 Safari/6533.18.5"
75.253.120.191 - - [26/Jul/2011:11:03:43 -0500] "GET /wp-content/themes/education/style.css HTTP/1.1" 200 30200 "http://npcassoc.org/" "Mozilla/5.0 (iPad; U; CPU OS 4_3_2 like Mac OS X; en-us) AppleWebKit/533.17.9 (KHTML, like Gecko) Version/5.0.2 Mobile/8H8 Safari/6533.18.5"
75.253.120.191 - - [26/Jul/2011:11:03:43 -0500] "GET /wp-includes/js/jquery/jquery.js?ver=1.4.2 HTTP/1.1" 200 72194 "http://npcassoc.org/" "Mozilla/5.0 (iPad; U; CPU OS 4_3_2 like Mac OS X; en-us) AppleWebKit/533.17.9 (KHTML, like Gecko) Version/5.0.2 Mobile/8H8 Safari/6533.18.5"
75.253.120.191 - - [26/Jul/2011:11:03:46 -0500] "GET /wp-content/themes/genesis/lib/js/menu/superfish.js?ver=1.4.8 HTTP/1.1" 200 3083 "http://npcassoc.org/" "Mozilla/5.0 (iPad; U; CPU OS 4_3_2 like Mac OS X; en-us) AppleWebKit/533.17.9 (KHTML, like Gecko) Version/5.0.2 Mobile/8H8 Safari/6533.18.5"
75.253.120.191 - - [26/Jul/2011:11:03:46 -0500] "GET /wp-content/themes/genesis/lib/js/menu/superfish.args.js?ver=1.4.1 HTTP/1.1" 200 339 "http://npcassoc.org/" "Mozilla/5.0 (iPad; U; CPU OS 4_3_2 like Mac OS X; en-us) AppleWebKit/533.17.9 (KHTML, like Gecko) Version/5.0.2 Mobile/8H8 Safari/6533.18.5"
75.253.120.191 - - [26/Jul/2011:11:03:46 -0500] "GET /wp-content/themes/education/images/bg.png HTTP/1.1" 200 223 "http://npcassoc.org/" "Mozilla/5.0 (iPad; U; CPU OS 4_3_2 like Mac OS X; en-us) AppleWebKit/533.17.9 (KHTML, like Gecko) Version/5.0.2 Mobile/8H8 Safari/6533.18.5"
75.253.120.191 - - [26/Jul/2011:11:03:46 -0500] "GET /wp-content/themes/education/images/inner.png HTTP/1.1" 200 148 "http://npcassoc.org/" "Mozilla/5.0 (iPad; U; CPU OS 4_3_2 like Mac OS X; en-us) AppleWebKit/533.17.9 (KHTML, like Gecko) Version/5.0.2 Mobile/8H8 Safari/6533.18.5"
75.253.120.191 - - [26/Jul/2011:11:03:46 -0500] "GET /wp-content/themes/education/images/nav.png HTTP/1.1" 200 193 "http://npcassoc.org/" "Mozilla/5.0 (iPad; U; CPU OS 4_3_2 like Mac OS X; en-us) AppleWebKit/533.17.9 (KHTML, like Gecko) Version/5.0.2 Mobile/8H8 Safari/6533.18.5"
75.253.120.191 - - [26/Jul/2011:11:03:46 -0500] "GET /wp-content/themes/education/images/content-top.png HTTP/1.1" 200 8240 "http://npcassoc.org/" "Mozilla/5.0 (iPad; U; CPU OS 4_3_2 like Mac OS X; en-us) AppleWebKit/533.17.9 (KHTML, like Gecko) Version/5.0.2 Mobile/8H8 Safari/6533.18.5"
75.253.120.191 - - [26/Jul/2011:11:03:46 -0500] "GET /wp-content/themes/education/images/rss.png HTTP/1.1" 200 526 "http://npcassoc.org/" "Mozilla/5.0 (iPad; U; CPU OS 4_3_2 like Mac OS X; en-us) AppleWebKit/533.17.9 (KHTML, like Gecko) Version/5.0.2 Mobile/8H8 Safari/6533.18.5"
75.253.120.191 - - [26/Jul/2011:11:03:46 -0500] "GET /wp-content/themes/education/images/navline.png HTTP/1.1" 200 117 "http://npcassoc.org/" "Mozilla/5.0 (iPad; U; CPU OS 4_3_2 like Mac OS X; en-us) AppleWebKit/533.17.9 (KHTML, like Gecko) Version/5.0.2 Mobile/8H8 Safari/6533.18.5"
75.253.120.191 - - [26/Jul/2011:11:03:46 -0500] "GET /wp-content/themes/education/images/sidebar-top.png HTTP/1.1" 200 3738 "http://npcassoc.org/" "Mozilla/5.0 (iPad; U; CPU OS 4_3_2 like Mac OS X; en-us) AppleWebKit/533.17.9 (KHTML, like Gecko) Version/5.0.2 Mobile/8H8 Safari/6533.18.5"
75.253.120.191 - - [26/Jul/2011:11:03:47 -0500] "GET /wp-content/themes/education/images/sidebar-list.png HTTP/1.1" 200 393 "http://npcassoc.org/" "Mozilla/5.0 (iPad; U; CPU OS 4_3_2 like Mac OS X; en-us) AppleWebKit/533.17.9 (KHTML, like Gecko) Version/5.0.2 Mobile/8H8 Safari/6533.18.5"
75.253.120.191 - - [26/Jul/2011:11:03:47 -0500] "GET /wp-content/themes/education/images/footer.png HTTP/1.1" 200 118 "http://npcassoc.org/" "Mozilla/5.0 (iPad; U; CPU OS 4_3_2 like Mac OS X; en-us) AppleWebKit/533.17.9 (KHTML, like Gecko) Version/5.0.2 Mobile/8H8 Safari/6533.18.5"
75.253.120.191 - - [26/Jul/2011:11:03:47 -0500] "GET /wp-content/themes/education/images/footer-top.png HTTP/1.1" 200 195 "http://npcassoc.org/" "Mozilla/5.0 (iPad; U; CPU OS 4_3_2 like Mac OS X; en-us) AppleWebKit/533.17.9 (KHTML, like Gecko) Version/5.0.2 Mobile/8H8 Safari/6533.18.5"
75.253.120.191 - - [26/Jul/2011:11:03:47 -0500] "GET /wp-content/themes/education/images/arrow-down.png HTTP/1.1" 200 159 "http://npcassoc.org/" "Mozilla/5.0 (iPad; U; CPU OS 4_3_2 like Mac OS X; en-us) AppleWebKit/533.17.9 (KHTML, like Gecko) Version/5.0.2 Mobile/8H8 Safari/6533.18.5"
75.253.120.191 - - [26/Jul/2011:11:03:47 -0500] "GET /wp-content/themes/education/images/arrow-right.png HTTP/1.1" 200 163 "http://npcassoc.org/" "Mozilla/5.0 (iPad; U; CPU OS 4_3_2 like Mac OS X; en-us) AppleWebKit/533.17.9 (KHTML, like Gecko) Version/5.0.2 Mobile/8H8 Safari/6533.18.5"
75.253.120.191 - - [26/Jul/2011:11:04:08 -0500] "GET /documents HTTP/1.1" 200 5404 "http://npcassoc.org/" "Mozilla/5.0 (iPad; U; CPU OS 4_3_2 like Mac OS X; en-us) AppleWebKit/533.17.9 (KHTML, like Gecko) Version/5.0.2 Mobile/8H8 Safari/6533.18.5"
75.253.120.191 - - [26/Jul/2011:11:04:15 -0500] "GET /application HTTP/1.1" 200 5494 "http://npcassoc.org/documents" "Mozilla/5.0 (iPad; U; CPU OS 4_3_2 like Mac OS X; en-us) AppleWebKit/533.17.9 (KHTML, like Gecko) Version/5.0.2 Mobile/8H8 Safari/6533.18.5"
75.253.120.191 - - [26/Jul/2011:11:04:16 -0500] "GET /wp-includes/js/comment-reply.js?ver=20090102 HTTP/1.1" 200 786 "http://npcassoc.org/application" "Mozilla/5.0 (iPad; U; CPU OS 4_3_2 like Mac OS X; en-us) AppleWebKit/533.17.9 (KHTML, like Gecko) Version/5.0.2 Mobile/8H8 Safari/6533.18.5"
75.253.120.191 - - [26/Jul/2011:11:04:27 -0500] "GET /documents HTTP/1.1" 200 5405 "http://npcassoc.org/application" "Mozilla/5.0 (iPad; U; CPU OS 4_3_2 like Mac OS X; en-us) AppleWebKit/533.17.9 (KHTML, like Gecko) Version/5.0.2 Mobile/8H8 Safari/6533.18.5"
75.253.120.191 - - [26/Jul/2011:11:04:28 -0500] "GET /wp-content/themes/genesis/lib/js/menu/superfish.args.js?ver=1.4.1 HTTP/1.1" 200 339 "http://npcassoc.org/documents" "Mozilla/5.0 (iPad; U; CPU OS 4_3_2 like Mac OS X; en-us) AppleWebKit/533.17.9 (KHTML, like Gecko) Version/5.0.2 Mobile/8H8 Safari/6533.18.5"
75.253.120.191 - - [26/Jul/2011:11:04:32 -0500] "GET /docs/WhatisPC.pdf HTTP/1.1" 200 954238 "http://npcassoc.org/documents" "Mozilla/5.0 (iPad; U; CPU OS 4_3_2 like Mac OS X; en-us) AppleWebKit/533.17.9 (KHTML, like Gecko) Version/5.0.2 Mobile/8H8 Safari/6533.18.5"
74.125.92.84 - - [26/Jul/2011:12:35:18 -0500] "GET /googlehostedservice.html HTTP/1.1" 301 - "-" "Jakarta Commons-HttpClient/3.1"
74.125.92.84 - - [26/Jul/2011:12:35:18 -0500] "GET /googlehostedservice.html HTTP/1.1" 404 33457 "-" "Jakarta Commons-HttpClient/3.1"
184.106.111.192 - - [26/Jul/2011:14:04:26 -0500] "POST /wp-cron.php?doing_wp_cron HTTP/1.0" 200 - "-" "WordPress/3.0.4; http://npcassoc.org"
66.249.67.132 - - [26/Jul/2011:14:04:25 -0500] "GET /stylesheets/ HTTP/1.1" 404 5651 "-" "Mozilla/5.0 (compatible; Googlebot/2.1; +http://www.google.com/bot.html)"
66.249.67.132 - - [26/Jul/2011:15:42:51 -0500] "GET /robots.txt HTTP/1.1" 200 85 "-" "Mozilla/5.0 (compatible; Googlebot/2.1; +http://www.google.com/bot.html)"
66.249.67.132 - - [26/Jul/2011:15:42:53 -0500] "GET /sitemap.xml.gz HTTP/1.1" 404 5651 "-" "Mozilla/5.0 (compatible; Googlebot/2.1; +http://www.google.com/bot.html)"
119.63.196.53 - - [26/Jul/2011:18:56:57 -0500] "GET /1_hello-world.html/feed HTTP/1.1" 200 401 "-" "Mozilla/5.0 (compatible; Baiduspider/2.0; +http://www.baidu.com/search/spider.html)"
74.125.92.81 - - [26/Jul/2011:19:55:37 -0500] "GET /googlehostedservice.html HTTP/1.1" 301 - "-" "Jakarta Commons-HttpClient/3.1"
74.125.92.81 - - [26/Jul/2011:19:55:36 -0500] "GET /googlehostedservice.html HTTP/1.1" 404 33457 "-" "Jakarta Commons-HttpClient/3.1"
119.63.196.80 - - [26/Jul/2011:20:02:13 -0500] "GET /cat/uncategorized HTTP/1.1" 200 5573 "-" "Mozilla/5.0 (compatible; Baiduspider/2.0; +http://www.baidu.com/search/spider.html)"
119.63.196.112 - - [26/Jul/2011:21:07:44 -0500] "GET /author/aspcp/ HTTP/1.1" 301 20 "-" "Mozilla/5.0 (compatible; Baiduspider/2.0; +http://www.baidu.com/search/spider.html)"
119.63.196.106 - - [26/Jul/2011:21:07:45 -0500] "GET /author/aspcp HTTP/1.1" 200 5577 "-" "Mozilla/5.0 (compatible; Baiduspider/2.0; +http://www.baidu.com/search/spider.html)"
119.63.196.56 - - [27/Jul/2011:00:28:23 -0500] "GET / HTTP/1.1" 200 6537 "-" "Mozilla/5.0 (compatible; Baiduspider/2.0; +http://www.baidu.com/search/spider.html)"
184.106.111.192 - - [27/Jul/2011:04:07:24 -0500] "POST /wp-cron.php?doing_wp_cron HTTP/1.0" 200 - "-" "WordPress/3.0.4; http://npcassoc.org"
184.106.111.192 - - [27/Jul/2011:04:07:24 -0500] "POST /wp-cron.php?doing_wp_cron HTTP/1.0" 200 - "-" "WordPress/3.0.4; http://npcassoc.org"
74.125.92.87 - - [27/Jul/2011:04:07:23 -0500] "GET /googlehostedservice.html HTTP/1.1" 301 - "-" "Jakarta Commons-HttpClient/3.1"
74.125.90.86 - - [27/Jul/2011:04:07:23 -0500] "GET /googlehostedservice.html HTTP/1.1" 404 33457 "-" "Jakarta Commons-HttpClient/3.1"
66.249.67.132 - - [27/Jul/2011:06:41:57 -0500] "GET /journal/ijpp-profile HTTP/1.1" 200 6748 "-" "Mozilla/5.0 (compatible; Googlebot/2.1; +http://www.google.com/bot.html)"
66.249.67.132 - - [27/Jul/2011:07:11:51 -0500] "GET /docs/ijpp/CohenTeeth.pdf HTTP/1.1" 304 - "-" "Mozilla/5.0 (compatible; Googlebot/2.1; +http://www.google.com/bot.html)"
66.249.67.132 - - [27/Jul/2011:07:17:50 -0500] "GET /docs/WhatisPC.pdf HTTP/1.1" 304 - "-" "Mozilla/5.0 (compatible; Googlebot/2.1; +http://www.google.com/bot.html)"
66.249.67.132 - - [27/Jul/2011:07:27:48 -0500] "GET /docs/ASPCP2000.pdf HTTP/1.1" 304 - "-" "Mozilla/5.0 (compatible; Googlebot/2.1; +http://www.google.com/bot.html)"
66.249.67.132 - - [27/Jul/2011:07:41:46 -0500] "GET /docs/ijpp/ABSOLUTE_NONSENSE2V2N4.pdf HTTP/1.1" 304 - "-" "Mozilla/5.0 (compatible; Googlebot/2.1; +http://www.google.com/bot.html)"
220.181.108.175 - - [27/Jul/2011:08:30:26 -0500] "GET /robots.txt HTTP/1.1" 200 85 "-" "Baiduspider+(+http://www.baidu.com/search/spider.htm)"
66.249.67.132 - - [27/Jul/2011:08:31:37 -0500] "GET /docs/Policy.pdf HTTP/1.1" 304 - "-" "Mozilla/5.0 (compatible; Googlebot/2.1; +http://www.google.com/bot.html)"
66.249.67.132 - - [27/Jul/2011:10:08:21 -0500] "GET /docs/ijpp/Cohen_on_the_Metaphysics_of_Logic-Based_TherapyV3N1.pdf HTTP/1.1" 304 - "-" "Mozilla/5.0 (compatible; Googlebot/2.1; +http://www.google.com/bot.html)"
66.249.67.132 - - [27/Jul/2011:10:39:16 -0500] "GET /docs/ijpp/From_Muthos_to_Logos_revised_2V3N1.pdf HTTP/1.1" 304 - "-" "Mozilla/5.0 (compatible; Googlebot/2.1; +http://www.google.com/bot.html)"
66.249.67.132 - - [27/Jul/2011:10:48:42 -0500] "GET /docs/ijpp/Janice_Staab_and_Philosophical_CoachingV2N4.pdf HTTP/1.1" 304 - "-" "Mozilla/5.0 (compatible; Googlebot/2.1; +http://www.google.com/bot.html)"
66.249.67.132 - - [27/Jul/2011:11:05:42 -0500] "GET /docs/ijpp/Zinaich.pdf HTTP/1.1" 304 - "-" "Mozilla/5.0 (compatible; Googlebot/2.1; +http://www.google.com/bot.html)"
66.249.67.132 - - [27/Jul/2011:11:22:41 -0500] "GET /docs/ijpp/FraserLove.pdf HTTP/1.1" 304 - "-" "Mozilla/5.0 (compatible; Googlebot/2.1; +http://www.google.com/bot.html)"
66.249.68.230 - - [27/Jul/2011:11:37:48 -0500] "GET /robots.txt HTTP/1.1" 200 85 "-" "Mozilla/5.0 (compatible; Googlebot/2.1; +http://www.google.com/bot.html)"
66.249.68.230 - - [27/Jul/2011:11:37:49 -0500] "GET /log/ HTTP/1.1" 200 539 "-" "Mozilla/5.0 (compatible; Googlebot/2.1; +http://www.google.com/bot.html)"
66.249.67.134 - - [27/Jul/2011:12:03:06 -0500] "GET /robots.txt HTTP/1.1" 200 85 "-" "Mozilla/5.0 (compatible; Googlebot/2.1; +http://www.google.com/bot.html)"
66.249.67.134 - - [27/Jul/2011:12:03:07 -0500] "GET / HTTP/1.1" 301 20 "-" "Mozilla/5.0 (compatible; Googlebot/2.1; +http://www.google.com/bot.html)"
66.249.67.132 - - [27/Jul/2011:12:03:08 -0500] "GET / HTTP/1.1" 200 6538 "-" "Mozilla/5.0 (compatible; Googlebot/2.1; +http://www.google.com/bot.html)"
66.249.67.132 - - [27/Jul/2011:12:23:10 -0500] "GET /docs/ijpp/Marshall.pdf HTTP/1.1" 304 - "-" "Mozilla/5.0 (compatible; Googlebot/2.1; +http://www.google.com/bot.html)"
66.249.67.132 - - [27/Jul/2011:12:37:57 -0500] "GET /docs/ijpp/morstein.pdf HTTP/1.1" 304 - "-" "Mozilla/5.0 (compatible; Googlebot/2.1; +http://www.google.com/bot.html)"
66.249.67.132 - - [27/Jul/2011:12:49:02 -0500] "GET /robots.txt HTTP/1.1" 200 85 "-" "Mozilla/5.0 (compatible; Googlebot/2.1; +http://www.google.com/bot.html)"
66.249.67.132 - - [27/Jul/2011:12:49:04 -0500] "GET /docs/ijpp/Comments_on_Absolute_NonsenseV2N4.pdf HTTP/1.1" 304 - "-" "Mozilla/5.0 (compatible; Googlebot/2.1; +http://www.google.com/bot.html)"
184.106.111.192 - - [27/Jul/2011:12:49:03 -0500] "POST /wp-cron.php?doing_wp_cron HTTP/1.0" 200 - "-" "WordPress/3.0.4; http://npcassoc.org"
74.125.90.86 - - [27/Jul/2011:12:57:25 -0500] "GET /googlehostedservice.html HTTP/1.1" 301 - "-" "Jakarta Commons-HttpClient/3.1"
66.249.67.148 - - [27/Jul/2011:14:26:21 -0500] "GET /robots.txt HTTP/1.1" 200 85 "-" "Mozilla/5.0 (compatible; Googlebot/2.1; +http://www.google.com/bot.html)"
66.249.67.148 - - [27/Jul/2011:14:26:22 -0500] "GET / HTTP/1.1" 200 6537 "-" "Mozilla/5.0 (compatible; Googlebot/2.1; +http://www.google.com/bot.html)"
66.249.67.132 - - [27/Jul/2011:14:47:24 -0500] "GET /docs/ijpp/Marshall.pdf HTTP/1.1" 304 - "-" "Mozilla/5.0 (compatible; Googlebot/2.1; +http://www.google.com/bot.html)"
119.63.196.27 - - [27/Jul/2011:14:48:32 -0500] "GET /1_hello-world.html/feed HTTP/1.1" 200 401 "-" "Mozilla/5.0 (compatible; Baiduspider/2.0; +http://www.baidu.com/search/spider.html)"
66.249.67.132 - - [27/Jul/2011:14:58:43 -0500] "GET /docs/ijpp/Comments_on_Absolute_NonsenseV2N4.pdf HTTP/1.1" 304 - "-" "Mozilla/5.0 (compatible; Googlebot/2.1; +http://www.google.com/bot.html)"
119.63.196.21 - - [27/Jul/2011:15:39:07 -0500] "GET /cat/uncategorized HTTP/1.1" 200 5574 "-" "Mozilla/5.0 (compatible; Baiduspider/2.0; +http://www.baidu.com/search/spider.html)"
66.249.67.132 - - [27/Jul/2011:15:44:00 -0500] "GET /docs/ijpp/morstein.pdf HTTP/1.1" 304 - "-" "Mozilla/5.0 (compatible; Googlebot/2.1; +http://www.google.com/bot.html)"
66.249.67.132 - - [27/Jul/2011:16:03:24 -0500] "GET /journal HTTP/1.1" 200 6625 "-" "Mozilla/5.0 (compatible; Googlebot/2.1; +http://www.google.com/bot.html)"
66.249.68.230 - - [27/Jul/2011:18:42:04 -0500] "GET / HTTP/1.1" 200 6538 "-" "Mozilla/5.0 (compatible; Googlebot/2.1; +http://www.google.com/bot.html)"
74.125.92.84 - - [27/Jul/2011:20:05:20 -0500] "GET /googlehostedservice.html HTTP/1.1" 301 - "-" "Jakarta Commons-HttpClient/3.1"
74.125.90.81 - - [27/Jul/2011:20:05:19 -0500] "GET /googlehostedservice.html HTTP/1.1" 404 33457 "-" "Jakarta Commons-HttpClient/3.1"
99.42.212.9 - - [28/Jul/2011:00:38:35 -0500] "GET / HTTP/1.1" 200 6537 "http://www.google.com/url?sa=t&source=web&cd=1&ved=0CBcQFjAA&url=http%3A%2F%2Fnationalphilosophicalcounselingassociation.org%2F&rct=j&q=nationalphilosophicalcounselingassociation.org&ei=1vUwTvfsPKPl0QHyxfnrCw&usg=AFQjCNFch4pTs_aWoa2_VD8JY3SxflFjEw&sig2=y9h6Q4ahSWkatwaZ32MQoQ" "Mozilla/5.0 (Windows NT 6.1; WOW64) AppleWebKit/534.30 (KHTML, like Gecko) Chrome/12.0.742.122 Safari/534.30"
99.42.212.9 - - [28/Jul/2011:00:38:37 -0500] "GET /wp-content/themes/genesis/lib/js/menu/superfish.js?ver=1.4.8 HTTP/1.1" 200 3083 "http://nationalphilosophicalcounselingassociation.org/" "Mozilla/5.0 (Windows NT 6.1; WOW64) AppleWebKit/534.30 (KHTML, like Gecko) Chrome/12.0.742.122 Safari/534.30"
99.42.212.9 - - [28/Jul/2011:00:38:37 -0500] "GET /wp-content/themes/genesis/lib/js/menu/superfish.args.js?ver=1.4.1 HTTP/1.1" 200 339 "http://nationalphilosophicalcounselingassociation.org/" "Mozilla/5.0 (Windows NT 6.1; WOW64) AppleWebKit/534.30 (KHTML, like Gecko) Chrome/12.0.742.122 Safari/534.30"
99.42.212.9 - - [28/Jul/2011:00:38:37 -0500] "GET /wp-content/themes/education/style.css HTTP/1.1" 200 30200 "http://nationalphilosophicalcounselingassociation.org/" "Mozilla/5.0 (Windows NT 6.1; WOW64) AppleWebKit/534.30 (KHTML, like Gecko) Chrome/12.0.742.122 Safari/534.30"
99.42.212.9 - - [28/Jul/2011:00:38:37 -0500] "GET /wp-includes/js/jquery/jquery.js?ver=1.4.2 HTTP/1.1" 200 72194 "http://nationalphilosophicalcounselingassociation.org/" "Mozilla/5.0 (Windows NT 6.1; WOW64) AppleWebKit/534.30 (KHTML, like Gecko) Chrome/12.0.742.122 Safari/534.30"
99.42.212.9 - - [28/Jul/2011:00:38:38 -0500] "GET /wp-content/themes/education/images/bg.png HTTP/1.1" 200 223 "http://nationalphilosophicalcounselingassociation.org/" "Mozilla/5.0 (Windows NT 6.1; WOW64) AppleWebKit/534.30 (KHTML, like Gecko) Chrome/12.0.742.122 Safari/534.30"
99.42.212.9 - - [28/Jul/2011:00:38:38 -0500] "GET /wp-content/themes/education/images/rss.png HTTP/1.1" 200 526 "http://nationalphilosophicalcounselingassociation.org/" "Mozilla/5.0 (Windows NT 6.1; WOW64) AppleWebKit/534.30 (KHTML, like Gecko) Chrome/12.0.742.122 Safari/534.30"
99.42.212.9 - - [28/Jul/2011:00:38:38 -0500] "GET /wp-content/themes/education/images/nav.png HTTP/1.1" 200 193 "http://nationalphilosophicalcounselingassociation.org/" "Mozilla/5.0 (Windows NT 6.1; WOW64) AppleWebKit/534.30 (KHTML, like Gecko) Chrome/12.0.742.122 Safari/534.30"
99.42.212.9 - - [28/Jul/2011:00:38:38 -0500] "GET /wp-content/themes/education/images/navline.png HTTP/1.1" 200 117 "http://nationalphilosophicalcounselingassociation.org/" "Mozilla/5.0 (Windows NT 6.1; WOW64) AppleWebKit/534.30 (KHTML, like Gecko) Chrome/12.0.742.122 Safari/534.30"
99.42.212.9 - - [28/Jul/2011:00:38:38 -0500] "GET /wp-content/themes/education/images/inner.png HTTP/1.1" 200 148 "http://nationalphilosophicalcounselingassociation.org/" "Mozilla/5.0 (Windows NT 6.1; WOW64) AppleWebKit/534.30 (KHTML, like Gecko) Chrome/12.0.742.122 Safari/534.30"
99.42.212.9 - - [28/Jul/2011:00:38:38 -0500] "GET /wp-content/themes/education/images/content-top.png HTTP/1.1" 200 8240 "http://nationalphilosophicalcounselingassociation.org/" "Mozilla/5.0 (Windows NT 6.1; WOW64) AppleWebKit/534.30 (KHTML, like Gecko) Chrome/12.0.742.122 Safari/534.30"
99.42.212.9 - - [28/Jul/2011:00:38:38 -0500] "GET /wp-content/themes/education/images/sidebar-top.png HTTP/1.1" 200 3738 "http://nationalphilosophicalcounselingassociation.org/" "Mozilla/5.0 (Windows NT 6.1; WOW64) AppleWebKit/534.30 (KHTML, like Gecko) Chrome/12.0.742.122 Safari/534.30"
99.42.212.9 - - [28/Jul/2011:00:38:38 -0500] "GET /wp-content/themes/education/images/sidebar-list.png HTTP/1.1" 200 393 "http://nationalphilosophicalcounselingassociation.org/" "Mozilla/5.0 (Windows NT 6.1; WOW64) AppleWebKit/534.30 (KHTML, like Gecko) Chrome/12.0.742.122 Safari/534.30"
99.42.212.9 - - [28/Jul/2011:00:38:38 -0500] "GET /wp-content/themes/education/images/footer.png HTTP/1.1" 200 118 "http://nationalphilosophicalcounselingassociation.org/" "Mozilla/5.0 (Windows NT 6.1; WOW64) AppleWebKit/534.30 (KHTML, like Gecko) Chrome/12.0.742.122 Safari/534.30"
99.42.212.9 - - [28/Jul/2011:00:38:38 -0500] "GET /wp-content/themes/education/images/footer-top.png HTTP/1.1" 200 195 "http://nationalphilosophicalcounselingassociation.org/" "Mozilla/5.0 (Windows NT 6.1; WOW64) AppleWebKit/534.30 (KHTML, like Gecko) Chrome/12.0.742.122 Safari/534.30"
99.42.212.9 - - [28/Jul/2011:00:38:38 -0500] "GET /wp-content/themes/education/images/arrow-down.png HTTP/1.1" 200 159 "http://nationalphilosophicalcounselingassociation.org/" "Mozilla/5.0 (Windows NT 6.1; WOW64) AppleWebKit/534.30 (KHTML, like Gecko) Chrome/12.0.742.122 Safari/534.30"
99.42.212.9 - - [28/Jul/2011:00:38:38 -0500] "GET /wp-content/themes/education/images/arrow-right.png HTTP/1.1" 200 163 "http://nationalphilosophicalcounselingassociation.org/" "Mozilla/5.0 (Windows NT 6.1; WOW64) AppleWebKit/534.30 (KHTML, like Gecko) Chrome/12.0.742.122 Safari/534.30"
99.42.212.9 - - [28/Jul/2011:00:38:39 -0500] "GET /wp-content/themes/education/images/favicon.ico HTTP/1.1" 200 1150 "-" "Mozilla/5.0 (Windows NT 6.1; WOW64) AppleWebKit/534.30 (KHTML, like Gecko) Chrome/12.0.742.122 Safari/534.30"
99.42.212.9 - - [28/Jul/2011:00:39:27 -0500] "GET /wp-content/themes/education/images/navhov.png HTTP/1.1" 200 161 "http://nationalphilosophicalcounselingassociation.org/" "Mozilla/5.0 (Windows NT 6.1; WOW64) AppleWebKit/534.30 (KHTML, like Gecko) Chrome/12.0.742.122 Safari/534.30"
99.42.212.9 - - [28/Jul/2011:00:39:54 -0500] "GET /journal/editors HTTP/1.1" 200 6344 "http://nationalphilosophicalcounselingassociation.org/" "Mozilla/5.0 (Windows NT 6.1; WOW64) AppleWebKit/534.30 (KHTML, like Gecko) Chrome/12.0.742.122 Safari/534.30"
99.42.212.9 - - [28/Jul/2011:00:39:55 -0500] "GET /wp-includes/js/comment-reply.js?ver=20090102 HTTP/1.1" 200 786 "http://npcassoc.org/journal/editors" "Mozilla/5.0 (Windows NT 6.1; WOW64) AppleWebKit/534.30 (KHTML, like Gecko) Chrome/12.0.742.122 Safari/534.30"
99.42.212.9 - - [28/Jul/2011:00:40:58 -0500] "GET /people HTTP/1.1" 200 5316 "http://npcassoc.org/journal/editors" "Mozilla/5.0 (Windows NT 6.1; WOW64) AppleWebKit/534.30 (KHTML, like Gecko) Chrome/12.0.742.122 Safari/534.30"
99.42.212.9 - - [28/Jul/2011:00:43:23 -0500] "GET /services/conferences HTTP/1.1" 200 5857 "http://npcassoc.org/people" "Mozilla/5.0 (Windows NT 6.1; WOW64) AppleWebKit/534.30 (KHTML, like Gecko) Chrome/12.0.742.122 Safari/534.30"
99.42.212.9 - - [28/Jul/2011:00:43:52 -0500] "GET /journal/call-for-papers HTTP/1.1" 200 5763 "http://npcassoc.org/services/conferences" "Mozilla/5.0 (Windows NT 6.1; WOW64) AppleWebKit/534.30 (KHTML, like Gecko) Chrome/12.0.742.122 Safari/534.30"
99.42.212.9 - - [28/Jul/2011:00:43:52 -0500] "GET /journal/call-for-papers HTTP/1.1" 200 5763 "http://npcassoc.org/services/conferences" "Mozilla/5.0 (Windows NT 6.1; WOW64) AppleWebKit/534.30 (KHTML, like Gecko) Chrome/12.0.742.122 Safari/534.30"
99.42.212.9 - - [28/Jul/2011:00:45:31 -0500] "GET /journal/call-for-papers HTTP/1.1" 200 5763 "http://npcassoc.org/services/conferences" "Mozilla/5.0 (Windows NT 6.1; WOW64) AppleWebKit/534.30 (KHTML, like Gecko) Chrome/12.0.742.122 Safari/534.30"
184.106.111.192 - - [28/Jul/2011:00:45:31 -0500] "POST /wp-cron.php?doing_wp_cron HTTP/1.0" 200 - "-" "WordPress/3.0.4; http://npcassoc.org"
38.99.82.205 - - [28/Jul/2011:03:30:19 -0500] "GET /robots.txt HTTP/1.1" 200 85 "-" "Mozilla/5.0"
38.99.82.205 - - [28/Jul/2011:03:30:21 -0500] "GET / HTTP/1.1" 200 6538 "-" "Mozilla/5.0 (X11; U; Linux x86_64; en-US) AppleWebKit/533.3 (KHTML, like Gecko) Qt/4.7.1 Safari/533.3"
38.99.82.205 - - [28/Jul/2011:03:30:23 -0500] "GET /wp-content/themes/education/style.css HTTP/1.1" 200 30200 "http://npcassoc.org/" "Mozilla/5.0 (X11; U; Linux x86_64; en-US) AppleWebKit/533.3 (KHTML, like Gecko) Qt/4.7.1 Safari/533.3"
38.99.82.205 - - [28/Jul/2011:03:30:23 -0500] "GET /wp-includes/js/jquery/jquery.js?ver=1.4.2 HTTP/1.1" 200 72194 "http://npcassoc.org/" "Mozilla/5.0 (X11; U; Linux x86_64; en-US) AppleWebKit/533.3 (KHTML, like Gecko) Qt/4.7.1 Safari/533.3"
